<!doctype html public "-//w3c//dtd html 4.0 transitional//en">
<html><head>
<title>Static Call Graph - [MDK\MDK.axf]</title></head>
<body><HR>
<H1>Static Call Graph for image MDK\MDK.axf</H1><HR>
<BR><P>#&#060CALLGRAPH&#062# ARM Linker, 5060750: Last Updated: Wed Dec 18 12:20:11 2019
<BR><P>
<H3>Maximum Stack Usage =        776 bytes + Unknown(Cycles, Untraceable Function Pointers)</H3><H3>
Call chain for Maximum Stack Depth:</H3>
main &rArr; FATFS_Init &rArr; Restor_Context &rArr; f_opendir &rArr; follow_path &rArr; dir_find &rArr; dir_read &rArr; load_xdir &rArr; dir_next &rArr; create_chain &rArr; fill_last_frag &rArr; put_fat &rArr; move_window &rArr; sync_window &rArr; disk_write
<P>
<H3>
Mutually Recursive functions
</H3> <LI><a href="#[40]">ADC1_2_IRQHandler</a>&nbsp;&nbsp;&nbsp;&rArr;&nbsp;&nbsp;&nbsp;<a href="#[40]">ADC1_2_IRQHandler</a><BR>
 <LI><a href="#[29]">UsageFault_Handler</a>&nbsp;&nbsp;&nbsp;&rArr;&nbsp;&nbsp;&nbsp;<a href="#[29]">UsageFault_Handler</a><BR>
</UL>
<P>
<H3>
Function Pointers
</H3><UL>
 <LI><a href="#[40]">ADC1_2_IRQHandler</a> from startup_stm32l4a6xx.o(.text) referenced from startup_stm32l4a6xx.o(RESET)
 <LI><a href="#[5d]">ADC3_IRQHandler</a> from startup_stm32l4a6xx.o(.text) referenced from startup_stm32l4a6xx.o(RESET)
 <LI><a href="#[7d]">AES_IRQHandler</a> from startup_stm32l4a6xx.o(.text) referenced from startup_stm32l4a6xx.o(RESET)
 <LI><a href="#[a9]">BSP_GetTick</a> from spi_bus.o(i.BSP_GetTick) referenced from hci_tl_interface.o(i.hci_tl_lowlevel_init)
 <LI><a href="#[28]">BusFault_Handler</a> from stm32l4xx_it.o(i.BusFault_Handler) referenced from startup_stm32l4a6xx.o(RESET)
 <LI><a href="#[42]">CAN1_RX0_IRQHandler</a> from startup_stm32l4a6xx.o(.text) referenced from startup_stm32l4a6xx.o(RESET)
 <LI><a href="#[43]">CAN1_RX1_IRQHandler</a> from startup_stm32l4a6xx.o(.text) referenced from startup_stm32l4a6xx.o(RESET)
 <LI><a href="#[44]">CAN1_SCE_IRQHandler</a> from startup_stm32l4a6xx.o(.text) referenced from startup_stm32l4a6xx.o(RESET)
 <LI><a href="#[41]">CAN1_TX_IRQHandler</a> from startup_stm32l4a6xx.o(.text) referenced from startup_stm32l4a6xx.o(RESET)
 <LI><a href="#[85]">CAN2_RX0_IRQHandler</a> from startup_stm32l4a6xx.o(.text) referenced from startup_stm32l4a6xx.o(RESET)
 <LI><a href="#[86]">CAN2_RX1_IRQHandler</a> from startup_stm32l4a6xx.o(.text) referenced from startup_stm32l4a6xx.o(RESET)
 <LI><a href="#[87]">CAN2_SCE_IRQHandler</a> from startup_stm32l4a6xx.o(.text) referenced from startup_stm32l4a6xx.o(RESET)
 <LI><a href="#[84]">CAN2_TX_IRQHandler</a> from startup_stm32l4a6xx.o(.text) referenced from startup_stm32l4a6xx.o(RESET)
 <LI><a href="#[6e]">COMP_IRQHandler</a> from startup_stm32l4a6xx.o(.text) referenced from startup_stm32l4a6xx.o(RESET)
 <LI><a href="#[80]">CRS_IRQHandler</a> from startup_stm32l4a6xx.o(.text) referenced from startup_stm32l4a6xx.o(RESET)
 <LI><a href="#[83]">DCMI_IRQHandler</a> from startup_stm32l4a6xx.o(.text) referenced from startup_stm32l4a6xx.o(RESET)
 <LI><a href="#[6b]">DFSDM1_FLT0_IRQHandler</a> from startup_stm32l4a6xx.o(.text) referenced from startup_stm32l4a6xx.o(RESET)
 <LI><a href="#[6c]">DFSDM1_FLT1_IRQHandler</a> from startup_stm32l4a6xx.o(.text) referenced from startup_stm32l4a6xx.o(RESET)
 <LI><a href="#[6d]">DFSDM1_FLT2_IRQHandler</a> from startup_stm32l4a6xx.o(.text) referenced from startup_stm32l4a6xx.o(RESET)
 <LI><a href="#[58]">DFSDM1_FLT3_IRQHandler</a> from startup_stm32l4a6xx.o(.text) referenced from startup_stm32l4a6xx.o(RESET)
 <LI><a href="#[8d]">DFSDM_DMAError</a> from stm32l4xx_hal_dfsdm.o(i.DFSDM_DMAError) referenced from stm32l4xx_hal_dfsdm.o(i.HAL_DFSDM_FilterRegularStart_DMA)
 <LI><a href="#[8c]">DFSDM_DMARegularConvCplt</a> from stm32l4xx_hal_dfsdm.o(i.DFSDM_DMARegularConvCplt) referenced from stm32l4xx_hal_dfsdm.o(i.HAL_DFSDM_FilterRegularStart_DMA)
 <LI><a href="#[8e]">DFSDM_DMARegularHalfConvCplt</a> from stm32l4xx_hal_dfsdm.o(i.DFSDM_DMARegularHalfConvCplt) referenced from stm32l4xx_hal_dfsdm.o(i.HAL_DFSDM_FilterRegularStart_DMA)
 <LI><a href="#[39]">DMA1_Channel1_IRQHandler</a> from startup_stm32l4a6xx.o(.text) referenced from startup_stm32l4a6xx.o(RESET)
 <LI><a href="#[3a]">DMA1_Channel2_IRQHandler</a> from startup_stm32l4a6xx.o(.text) referenced from startup_stm32l4a6xx.o(RESET)
 <LI><a href="#[3b]">DMA1_Channel3_IRQHandler</a> from startup_stm32l4a6xx.o(.text) referenced from startup_stm32l4a6xx.o(RESET)
 <LI><a href="#[3c]">DMA1_Channel4_IRQHandler</a> from stm32l4xx_it.o(i.DMA1_Channel4_IRQHandler) referenced from startup_stm32l4a6xx.o(RESET)
 <LI><a href="#[3d]">DMA1_Channel5_IRQHandler</a> from stm32l4xx_it.o(i.DMA1_Channel5_IRQHandler) referenced from startup_stm32l4a6xx.o(RESET)
 <LI><a href="#[3e]">DMA1_Channel6_IRQHandler</a> from stm32l4xx_it.o(i.DMA1_Channel6_IRQHandler) referenced from startup_stm32l4a6xx.o(RESET)
 <LI><a href="#[3f]">DMA1_Channel7_IRQHandler</a> from stm32l4xx_it.o(i.DMA1_Channel7_IRQHandler) referenced from startup_stm32l4a6xx.o(RESET)
 <LI><a href="#[88]">DMA2D_IRQHandler</a> from startup_stm32l4a6xx.o(.text) referenced from startup_stm32l4a6xx.o(RESET)
 <LI><a href="#[66]">DMA2_Channel1_IRQHandler</a> from stm32l4xx_it.o(i.DMA2_Channel1_IRQHandler) referenced from startup_stm32l4a6xx.o(RESET)
 <LI><a href="#[67]">DMA2_Channel2_IRQHandler</a> from startup_stm32l4a6xx.o(.text) referenced from startup_stm32l4a6xx.o(RESET)
 <LI><a href="#[68]">DMA2_Channel3_IRQHandler</a> from startup_stm32l4a6xx.o(.text) referenced from startup_stm32l4a6xx.o(RESET)
 <LI><a href="#[69]">DMA2_Channel4_IRQHandler</a> from startup_stm32l4a6xx.o(.text) referenced from startup_stm32l4a6xx.o(RESET)
 <LI><a href="#[6a]">DMA2_Channel5_IRQHandler</a> from stm32l4xx_it.o(i.DMA2_Channel5_IRQHandler) referenced from startup_stm32l4a6xx.o(RESET)
 <LI><a href="#[72]">DMA2_Channel6_IRQHandler</a> from startup_stm32l4a6xx.o(.text) referenced from startup_stm32l4a6xx.o(RESET)
 <LI><a href="#[73]">DMA2_Channel7_IRQHandler</a> from startup_stm32l4a6xx.o(.text) referenced from startup_stm32l4a6xx.o(RESET)
 <LI><a href="#[2b]">DebugMon_Handler</a> from stm32l4xx_it.o(i.DebugMon_Handler) referenced from startup_stm32l4a6xx.o(RESET)
 <LI><a href="#[34]">EXTI0_IRQHandler</a> from stm32l4xx_it.o(i.EXTI0_IRQHandler) referenced from startup_stm32l4a6xx.o(RESET)
 <LI><a href="#[56]">EXTI15_10_IRQHandler</a> from stm32l4xx_it.o(i.EXTI15_10_IRQHandler) referenced from startup_stm32l4a6xx.o(RESET)
 <LI><a href="#[35]">EXTI1_IRQHandler</a> from startup_stm32l4a6xx.o(.text) referenced from startup_stm32l4a6xx.o(RESET)
 <LI><a href="#[36]">EXTI2_IRQHandler</a> from stm32l4xx_it.o(i.EXTI2_IRQHandler) referenced from startup_stm32l4a6xx.o(RESET)
 <LI><a href="#[37]">EXTI3_IRQHandler</a> from stm32l4xx_it.o(i.EXTI3_IRQHandler) referenced from startup_stm32l4a6xx.o(RESET)
 <LI><a href="#[38]">EXTI4_IRQHandler</a> from stm32l4xx_it.o(i.EXTI4_IRQHandler) referenced from startup_stm32l4a6xx.o(RESET)
 <LI><a href="#[45]">EXTI9_5_IRQHandler</a> from stm32l4xx_it.o(i.EXTI9_5_IRQHandler) referenced from startup_stm32l4a6xx.o(RESET)
 <LI><a href="#[32]">FLASH_IRQHandler</a> from startup_stm32l4a6xx.o(.text) referenced from startup_stm32l4a6xx.o(RESET)
 <LI><a href="#[5e]">FMC_IRQHandler</a> from startup_stm32l4a6xx.o(.text) referenced from startup_stm32l4a6xx.o(RESET)
 <LI><a href="#[7f]">FPU_IRQHandler</a> from startup_stm32l4a6xx.o(.text) referenced from startup_stm32l4a6xx.o(RESET)
 <LI><a href="#[7e]">HASH_RNG_IRQHandler</a> from startup_stm32l4a6xx.o(.text) referenced from startup_stm32l4a6xx.o(RESET)
 <LI><a href="#[a5]">HCI_TL_SPI_DeInit</a> from hci_tl_interface.o(i.HCI_TL_SPI_DeInit) referenced from hci_tl_interface.o(i.hci_tl_lowlevel_init)
 <LI><a href="#[a4]">HCI_TL_SPI_Init</a> from hci_tl_interface.o(i.HCI_TL_SPI_Init) referenced from hci_tl_interface.o(i.hci_tl_lowlevel_init)
 <LI><a href="#[a7]">HCI_TL_SPI_Receive</a> from hci_tl_interface.o(i.HCI_TL_SPI_Receive) referenced from hci_tl_interface.o(i.hci_tl_lowlevel_init)
 <LI><a href="#[a8]">HCI_TL_SPI_Reset</a> from hci_tl_interface.o(i.HCI_TL_SPI_Reset) referenced from hci_tl_interface.o(i.hci_tl_lowlevel_init)
 <LI><a href="#[a6]">HCI_TL_SPI_Send</a> from hci_tl_interface.o(i.HCI_TL_SPI_Send) referenced from hci_tl_interface.o(i.hci_tl_lowlevel_init)
 <LI><a href="#[1]">HTS221_DeInit</a> from hts221.o(i.HTS221_DeInit) referenced 2 times from hts221.o(.data)
 <LI><a href="#[3]">HTS221_GetCapabilities</a> from hts221.o(i.HTS221_GetCapabilities) referenced 2 times from hts221.o(.data)
 <LI><a href="#[5]">HTS221_HUM_Disable</a> from hts221.o(i.HTS221_HUM_Disable) referenced 2 times from hts221.o(.data)
 <LI><a href="#[4]">HTS221_HUM_Enable</a> from hts221.o(i.HTS221_HUM_Enable) referenced 2 times from hts221.o(.data)
 <LI><a href="#[8]">HTS221_HUM_GetHumidity</a> from hts221.o(i.HTS221_HUM_GetHumidity) referenced 2 times from hts221.o(.data)
 <LI><a href="#[6]">HTS221_HUM_GetOutputDataRate</a> from hts221.o(i.HTS221_HUM_GetOutputDataRate) referenced 2 times from hts221.o(.data)
 <LI><a href="#[7]">HTS221_HUM_SetOutputDataRate</a> from hts221.o(i.HTS221_HUM_SetOutputDataRate) referenced 2 times from hts221.o(.data)
 <LI><a href="#[0]">HTS221_Init</a> from hts221.o(i.HTS221_Init) referenced 2 times from hts221.o(.data)
 <LI><a href="#[2]">HTS221_ReadID</a> from hts221.o(i.HTS221_ReadID) referenced 2 times from hts221.o(.data)
 <LI><a href="#[a]">HTS221_TEMP_Disable</a> from hts221.o(i.HTS221_TEMP_Disable) referenced 2 times from hts221.o(.data)
 <LI><a href="#[9]">HTS221_TEMP_Enable</a> from hts221.o(i.HTS221_TEMP_Enable) referenced 2 times from hts221.o(.data)
 <LI><a href="#[b]">HTS221_TEMP_GetOutputDataRate</a> from hts221.o(i.HTS221_TEMP_GetOutputDataRate) referenced 2 times from hts221.o(.data)
 <LI><a href="#[d]">HTS221_TEMP_GetTemperature</a> from hts221.o(i.HTS221_TEMP_GetTemperature) referenced 2 times from hts221.o(.data)
 <LI><a href="#[c]">HTS221_TEMP_SetOutputDataRate</a> from hts221.o(i.HTS221_TEMP_SetOutputDataRate) referenced 2 times from hts221.o(.data)
 <LI><a href="#[26]">HardFault_Handler</a> from stm32l4xx_it.o(i.HardFault_Handler) referenced from startup_stm32l4a6xx.o(RESET)
 <LI><a href="#[4e]">I2C1_ER_IRQHandler</a> from startup_stm32l4a6xx.o(.text) referenced from startup_stm32l4a6xx.o(RESET)
 <LI><a href="#[4d]">I2C1_EV_IRQHandler</a> from startup_stm32l4a6xx.o(.text) referenced from startup_stm32l4a6xx.o(RESET)
 <LI><a href="#[50]">I2C2_ER_IRQHandler</a> from startup_stm32l4a6xx.o(.text) referenced from startup_stm32l4a6xx.o(RESET)
 <LI><a href="#[4f]">I2C2_EV_IRQHandler</a> from startup_stm32l4a6xx.o(.text) referenced from startup_stm32l4a6xx.o(RESET)
 <LI><a href="#[77]">I2C3_ER_IRQHandler</a> from startup_stm32l4a6xx.o(.text) referenced from startup_stm32l4a6xx.o(RESET)
 <LI><a href="#[76]">I2C3_EV_IRQHandler</a> from startup_stm32l4a6xx.o(.text) referenced from startup_stm32l4a6xx.o(RESET)
 <LI><a href="#[82]">I2C4_ER_IRQHandler</a> from stm32l4xx_it.o(i.I2C4_ER_IRQHandler) referenced from startup_stm32l4a6xx.o(RESET)
 <LI><a href="#[81]">I2C4_EV_IRQHandler</a> from stm32l4xx_it.o(i.I2C4_EV_IRQHandler) referenced from startup_stm32l4a6xx.o(RESET)
 <LI><a href="#[9e]">I2C_DMAAbort</a> from stm32l4xx_hal_i2c.o(i.I2C_DMAAbort) referenced from stm32l4xx_hal_i2c.o(i.I2C_ITError)
 <LI><a href="#[91]">I2C_DMAError</a> from stm32l4xx_hal_i2c.o(i.I2C_DMAError) referenced from stm32l4xx_hal_i2c.o(i.HAL_I2C_Mem_Read_DMA)
 <LI><a href="#[90]">I2C_DMAMasterReceiveCplt</a> from stm32l4xx_hal_i2c.o(i.I2C_DMAMasterReceiveCplt) referenced from stm32l4xx_hal_i2c.o(i.HAL_I2C_Mem_Read_DMA)
 <LI><a href="#[97]">I2C_DeInit</a> from i2c_com.o(i.I2C_DeInit) referenced from hts221_env_sensor.o(i.HTS221_0_Probe)
 <LI><a href="#[97]">I2C_DeInit</a> from i2c_com.o(i.I2C_DeInit) referenced from lsm6dsl_motion_sensor.o(i.LSM6DSL_0_Probe)
 <LI><a href="#[96]">I2C_Init</a> from i2c_com.o(i.I2C_Init) referenced from hts221_env_sensor.o(i.HTS221_0_Probe)
 <LI><a href="#[96]">I2C_Init</a> from i2c_com.o(i.I2C_Init) referenced from lsm6dsl_motion_sensor.o(i.LSM6DSL_0_Probe)
 <LI><a href="#[8f]">I2C_Master_ISR_DMA</a> from stm32l4xx_hal_i2c.o(i.I2C_Master_ISR_DMA) referenced from stm32l4xx_hal_i2c.o(i.HAL_I2C_Mem_Read_DMA)
 <LI><a href="#[8f]">I2C_Master_ISR_DMA</a> from stm32l4xx_hal_i2c.o(i.I2C_Master_ISR_DMA) referenced from stm32l4xx_hal_i2c.o(i.I2C_Enable_IRQ)
 <LI><a href="#[98]">I2C_ReadReg</a> from i2c_com.o(i.I2C_ReadReg) referenced from hts221_env_sensor.o(i.HTS221_0_Probe)
 <LI><a href="#[98]">I2C_ReadReg</a> from i2c_com.o(i.I2C_ReadReg) referenced from lsm6dsl_motion_sensor.o(i.LSM6DSL_0_Probe)
 <LI><a href="#[9d]">I2C_Slave_ISR_DMA</a> from stm32l4xx_hal_i2c.o(i.I2C_Slave_ISR_DMA) referenced from stm32l4xx_hal_i2c.o(i.I2C_Enable_IRQ)
 <LI><a href="#[9f]">I2C_Slave_ISR_IT</a> from stm32l4xx_hal_i2c.o(i.I2C_Slave_ISR_IT) referenced from stm32l4xx_hal_i2c.o(i.I2C_ITError)
 <LI><a href="#[99]">I2C_WriteReg</a> from i2c_com.o(i.I2C_WriteReg) referenced from hts221_env_sensor.o(i.HTS221_0_Probe)
 <LI><a href="#[99]">I2C_WriteReg</a> from i2c_com.o(i.I2C_WriteReg) referenced from lsm6dsl_motion_sensor.o(i.LSM6DSL_0_Probe)
 <LI><a href="#[7c]">LCD_IRQHandler</a> from startup_stm32l4a6xx.o(.text) referenced from startup_stm32l4a6xx.o(RESET)
 <LI><a href="#[6f]">LPTIM1_IRQHandler</a> from startup_stm32l4a6xx.o(.text) referenced from startup_stm32l4a6xx.o(RESET)
 <LI><a href="#[70]">LPTIM2_IRQHandler</a> from startup_stm32l4a6xx.o(.text) referenced from startup_stm32l4a6xx.o(RESET)
 <LI><a href="#[74]">LPUART1_IRQHandler</a> from startup_stm32l4a6xx.o(.text) referenced from startup_stm32l4a6xx.o(RESET)
 <LI><a href="#[13]">LSM6DSL_ACC_Disable</a> from lsm6dsl.o(i.LSM6DSL_ACC_Disable) referenced 2 times from lsm6dsl.o(.data)
 <LI><a href="#[12]">LSM6DSL_ACC_Enable</a> from lsm6dsl.o(i.LSM6DSL_ACC_Enable) referenced 2 times from lsm6dsl.o(.data)
 <LI><a href="#[19]">LSM6DSL_ACC_GetAxes</a> from lsm6dsl.o(i.LSM6DSL_ACC_GetAxes) referenced 2 times from lsm6dsl.o(.data)
 <LI><a href="#[1a]">LSM6DSL_ACC_GetAxesRaw</a> from lsm6dsl.o(i.LSM6DSL_ACC_GetAxesRaw) referenced 2 times from lsm6dsl.o(.data)
 <LI><a href="#[17]">LSM6DSL_ACC_GetFullScale</a> from lsm6dsl.o(i.LSM6DSL_ACC_GetFullScale) referenced 2 times from lsm6dsl.o(.data)
 <LI><a href="#[15]">LSM6DSL_ACC_GetOutputDataRate</a> from lsm6dsl.o(i.LSM6DSL_ACC_GetOutputDataRate) referenced 2 times from lsm6dsl.o(.data)
 <LI><a href="#[14]">LSM6DSL_ACC_GetSensitivity</a> from lsm6dsl.o(i.LSM6DSL_ACC_GetSensitivity) referenced 2 times from lsm6dsl.o(.data)
 <LI><a href="#[18]">LSM6DSL_ACC_SetFullScale</a> from lsm6dsl.o(i.LSM6DSL_ACC_SetFullScale) referenced 2 times from lsm6dsl.o(.data)
 <LI><a href="#[16]">LSM6DSL_ACC_SetOutputDataRate</a> from lsm6dsl.o(i.LSM6DSL_ACC_SetOutputDataRate) referenced 2 times from lsm6dsl.o(.data)
 <LI><a href="#[f]">LSM6DSL_DeInit</a> from lsm6dsl.o(i.LSM6DSL_DeInit) referenced 2 times from lsm6dsl.o(.data)
 <LI><a href="#[1c]">LSM6DSL_GYRO_Disable</a> from lsm6dsl.o(i.LSM6DSL_GYRO_Disable) referenced 2 times from lsm6dsl.o(.data)
 <LI><a href="#[1b]">LSM6DSL_GYRO_Enable</a> from lsm6dsl.o(i.LSM6DSL_GYRO_Enable) referenced 2 times from lsm6dsl.o(.data)
 <LI><a href="#[22]">LSM6DSL_GYRO_GetAxes</a> from lsm6dsl.o(i.LSM6DSL_GYRO_GetAxes) referenced 2 times from lsm6dsl.o(.data)
 <LI><a href="#[23]">LSM6DSL_GYRO_GetAxesRaw</a> from lsm6dsl.o(i.LSM6DSL_GYRO_GetAxesRaw) referenced 2 times from lsm6dsl.o(.data)
 <LI><a href="#[20]">LSM6DSL_GYRO_GetFullScale</a> from lsm6dsl.o(i.LSM6DSL_GYRO_GetFullScale) referenced 2 times from lsm6dsl.o(.data)
 <LI><a href="#[1e]">LSM6DSL_GYRO_GetOutputDataRate</a> from lsm6dsl.o(i.LSM6DSL_GYRO_GetOutputDataRate) referenced 2 times from lsm6dsl.o(.data)
 <LI><a href="#[1d]">LSM6DSL_GYRO_GetSensitivity</a> from lsm6dsl.o(i.LSM6DSL_GYRO_GetSensitivity) referenced 2 times from lsm6dsl.o(.data)
 <LI><a href="#[21]">LSM6DSL_GYRO_SetFullScale</a> from lsm6dsl.o(i.LSM6DSL_GYRO_SetFullScale) referenced 2 times from lsm6dsl.o(.data)
 <LI><a href="#[1f]">LSM6DSL_GYRO_SetOutputDataRate</a> from lsm6dsl.o(i.LSM6DSL_GYRO_SetOutputDataRate) referenced 2 times from lsm6dsl.o(.data)
 <LI><a href="#[11]">LSM6DSL_GetCapabilities</a> from lsm6dsl.o(i.LSM6DSL_GetCapabilities) referenced 2 times from lsm6dsl.o(.data)
 <LI><a href="#[e]">LSM6DSL_Init</a> from lsm6dsl.o(i.LSM6DSL_Init) referenced 2 times from lsm6dsl.o(.data)
 <LI><a href="#[10]">LSM6DSL_ReadID</a> from lsm6dsl.o(i.LSM6DSL_ReadID) referenced 2 times from lsm6dsl.o(.data)
 <LI><a href="#[27]">MemManage_Handler</a> from stm32l4xx_it.o(i.MemManage_Handler) referenced from startup_stm32l4a6xx.o(RESET)
 <LI><a href="#[25]">NMI_Handler</a> from stm32l4xx_it.o(i.NMI_Handler) referenced from startup_stm32l4a6xx.o(RESET)
 <LI><a href="#[71]">OTG_FS_IRQHandler</a> from startup_stm32l4a6xx.o(.text) referenced from startup_stm32l4a6xx.o(RESET)
 <LI><a href="#[2f]">PVD_PVM_IRQHandler</a> from startup_stm32l4a6xx.o(.text) referenced from startup_stm32l4a6xx.o(RESET)
 <LI><a href="#[2c]">PendSV_Handler</a> from stm32l4xx_it.o(i.PendSV_Handler) referenced from startup_stm32l4a6xx.o(RESET)
 <LI><a href="#[75]">QUADSPI_IRQHandler</a> from startup_stm32l4a6xx.o(.text) referenced from startup_stm32l4a6xx.o(RESET)
 <LI><a href="#[33]">RCC_IRQHandler</a> from startup_stm32l4a6xx.o(.text) referenced from startup_stm32l4a6xx.o(RESET)
 <LI><a href="#[57]">RTC_Alarm_IRQHandler</a> from stm32l4xx_it.o(i.RTC_Alarm_IRQHandler) referenced from startup_stm32l4a6xx.o(RESET)
 <LI><a href="#[31]">RTC_WKUP_IRQHandler</a> from startup_stm32l4a6xx.o(.text) referenced from startup_stm32l4a6xx.o(RESET)
 <LI><a href="#[9b]">ReadRegWrap</a> from hts221.o(i.ReadRegWrap) referenced from hts221.o(i.HTS221_RegisterBusIO)
 <LI><a href="#[a0]">ReadRegWrap</a> from lsm6dsl.o(i.ReadRegWrap) referenced from lsm6dsl.o(i.LSM6DSL_RegisterBusIO)
 <LI><a href="#[24]">Reset_Handler</a> from startup_stm32l4a6xx.o(.text) referenced from startup_stm32l4a6xx.o(RESET)
 <LI><a href="#[78]">SAI1_IRQHandler</a> from startup_stm32l4a6xx.o(.text) referenced from startup_stm32l4a6xx.o(RESET)
 <LI><a href="#[79]">SAI2_IRQHandler</a> from startup_stm32l4a6xx.o(.text) referenced from startup_stm32l4a6xx.o(RESET)
 <LI><a href="#[5f]">SDMMC1_IRQHandler</a> from stm32l4xx_it.o(i.SDMMC1_IRQHandler) referenced from startup_stm32l4a6xx.o(RESET)
 <LI><a href="#[95]">SD_DMAError</a> from stm32l4xx_hal_sd.o(i.SD_DMAError) referenced from stm32l4xx_hal_sd.o(i.HAL_SD_WriteBlocks_DMA)
 <LI><a href="#[93]">SD_DMARxAbort</a> from stm32l4xx_hal_sd.o(i.SD_DMARxAbort) referenced from stm32l4xx_hal_sd.o(i.HAL_SD_IRQHandler)
 <LI><a href="#[94]">SD_DMATransmitCplt</a> from stm32l4xx_hal_sd.o(i.SD_DMATransmitCplt) referenced from stm32l4xx_hal_sd.o(i.HAL_SD_WriteBlocks_DMA)
 <LI><a href="#[92]">SD_DMATxAbort</a> from stm32l4xx_hal_sd.o(i.SD_DMATxAbort) referenced from stm32l4xx_hal_sd.o(i.HAL_SD_IRQHandler)
 <LI><a href="#[ab]">SD_initialize</a> from sd_diskio.o(i.SD_initialize) referenced from sd_diskio.o(.constdata)
 <LI><a href="#[af]">SD_ioctl</a> from sd_diskio.o(i.SD_ioctl) referenced from sd_diskio.o(.constdata)
 <LI><a href="#[ad]">SD_read</a> from sd_diskio.o(i.SD_read) referenced from sd_diskio.o(.constdata)
 <LI><a href="#[ac]">SD_status</a> from sd_diskio.o(i.SD_status) referenced from sd_diskio.o(.constdata)
 <LI><a href="#[ae]">SD_write</a> from sd_diskio.o(i.SD_write) referenced from sd_diskio.o(.constdata)
 <LI><a href="#[9a]">SENSOR_IO_GetTick</a> from i2c_com.o(i.SENSOR_IO_GetTick) referenced from hts221_env_sensor.o(i.HTS221_0_Probe)
 <LI><a href="#[9a]">SENSOR_IO_GetTick</a> from i2c_com.o(i.SENSOR_IO_GetTick) referenced from lsm6dsl_motion_sensor.o(i.LSM6DSL_0_Probe)
 <LI><a href="#[51]">SPI1_IRQHandler</a> from startup_stm32l4a6xx.o(.text) referenced from startup_stm32l4a6xx.o(RESET)
 <LI><a href="#[52]">SPI2_IRQHandler</a> from startup_stm32l4a6xx.o(.text) referenced from startup_stm32l4a6xx.o(RESET)
 <LI><a href="#[61]">SPI3_IRQHandler</a> from startup_stm32l4a6xx.o(.text) referenced from startup_stm32l4a6xx.o(RESET)
 <LI><a href="#[2a]">SVC_Handler</a> from stm32l4xx_it.o(i.SVC_Handler) referenced from startup_stm32l4a6xx.o(RESET)
 <LI><a href="#[7a]">SWPMI1_IRQHandler</a> from startup_stm32l4a6xx.o(.text) referenced from startup_stm32l4a6xx.o(RESET)
 <LI><a href="#[2d]">SysTick_Handler</a> from stm32l4xx_it.o(i.SysTick_Handler) referenced from startup_stm32l4a6xx.o(RESET)
 <LI><a href="#[8a]">SystemInit</a> from system_stm32l4xx.o(i.SystemInit) referenced from startup_stm32l4a6xx.o(.text)
 <LI><a href="#[30]">TAMP_STAMP_IRQHandler</a> from startup_stm32l4a6xx.o(.text) referenced from startup_stm32l4a6xx.o(RESET)
 <LI><a href="#[46]">TIM1_BRK_TIM15_IRQHandler</a> from startup_stm32l4a6xx.o(.text) referenced from startup_stm32l4a6xx.o(RESET)
 <LI><a href="#[49]">TIM1_CC_IRQHandler</a> from startup_stm32l4a6xx.o(.text) referenced from startup_stm32l4a6xx.o(RESET)
 <LI><a href="#[48]">TIM1_TRG_COM_TIM17_IRQHandler</a> from startup_stm32l4a6xx.o(.text) referenced from startup_stm32l4a6xx.o(RESET)
 <LI><a href="#[47]">TIM1_UP_TIM16_IRQHandler</a> from startup_stm32l4a6xx.o(.text) referenced from startup_stm32l4a6xx.o(RESET)
 <LI><a href="#[4a]">TIM2_IRQHandler</a> from startup_stm32l4a6xx.o(.text) referenced from startup_stm32l4a6xx.o(RESET)
 <LI><a href="#[4b]">TIM3_IRQHandler</a> from stm32l4xx_it.o(i.TIM3_IRQHandler) referenced from startup_stm32l4a6xx.o(RESET)
 <LI><a href="#[4c]">TIM4_IRQHandler</a> from startup_stm32l4a6xx.o(.text) referenced from startup_stm32l4a6xx.o(RESET)
 <LI><a href="#[60]">TIM5_IRQHandler</a> from startup_stm32l4a6xx.o(.text) referenced from startup_stm32l4a6xx.o(RESET)
 <LI><a href="#[64]">TIM6_DAC_IRQHandler</a> from startup_stm32l4a6xx.o(.text) referenced from startup_stm32l4a6xx.o(RESET)
 <LI><a href="#[65]">TIM7_IRQHandler</a> from startup_stm32l4a6xx.o(.text) referenced from startup_stm32l4a6xx.o(RESET)
 <LI><a href="#[59]">TIM8_BRK_IRQHandler</a> from startup_stm32l4a6xx.o(.text) referenced from startup_stm32l4a6xx.o(RESET)
 <LI><a href="#[5c]">TIM8_CC_IRQHandler</a> from startup_stm32l4a6xx.o(.text) referenced from startup_stm32l4a6xx.o(RESET)
 <LI><a href="#[5b]">TIM8_TRG_COM_IRQHandler</a> from startup_stm32l4a6xx.o(.text) referenced from startup_stm32l4a6xx.o(RESET)
 <LI><a href="#[5a]">TIM8_UP_IRQHandler</a> from startup_stm32l4a6xx.o(.text) referenced from startup_stm32l4a6xx.o(RESET)
 <LI><a href="#[7b]">TSC_IRQHandler</a> from startup_stm32l4a6xx.o(.text) referenced from startup_stm32l4a6xx.o(RESET)
 <LI><a href="#[62]">UART4_IRQHandler</a> from startup_stm32l4a6xx.o(.text) referenced from startup_stm32l4a6xx.o(RESET)
 <LI><a href="#[63]">UART5_IRQHandler</a> from startup_stm32l4a6xx.o(.text) referenced from startup_stm32l4a6xx.o(RESET)
 <LI><a href="#[53]">USART1_IRQHandler</a> from startup_stm32l4a6xx.o(.text) referenced from startup_stm32l4a6xx.o(RESET)
 <LI><a href="#[54]">USART2_IRQHandler</a> from startup_stm32l4a6xx.o(.text) referenced from startup_stm32l4a6xx.o(RESET)
 <LI><a href="#[55]">USART3_IRQHandler</a> from startup_stm32l4a6xx.o(.text) referenced from startup_stm32l4a6xx.o(RESET)
 <LI><a href="#[29]">UsageFault_Handler</a> from stm32l4xx_it.o(i.UsageFault_Handler) referenced from startup_stm32l4a6xx.o(RESET)
 <LI><a href="#[2e]">WWDG_IRQHandler</a> from startup_stm32l4a6xx.o(.text) referenced from startup_stm32l4a6xx.o(RESET)
 <LI><a href="#[9c]">WriteRegWrap</a> from hts221.o(i.WriteRegWrap) referenced from hts221.o(i.HTS221_RegisterBusIO)
 <LI><a href="#[a1]">WriteRegWrap</a> from lsm6dsl.o(i.WriteRegWrap) referenced from lsm6dsl.o(i.LSM6DSL_RegisterBusIO)
 <LI><a href="#[8b]">__main</a> from entry.o(.ARM.Collect$$$$00000000) referenced from startup_stm32l4a6xx.o(.text)
 <LI><a href="#[a3]">_sputc</a> from printf6.o(i._sputc) referenced from printf6.o(i.__0sprintf$6)
 <LI><a href="#[aa]">hci_tl_lowlevel_isr</a> from hci_tl_interface.o(i.hci_tl_lowlevel_isr) referenced from hci_tl_interface.o(i.hci_tl_lowlevel_init)
 <LI><a href="#[89]">main</a> from main.o(i.main) referenced from entry9a.o(.ARM.Collect$$$$0000000B)
 <LI><a href="#[a2]">user_notify</a> from ble_com.o(i.user_notify) referenced from app_x-cube-ble1.o(i.MX_BlueNRG_MS_Init)
</UL>
<P>
<H3>
Global Symbols
</H3>
<P><STRONG><a name="[8b]"></a>__main</STRONG> (Thumb, 0 bytes, Stack size unknown bytes, entry.o(.ARM.Collect$$$$00000000))
<BR>[Address Reference Count : 1]<UL><LI> startup_stm32l4a6xx.o(.text)
</UL>
<P><STRONG><a name="[2d7]"></a>_main_stk</STRONG> (Thumb, 0 bytes, Stack size unknown bytes, entry2.o(.ARM.Collect$$$$00000001))

<P><STRONG><a name="[b0]"></a>_main_scatterload</STRONG> (Thumb, 0 bytes, Stack size unknown bytes, entry5.o(.ARM.Collect$$$$00000004))
<BR><BR>[Calls]<UL><LI><a href="#[b1]">&gt;&gt;</a>&nbsp;&nbsp;&nbsp;__scatterload
</UL>

<P><STRONG><a name="[b8]"></a>__main_after_scatterload</STRONG> (Thumb, 0 bytes, Stack size unknown bytes, entry5.o(.ARM.Collect$$$$00000004))
<BR><BR>[Called By]<UL><LI><a href="#[b1]">&gt;&gt;</a>&nbsp;&nbsp;&nbsp;__scatterload
</UL>

<P><STRONG><a name="[2d8]"></a>_main_clock</STRONG> (Thumb, 0 bytes, Stack size unknown bytes, entry7b.o(.ARM.Collect$$$$00000008))

<P><STRONG><a name="[2d9]"></a>_main_cpp_init</STRONG> (Thumb, 0 bytes, Stack size unknown bytes, entry8b.o(.ARM.Collect$$$$0000000A))

<P><STRONG><a name="[2da]"></a>_main_init</STRONG> (Thumb, 0 bytes, Stack size unknown bytes, entry9a.o(.ARM.Collect$$$$0000000B))

<P><STRONG><a name="[2db]"></a>__rt_final_cpp</STRONG> (Thumb, 0 bytes, Stack size unknown bytes, entry10a.o(.ARM.Collect$$$$0000000D))

<P><STRONG><a name="[2dc]"></a>__rt_final_exit</STRONG> (Thumb, 0 bytes, Stack size unknown bytes, entry11a.o(.ARM.Collect$$$$0000000F))

<P><STRONG><a name="[24]"></a>Reset_Handler</STRONG> (Thumb, 8 bytes, Stack size 0 bytes, startup_stm32l4a6xx.o(.text))
<BR>[Address Reference Count : 1]<UL><LI> startup_stm32l4a6xx.o(RESET)
</UL>
<P><STRONG><a name="[40]"></a>ADC1_2_IRQHandler</STRONG> (Thumb, 0 bytes, Stack size 0 bytes, startup_stm32l4a6xx.o(.text))
<BR><BR>[Calls]<UL><LI><a href="#[40]">&gt;&gt;</a>&nbsp;&nbsp;&nbsp;ADC1_2_IRQHandler
</UL>
<BR>[Called By]<UL><LI><a href="#[40]">&gt;&gt;</a>&nbsp;&nbsp;&nbsp;ADC1_2_IRQHandler
</UL>
<BR>[Address Reference Count : 1]<UL><LI> startup_stm32l4a6xx.o(RESET)
</UL>
<P><STRONG><a name="[5d]"></a>ADC3_IRQHandler</STRONG> (Thumb, 0 bytes, Stack size 0 bytes, startup_stm32l4a6xx.o(.text))
<BR>[Address Reference Count : 1]<UL><LI> startup_stm32l4a6xx.o(RESET)
</UL>
<P><STRONG><a name="[7d]"></a>AES_IRQHandler</STRONG> (Thumb, 0 bytes, Stack size 0 bytes, startup_stm32l4a6xx.o(.text))
<BR>[Address Reference Count : 1]<UL><LI> startup_stm32l4a6xx.o(RESET)
</UL>
<P><STRONG><a name="[42]"></a>CAN1_RX0_IRQHandler</STRONG> (Thumb, 0 bytes, Stack size 0 bytes, startup_stm32l4a6xx.o(.text))
<BR>[Address Reference Count : 1]<UL><LI> startup_stm32l4a6xx.o(RESET)
</UL>
<P><STRONG><a name="[43]"></a>CAN1_RX1_IRQHandler</STRONG> (Thumb, 0 bytes, Stack size 0 bytes, startup_stm32l4a6xx.o(.text))
<BR>[Address Reference Count : 1]<UL><LI> startup_stm32l4a6xx.o(RESET)
</UL>
<P><STRONG><a name="[44]"></a>CAN1_SCE_IRQHandler</STRONG> (Thumb, 0 bytes, Stack size 0 bytes, startup_stm32l4a6xx.o(.text))
<BR>[Address Reference Count : 1]<UL><LI> startup_stm32l4a6xx.o(RESET)
</UL>
<P><STRONG><a name="[41]"></a>CAN1_TX_IRQHandler</STRONG> (Thumb, 0 bytes, Stack size 0 bytes, startup_stm32l4a6xx.o(.text))
<BR>[Address Reference Count : 1]<UL><LI> startup_stm32l4a6xx.o(RESET)
</UL>
<P><STRONG><a name="[85]"></a>CAN2_RX0_IRQHandler</STRONG> (Thumb, 0 bytes, Stack size 0 bytes, startup_stm32l4a6xx.o(.text))
<BR>[Address Reference Count : 1]<UL><LI> startup_stm32l4a6xx.o(RESET)
</UL>
<P><STRONG><a name="[86]"></a>CAN2_RX1_IRQHandler</STRONG> (Thumb, 0 bytes, Stack size 0 bytes, startup_stm32l4a6xx.o(.text))
<BR>[Address Reference Count : 1]<UL><LI> startup_stm32l4a6xx.o(RESET)
</UL>
<P><STRONG><a name="[87]"></a>CAN2_SCE_IRQHandler</STRONG> (Thumb, 0 bytes, Stack size 0 bytes, startup_stm32l4a6xx.o(.text))
<BR>[Address Reference Count : 1]<UL><LI> startup_stm32l4a6xx.o(RESET)
</UL>
<P><STRONG><a name="[84]"></a>CAN2_TX_IRQHandler</STRONG> (Thumb, 0 bytes, Stack size 0 bytes, startup_stm32l4a6xx.o(.text))
<BR>[Address Reference Count : 1]<UL><LI> startup_stm32l4a6xx.o(RESET)
</UL>
<P><STRONG><a name="[6e]"></a>COMP_IRQHandler</STRONG> (Thumb, 0 bytes, Stack size 0 bytes, startup_stm32l4a6xx.o(.text))
<BR>[Address Reference Count : 1]<UL><LI> startup_stm32l4a6xx.o(RESET)
</UL>
<P><STRONG><a name="[80]"></a>CRS_IRQHandler</STRONG> (Thumb, 0 bytes, Stack size 0 bytes, startup_stm32l4a6xx.o(.text))
<BR>[Address Reference Count : 1]<UL><LI> startup_stm32l4a6xx.o(RESET)
</UL>
<P><STRONG><a name="[83]"></a>DCMI_IRQHandler</STRONG> (Thumb, 0 bytes, Stack size 0 bytes, startup_stm32l4a6xx.o(.text))
<BR>[Address Reference Count : 1]<UL><LI> startup_stm32l4a6xx.o(RESET)
</UL>
<P><STRONG><a name="[6b]"></a>DFSDM1_FLT0_IRQHandler</STRONG> (Thumb, 0 bytes, Stack size 0 bytes, startup_stm32l4a6xx.o(.text))
<BR>[Address Reference Count : 1]<UL><LI> startup_stm32l4a6xx.o(RESET)
</UL>
<P><STRONG><a name="[6c]"></a>DFSDM1_FLT1_IRQHandler</STRONG> (Thumb, 0 bytes, Stack size 0 bytes, startup_stm32l4a6xx.o(.text))
<BR>[Address Reference Count : 1]<UL><LI> startup_stm32l4a6xx.o(RESET)
</UL>
<P><STRONG><a name="[6d]"></a>DFSDM1_FLT2_IRQHandler</STRONG> (Thumb, 0 bytes, Stack size 0 bytes, startup_stm32l4a6xx.o(.text))
<BR>[Address Reference Count : 1]<UL><LI> startup_stm32l4a6xx.o(RESET)
</UL>
<P><STRONG><a name="[58]"></a>DFSDM1_FLT3_IRQHandler</STRONG> (Thumb, 0 bytes, Stack size 0 bytes, startup_stm32l4a6xx.o(.text))
<BR>[Address Reference Count : 1]<UL><LI> startup_stm32l4a6xx.o(RESET)
</UL>
<P><STRONG><a name="[39]"></a>DMA1_Channel1_IRQHandler</STRONG> (Thumb, 0 bytes, Stack size 0 bytes, startup_stm32l4a6xx.o(.text))
<BR>[Address Reference Count : 1]<UL><LI> startup_stm32l4a6xx.o(RESET)
</UL>
<P><STRONG><a name="[3a]"></a>DMA1_Channel2_IRQHandler</STRONG> (Thumb, 0 bytes, Stack size 0 bytes, startup_stm32l4a6xx.o(.text))
<BR>[Address Reference Count : 1]<UL><LI> startup_stm32l4a6xx.o(RESET)
</UL>
<P><STRONG><a name="[3b]"></a>DMA1_Channel3_IRQHandler</STRONG> (Thumb, 0 bytes, Stack size 0 bytes, startup_stm32l4a6xx.o(.text))
<BR>[Address Reference Count : 1]<UL><LI> startup_stm32l4a6xx.o(RESET)
</UL>
<P><STRONG><a name="[88]"></a>DMA2D_IRQHandler</STRONG> (Thumb, 0 bytes, Stack size 0 bytes, startup_stm32l4a6xx.o(.text))
<BR>[Address Reference Count : 1]<UL><LI> startup_stm32l4a6xx.o(RESET)
</UL>
<P><STRONG><a name="[67]"></a>DMA2_Channel2_IRQHandler</STRONG> (Thumb, 0 bytes, Stack size 0 bytes, startup_stm32l4a6xx.o(.text))
<BR>[Address Reference Count : 1]<UL><LI> startup_stm32l4a6xx.o(RESET)
</UL>
<P><STRONG><a name="[68]"></a>DMA2_Channel3_IRQHandler</STRONG> (Thumb, 0 bytes, Stack size 0 bytes, startup_stm32l4a6xx.o(.text))
<BR>[Address Reference Count : 1]<UL><LI> startup_stm32l4a6xx.o(RESET)
</UL>
<P><STRONG><a name="[69]"></a>DMA2_Channel4_IRQHandler</STRONG> (Thumb, 0 bytes, Stack size 0 bytes, startup_stm32l4a6xx.o(.text))
<BR>[Address Reference Count : 1]<UL><LI> startup_stm32l4a6xx.o(RESET)
</UL>
<P><STRONG><a name="[72]"></a>DMA2_Channel6_IRQHandler</STRONG> (Thumb, 0 bytes, Stack size 0 bytes, startup_stm32l4a6xx.o(.text))
<BR>[Address Reference Count : 1]<UL><LI> startup_stm32l4a6xx.o(RESET)
</UL>
<P><STRONG><a name="[73]"></a>DMA2_Channel7_IRQHandler</STRONG> (Thumb, 0 bytes, Stack size 0 bytes, startup_stm32l4a6xx.o(.text))
<BR>[Address Reference Count : 1]<UL><LI> startup_stm32l4a6xx.o(RESET)
</UL>
<P><STRONG><a name="[35]"></a>EXTI1_IRQHandler</STRONG> (Thumb, 0 bytes, Stack size 0 bytes, startup_stm32l4a6xx.o(.text))
<BR>[Address Reference Count : 1]<UL><LI> startup_stm32l4a6xx.o(RESET)
</UL>
<P><STRONG><a name="[32]"></a>FLASH_IRQHandler</STRONG> (Thumb, 0 bytes, Stack size 0 bytes, startup_stm32l4a6xx.o(.text))
<BR>[Address Reference Count : 1]<UL><LI> startup_stm32l4a6xx.o(RESET)
</UL>
<P><STRONG><a name="[5e]"></a>FMC_IRQHandler</STRONG> (Thumb, 0 bytes, Stack size 0 bytes, startup_stm32l4a6xx.o(.text))
<BR>[Address Reference Count : 1]<UL><LI> startup_stm32l4a6xx.o(RESET)
</UL>
<P><STRONG><a name="[7f]"></a>FPU_IRQHandler</STRONG> (Thumb, 0 bytes, Stack size 0 bytes, startup_stm32l4a6xx.o(.text))
<BR>[Address Reference Count : 1]<UL><LI> startup_stm32l4a6xx.o(RESET)
</UL>
<P><STRONG><a name="[7e]"></a>HASH_RNG_IRQHandler</STRONG> (Thumb, 0 bytes, Stack size 0 bytes, startup_stm32l4a6xx.o(.text))
<BR>[Address Reference Count : 1]<UL><LI> startup_stm32l4a6xx.o(RESET)
</UL>
<P><STRONG><a name="[4e]"></a>I2C1_ER_IRQHandler</STRONG> (Thumb, 0 bytes, Stack size 0 bytes, startup_stm32l4a6xx.o(.text))
<BR>[Address Reference Count : 1]<UL><LI> startup_stm32l4a6xx.o(RESET)
</UL>
<P><STRONG><a name="[4d]"></a>I2C1_EV_IRQHandler</STRONG> (Thumb, 0 bytes, Stack size 0 bytes, startup_stm32l4a6xx.o(.text))
<BR>[Address Reference Count : 1]<UL><LI> startup_stm32l4a6xx.o(RESET)
</UL>
<P><STRONG><a name="[50]"></a>I2C2_ER_IRQHandler</STRONG> (Thumb, 0 bytes, Stack size 0 bytes, startup_stm32l4a6xx.o(.text))
<BR>[Address Reference Count : 1]<UL><LI> startup_stm32l4a6xx.o(RESET)
</UL>
<P><STRONG><a name="[4f]"></a>I2C2_EV_IRQHandler</STRONG> (Thumb, 0 bytes, Stack size 0 bytes, startup_stm32l4a6xx.o(.text))
<BR>[Address Reference Count : 1]<UL><LI> startup_stm32l4a6xx.o(RESET)
</UL>
<P><STRONG><a name="[77]"></a>I2C3_ER_IRQHandler</STRONG> (Thumb, 0 bytes, Stack size 0 bytes, startup_stm32l4a6xx.o(.text))
<BR>[Address Reference Count : 1]<UL><LI> startup_stm32l4a6xx.o(RESET)
</UL>
<P><STRONG><a name="[76]"></a>I2C3_EV_IRQHandler</STRONG> (Thumb, 0 bytes, Stack size 0 bytes, startup_stm32l4a6xx.o(.text))
<BR>[Address Reference Count : 1]<UL><LI> startup_stm32l4a6xx.o(RESET)
</UL>
<P><STRONG><a name="[7c]"></a>LCD_IRQHandler</STRONG> (Thumb, 0 bytes, Stack size 0 bytes, startup_stm32l4a6xx.o(.text))
<BR>[Address Reference Count : 1]<UL><LI> startup_stm32l4a6xx.o(RESET)
</UL>
<P><STRONG><a name="[6f]"></a>LPTIM1_IRQHandler</STRONG> (Thumb, 0 bytes, Stack size 0 bytes, startup_stm32l4a6xx.o(.text))
<BR>[Address Reference Count : 1]<UL><LI> startup_stm32l4a6xx.o(RESET)
</UL>
<P><STRONG><a name="[70]"></a>LPTIM2_IRQHandler</STRONG> (Thumb, 0 bytes, Stack size 0 bytes, startup_stm32l4a6xx.o(.text))
<BR>[Address Reference Count : 1]<UL><LI> startup_stm32l4a6xx.o(RESET)
</UL>
<P><STRONG><a name="[74]"></a>LPUART1_IRQHandler</STRONG> (Thumb, 0 bytes, Stack size 0 bytes, startup_stm32l4a6xx.o(.text))
<BR>[Address Reference Count : 1]<UL><LI> startup_stm32l4a6xx.o(RESET)
</UL>
<P><STRONG><a name="[71]"></a>OTG_FS_IRQHandler</STRONG> (Thumb, 0 bytes, Stack size 0 bytes, startup_stm32l4a6xx.o(.text))
<BR>[Address Reference Count : 1]<UL><LI> startup_stm32l4a6xx.o(RESET)
</UL>
<P><STRONG><a name="[2f]"></a>PVD_PVM_IRQHandler</STRONG> (Thumb, 0 bytes, Stack size 0 bytes, startup_stm32l4a6xx.o(.text))
<BR>[Address Reference Count : 1]<UL><LI> startup_stm32l4a6xx.o(RESET)
</UL>
<P><STRONG><a name="[75]"></a>QUADSPI_IRQHandler</STRONG> (Thumb, 0 bytes, Stack size 0 bytes, startup_stm32l4a6xx.o(.text))
<BR>[Address Reference Count : 1]<UL><LI> startup_stm32l4a6xx.o(RESET)
</UL>
<P><STRONG><a name="[33]"></a>RCC_IRQHandler</STRONG> (Thumb, 0 bytes, Stack size 0 bytes, startup_stm32l4a6xx.o(.text))
<BR>[Address Reference Count : 1]<UL><LI> startup_stm32l4a6xx.o(RESET)
</UL>
<P><STRONG><a name="[31]"></a>RTC_WKUP_IRQHandler</STRONG> (Thumb, 0 bytes, Stack size 0 bytes, startup_stm32l4a6xx.o(.text))
<BR>[Address Reference Count : 1]<UL><LI> startup_stm32l4a6xx.o(RESET)
</UL>
<P><STRONG><a name="[78]"></a>SAI1_IRQHandler</STRONG> (Thumb, 0 bytes, Stack size 0 bytes, startup_stm32l4a6xx.o(.text))
<BR>[Address Reference Count : 1]<UL><LI> startup_stm32l4a6xx.o(RESET)
</UL>
<P><STRONG><a name="[79]"></a>SAI2_IRQHandler</STRONG> (Thumb, 0 bytes, Stack size 0 bytes, startup_stm32l4a6xx.o(.text))
<BR>[Address Reference Count : 1]<UL><LI> startup_stm32l4a6xx.o(RESET)
</UL>
<P><STRONG><a name="[51]"></a>SPI1_IRQHandler</STRONG> (Thumb, 0 bytes, Stack size 0 bytes, startup_stm32l4a6xx.o(.text))
<BR>[Address Reference Count : 1]<UL><LI> startup_stm32l4a6xx.o(RESET)
</UL>
<P><STRONG><a name="[52]"></a>SPI2_IRQHandler</STRONG> (Thumb, 0 bytes, Stack size 0 bytes, startup_stm32l4a6xx.o(.text))
<BR>[Address Reference Count : 1]<UL><LI> startup_stm32l4a6xx.o(RESET)
</UL>
<P><STRONG><a name="[61]"></a>SPI3_IRQHandler</STRONG> (Thumb, 0 bytes, Stack size 0 bytes, startup_stm32l4a6xx.o(.text))
<BR>[Address Reference Count : 1]<UL><LI> startup_stm32l4a6xx.o(RESET)
</UL>
<P><STRONG><a name="[7a]"></a>SWPMI1_IRQHandler</STRONG> (Thumb, 0 bytes, Stack size 0 bytes, startup_stm32l4a6xx.o(.text))
<BR>[Address Reference Count : 1]<UL><LI> startup_stm32l4a6xx.o(RESET)
</UL>
<P><STRONG><a name="[30]"></a>TAMP_STAMP_IRQHandler</STRONG> (Thumb, 0 bytes, Stack size 0 bytes, startup_stm32l4a6xx.o(.text))
<BR>[Address Reference Count : 1]<UL><LI> startup_stm32l4a6xx.o(RESET)
</UL>
<P><STRONG><a name="[46]"></a>TIM1_BRK_TIM15_IRQHandler</STRONG> (Thumb, 0 bytes, Stack size 0 bytes, startup_stm32l4a6xx.o(.text))
<BR>[Address Reference Count : 1]<UL><LI> startup_stm32l4a6xx.o(RESET)
</UL>
<P><STRONG><a name="[49]"></a>TIM1_CC_IRQHandler</STRONG> (Thumb, 0 bytes, Stack size 0 bytes, startup_stm32l4a6xx.o(.text))
<BR>[Address Reference Count : 1]<UL><LI> startup_stm32l4a6xx.o(RESET)
</UL>
<P><STRONG><a name="[48]"></a>TIM1_TRG_COM_TIM17_IRQHandler</STRONG> (Thumb, 0 bytes, Stack size 0 bytes, startup_stm32l4a6xx.o(.text))
<BR>[Address Reference Count : 1]<UL><LI> startup_stm32l4a6xx.o(RESET)
</UL>
<P><STRONG><a name="[47]"></a>TIM1_UP_TIM16_IRQHandler</STRONG> (Thumb, 0 bytes, Stack size 0 bytes, startup_stm32l4a6xx.o(.text))
<BR>[Address Reference Count : 1]<UL><LI> startup_stm32l4a6xx.o(RESET)
</UL>
<P><STRONG><a name="[4a]"></a>TIM2_IRQHandler</STRONG> (Thumb, 0 bytes, Stack size 0 bytes, startup_stm32l4a6xx.o(.text))
<BR>[Address Reference Count : 1]<UL><LI> startup_stm32l4a6xx.o(RESET)
</UL>
<P><STRONG><a name="[4c]"></a>TIM4_IRQHandler</STRONG> (Thumb, 0 bytes, Stack size 0 bytes, startup_stm32l4a6xx.o(.text))
<BR>[Address Reference Count : 1]<UL><LI> startup_stm32l4a6xx.o(RESET)
</UL>
<P><STRONG><a name="[60]"></a>TIM5_IRQHandler</STRONG> (Thumb, 0 bytes, Stack size 0 bytes, startup_stm32l4a6xx.o(.text))
<BR>[Address Reference Count : 1]<UL><LI> startup_stm32l4a6xx.o(RESET)
</UL>
<P><STRONG><a name="[64]"></a>TIM6_DAC_IRQHandler</STRONG> (Thumb, 0 bytes, Stack size 0 bytes, startup_stm32l4a6xx.o(.text))
<BR>[Address Reference Count : 1]<UL><LI> startup_stm32l4a6xx.o(RESET)
</UL>
<P><STRONG><a name="[65]"></a>TIM7_IRQHandler</STRONG> (Thumb, 0 bytes, Stack size 0 bytes, startup_stm32l4a6xx.o(.text))
<BR>[Address Reference Count : 1]<UL><LI> startup_stm32l4a6xx.o(RESET)
</UL>
<P><STRONG><a name="[59]"></a>TIM8_BRK_IRQHandler</STRONG> (Thumb, 0 bytes, Stack size 0 bytes, startup_stm32l4a6xx.o(.text))
<BR>[Address Reference Count : 1]<UL><LI> startup_stm32l4a6xx.o(RESET)
</UL>
<P><STRONG><a name="[5c]"></a>TIM8_CC_IRQHandler</STRONG> (Thumb, 0 bytes, Stack size 0 bytes, startup_stm32l4a6xx.o(.text))
<BR>[Address Reference Count : 1]<UL><LI> startup_stm32l4a6xx.o(RESET)
</UL>
<P><STRONG><a name="[5b]"></a>TIM8_TRG_COM_IRQHandler</STRONG> (Thumb, 0 bytes, Stack size 0 bytes, startup_stm32l4a6xx.o(.text))
<BR>[Address Reference Count : 1]<UL><LI> startup_stm32l4a6xx.o(RESET)
</UL>
<P><STRONG><a name="[5a]"></a>TIM8_UP_IRQHandler</STRONG> (Thumb, 0 bytes, Stack size 0 bytes, startup_stm32l4a6xx.o(.text))
<BR>[Address Reference Count : 1]<UL><LI> startup_stm32l4a6xx.o(RESET)
</UL>
<P><STRONG><a name="[7b]"></a>TSC_IRQHandler</STRONG> (Thumb, 0 bytes, Stack size 0 bytes, startup_stm32l4a6xx.o(.text))
<BR>[Address Reference Count : 1]<UL><LI> startup_stm32l4a6xx.o(RESET)
</UL>
<P><STRONG><a name="[62]"></a>UART4_IRQHandler</STRONG> (Thumb, 0 bytes, Stack size 0 bytes, startup_stm32l4a6xx.o(.text))
<BR>[Address Reference Count : 1]<UL><LI> startup_stm32l4a6xx.o(RESET)
</UL>
<P><STRONG><a name="[63]"></a>UART5_IRQHandler</STRONG> (Thumb, 0 bytes, Stack size 0 bytes, startup_stm32l4a6xx.o(.text))
<BR>[Address Reference Count : 1]<UL><LI> startup_stm32l4a6xx.o(RESET)
</UL>
<P><STRONG><a name="[53]"></a>USART1_IRQHandler</STRONG> (Thumb, 0 bytes, Stack size 0 bytes, startup_stm32l4a6xx.o(.text))
<BR>[Address Reference Count : 1]<UL><LI> startup_stm32l4a6xx.o(RESET)
</UL>
<P><STRONG><a name="[54]"></a>USART2_IRQHandler</STRONG> (Thumb, 0 bytes, Stack size 0 bytes, startup_stm32l4a6xx.o(.text))
<BR>[Address Reference Count : 1]<UL><LI> startup_stm32l4a6xx.o(RESET)
</UL>
<P><STRONG><a name="[55]"></a>USART3_IRQHandler</STRONG> (Thumb, 0 bytes, Stack size 0 bytes, startup_stm32l4a6xx.o(.text))
<BR>[Address Reference Count : 1]<UL><LI> startup_stm32l4a6xx.o(RESET)
</UL>
<P><STRONG><a name="[2e]"></a>WWDG_IRQHandler</STRONG> (Thumb, 0 bytes, Stack size 0 bytes, startup_stm32l4a6xx.o(.text))
<BR>[Address Reference Count : 1]<UL><LI> startup_stm32l4a6xx.o(RESET)
</UL>
<P><STRONG><a name="[b2]"></a>__aeabi_uldivmod</STRONG> (Thumb, 98 bytes, Stack size 40 bytes, uldiv.o(.text))
<BR><BR>[Stack]<UL><LI>Max Depth = 40<LI>Call Chain = __aeabi_uldivmod
</UL>
<BR>[Calls]<UL><LI><a href="#[b3]">&gt;&gt;</a>&nbsp;&nbsp;&nbsp;__aeabi_llsr
<LI><a href="#[b4]">&gt;&gt;</a>&nbsp;&nbsp;&nbsp;__aeabi_llsl
</UL>
<BR>[Called By]<UL><LI><a href="#[ce]">&gt;&gt;</a>&nbsp;&nbsp;&nbsp;f_lseek
<LI><a href="#[cd]">&gt;&gt;</a>&nbsp;&nbsp;&nbsp;f_expand
<LI><a href="#[28b]">&gt;&gt;</a>&nbsp;&nbsp;&nbsp;clmt_clust
</UL>

<P><STRONG><a name="[21f]"></a>rand</STRONG> (Thumb, 20 bytes, Stack size 0 bytes, rand.o(.text))
<BR><BR>[Called By]<UL><LI><a href="#[21a]">&gt;&gt;</a>&nbsp;&nbsp;&nbsp;MX_BlueNRG_MS_Init
</UL>

<P><STRONG><a name="[21e]"></a>srand</STRONG> (Thumb, 6 bytes, Stack size 0 bytes, rand.o(.text))
<BR><BR>[Called By]<UL><LI><a href="#[21a]">&gt;&gt;</a>&nbsp;&nbsp;&nbsp;MX_BlueNRG_MS_Init
</UL>

<P><STRONG><a name="[d5]"></a>__aeabi_memcpy</STRONG> (Thumb, 36 bytes, Stack size 0 bytes, memcpya.o(.text))
<BR><BR>[Called By]<UL><LI><a href="#[284]">&gt;&gt;</a>&nbsp;&nbsp;&nbsp;hci_send_req
<LI><a href="#[27e]">&gt;&gt;</a>&nbsp;&nbsp;&nbsp;aci_gatt_write_response
<LI><a href="#[d6]">&gt;&gt;</a>&nbsp;&nbsp;&nbsp;aci_gatt_add_serv
<LI><a href="#[d7]">&gt;&gt;</a>&nbsp;&nbsp;&nbsp;aci_gatt_add_char
<LI><a href="#[268]">&gt;&gt;</a>&nbsp;&nbsp;&nbsp;hci_le_set_scan_resp_data
<LI><a href="#[26a]">&gt;&gt;</a>&nbsp;&nbsp;&nbsp;aci_gap_update_adv_data
<LI><a href="#[269]">&gt;&gt;</a>&nbsp;&nbsp;&nbsp;aci_gap_set_discoverable
<LI><a href="#[220]">&gt;&gt;</a>&nbsp;&nbsp;&nbsp;aci_hal_write_config_data
<LI><a href="#[224]">&gt;&gt;</a>&nbsp;&nbsp;&nbsp;aci_gatt_update_char_value
<LI><a href="#[226]">&gt;&gt;</a>&nbsp;&nbsp;&nbsp;aci_gap_set_auth_requirement
<LI><a href="#[d4]">&gt;&gt;</a>&nbsp;&nbsp;&nbsp;Add_BabyLogger_Service
</UL>

<P><STRONG><a name="[267]"></a>__aeabi_memcpy4</STRONG> (Thumb, 0 bytes, Stack size 0 bytes, memcpya.o(.text))
<BR><BR>[Called By]<UL><LI><a href="#[266]">&gt;&gt;</a>&nbsp;&nbsp;&nbsp;Set_DeviceConnectable
</UL>

<P><STRONG><a name="[2dd]"></a>__aeabi_memcpy8</STRONG> (Thumb, 0 bytes, Stack size 0 bytes, memcpya.o(.text), UNUSED)

<P><STRONG><a name="[b6]"></a>__aeabi_memset</STRONG> (Thumb, 14 bytes, Stack size 0 bytes, memseta.o(.text), UNUSED)
<BR><BR>[Called By]<UL><LI><a href="#[b7]">&gt;&gt;</a>&nbsp;&nbsp;&nbsp;_memset$wrapper
<LI><a href="#[b5]">&gt;&gt;</a>&nbsp;&nbsp;&nbsp;__aeabi_memclr
</UL>

<P><STRONG><a name="[2de]"></a>__aeabi_memset4</STRONG> (Thumb, 0 bytes, Stack size 0 bytes, memseta.o(.text), UNUSED)

<P><STRONG><a name="[2df]"></a>__aeabi_memset8</STRONG> (Thumb, 0 bytes, Stack size 0 bytes, memseta.o(.text), UNUSED)

<P><STRONG><a name="[b5]"></a>__aeabi_memclr</STRONG> (Thumb, 4 bytes, Stack size 0 bytes, memseta.o(.text), UNUSED)
<BR><BR>[Calls]<UL><LI><a href="#[b6]">&gt;&gt;</a>&nbsp;&nbsp;&nbsp;__aeabi_memset
</UL>

<P><STRONG><a name="[f1]"></a>__aeabi_memclr4</STRONG> (Thumb, 0 bytes, Stack size 0 bytes, memseta.o(.text))
<BR><BR>[Called By]<UL><LI><a href="#[1a3]">&gt;&gt;</a>&nbsp;&nbsp;&nbsp;HAL_SD_MspInit
<LI><a href="#[f0]">&gt;&gt;</a>&nbsp;&nbsp;&nbsp;BSP_PlatformIsDetected
<LI><a href="#[201]">&gt;&gt;</a>&nbsp;&nbsp;&nbsp;IHM_PB_Init
<LI><a href="#[1f9]">&gt;&gt;</a>&nbsp;&nbsp;&nbsp;IHM_LED_Continious_Init
<LI><a href="#[145]">&gt;&gt;</a>&nbsp;&nbsp;&nbsp;GPIO_BLE_Init
<LI><a href="#[271]">&gt;&gt;</a>&nbsp;&nbsp;&nbsp;SystemClock_Config
<LI><a href="#[10e]">&gt;&gt;</a>&nbsp;&nbsp;&nbsp;GasGauge_Initialization
<LI><a href="#[16c]">&gt;&gt;</a>&nbsp;&nbsp;&nbsp;HAL_I2C_MspInit
<LI><a href="#[27e]">&gt;&gt;</a>&nbsp;&nbsp;&nbsp;aci_gatt_write_response
<LI><a href="#[d6]">&gt;&gt;</a>&nbsp;&nbsp;&nbsp;aci_gatt_add_serv
<LI><a href="#[d7]">&gt;&gt;</a>&nbsp;&nbsp;&nbsp;aci_gatt_add_char
<LI><a href="#[268]">&gt;&gt;</a>&nbsp;&nbsp;&nbsp;hci_le_set_scan_resp_data
<LI><a href="#[26a]">&gt;&gt;</a>&nbsp;&nbsp;&nbsp;aci_gap_update_adv_data
<LI><a href="#[269]">&gt;&gt;</a>&nbsp;&nbsp;&nbsp;aci_gap_set_discoverable
<LI><a href="#[2bf]">&gt;&gt;</a>&nbsp;&nbsp;&nbsp;hci_le_read_local_version
<LI><a href="#[21d]">&gt;&gt;</a>&nbsp;&nbsp;&nbsp;hci_reset
<LI><a href="#[220]">&gt;&gt;</a>&nbsp;&nbsp;&nbsp;aci_hal_write_config_data
<LI><a href="#[227]">&gt;&gt;</a>&nbsp;&nbsp;&nbsp;aci_hal_set_tx_power_level
<LI><a href="#[224]">&gt;&gt;</a>&nbsp;&nbsp;&nbsp;aci_gatt_update_char_value
<LI><a href="#[221]">&gt;&gt;</a>&nbsp;&nbsp;&nbsp;aci_gatt_init
<LI><a href="#[27a]">&gt;&gt;</a>&nbsp;&nbsp;&nbsp;aci_gap_terminate
<LI><a href="#[27b]">&gt;&gt;</a>&nbsp;&nbsp;&nbsp;aci_gap_set_non_discoverable
<LI><a href="#[226]">&gt;&gt;</a>&nbsp;&nbsp;&nbsp;aci_gap_set_auth_requirement
<LI><a href="#[225]">&gt;&gt;</a>&nbsp;&nbsp;&nbsp;aci_gap_init_IDB05A1
<LI><a href="#[222]">&gt;&gt;</a>&nbsp;&nbsp;&nbsp;aci_gap_init_IDB04A1
</UL>

<P><STRONG><a name="[2e0]"></a>__aeabi_memclr8</STRONG> (Thumb, 0 bytes, Stack size 0 bytes, memseta.o(.text), UNUSED)

<P><STRONG><a name="[b7]"></a>_memset$wrapper</STRONG> (Thumb, 18 bytes, Stack size 8 bytes, memseta.o(.text), UNUSED)
<BR><BR>[Calls]<UL><LI><a href="#[b6]">&gt;&gt;</a>&nbsp;&nbsp;&nbsp;__aeabi_memset
</UL>

<P><STRONG><a name="[223]"></a>strlen</STRONG> (Thumb, 14 bytes, Stack size 0 bytes, strlen.o(.text))
<BR><BR>[Called By]<UL><LI><a href="#[21a]">&gt;&gt;</a>&nbsp;&nbsp;&nbsp;MX_BlueNRG_MS_Init
</UL>

<P><STRONG><a name="[2e1]"></a>__aeabi_uidiv</STRONG> (Thumb, 0 bytes, Stack size 12 bytes, uidiv.o(.text), UNUSED)

<P><STRONG><a name="[282]"></a>__aeabi_uidivmod</STRONG> (Thumb, 44 bytes, Stack size 12 bytes, uidiv.o(.text), UNUSED)
<BR><BR>[Called By]<UL><LI><a href="#[280]">&gt;&gt;</a>&nbsp;&nbsp;&nbsp;_printf_core
</UL>

<P><STRONG><a name="[b4]"></a>__aeabi_llsl</STRONG> (Thumb, 30 bytes, Stack size 0 bytes, llshl.o(.text))
<BR><BR>[Called By]<UL><LI><a href="#[b2]">&gt;&gt;</a>&nbsp;&nbsp;&nbsp;__aeabi_uldivmod
</UL>

<P><STRONG><a name="[2e2]"></a>_ll_shift_l</STRONG> (Thumb, 0 bytes, Stack size 0 bytes, llshl.o(.text), UNUSED)

<P><STRONG><a name="[b3]"></a>__aeabi_llsr</STRONG> (Thumb, 32 bytes, Stack size 0 bytes, llushr.o(.text))
<BR><BR>[Called By]<UL><LI><a href="#[b2]">&gt;&gt;</a>&nbsp;&nbsp;&nbsp;__aeabi_uldivmod
</UL>

<P><STRONG><a name="[2e3]"></a>_ll_ushift_r</STRONG> (Thumb, 0 bytes, Stack size 0 bytes, llushr.o(.text), UNUSED)

<P><STRONG><a name="[b1]"></a>__scatterload</STRONG> (Thumb, 28 bytes, Stack size 0 bytes, init.o(.text))
<BR><BR>[Calls]<UL><LI><a href="#[b8]">&gt;&gt;</a>&nbsp;&nbsp;&nbsp;__main_after_scatterload
</UL>
<BR>[Called By]<UL><LI><a href="#[b0]">&gt;&gt;</a>&nbsp;&nbsp;&nbsp;_main_scatterload
</UL>

<P><STRONG><a name="[2e4]"></a>__scatterload_rt2</STRONG> (Thumb, 0 bytes, Stack size 0 bytes, init.o(.text), UNUSED)

<P><STRONG><a name="[2e5]"></a>__decompress</STRONG> (Thumb, 0 bytes, Stack size unknown bytes, __dczerorl2.o(.text), UNUSED)

<P><STRONG><a name="[2e6]"></a>__decompress1</STRONG> (Thumb, 86 bytes, Stack size unknown bytes, __dczerorl2.o(.text), UNUSED)

<P><STRONG><a name="[b9]"></a>Acc_Gyr_Get_Acc_data</STRONG> (Thumb, 24 bytes, Stack size 8 bytes, acc_gyr.o(i.Acc_Gyr_Get_Acc_data))
<BR><BR>[Stack]<UL><LI>Max Depth = 152<LI>Call Chain = Acc_Gyr_Get_Acc_data &rArr; SENSOR_DMA_Start &rArr; HAL_I2C_Mem_Read_DMA &rArr; I2C_RequestMemoryRead &rArr; I2C_WaitOnTXISFlagUntilTimeout &rArr; I2C_IsAcknowledgeFailed
</UL>
<BR>[Calls]<UL><LI><a href="#[ba]">&gt;&gt;</a>&nbsp;&nbsp;&nbsp;SENSOR_DMA_Start
</UL>
<BR>[Called By]<UL><LI><a href="#[258]">&gt;&gt;</a>&nbsp;&nbsp;&nbsp;Sensors_Process
</UL>

<P><STRONG><a name="[bb]"></a>Acc_Gyr_Get_Gyr_data</STRONG> (Thumb, 24 bytes, Stack size 8 bytes, acc_gyr.o(i.Acc_Gyr_Get_Gyr_data))
<BR><BR>[Stack]<UL><LI>Max Depth = 152<LI>Call Chain = Acc_Gyr_Get_Gyr_data &rArr; SENSOR_DMA_Start &rArr; HAL_I2C_Mem_Read_DMA &rArr; I2C_RequestMemoryRead &rArr; I2C_WaitOnTXISFlagUntilTimeout &rArr; I2C_IsAcknowledgeFailed
</UL>
<BR>[Calls]<UL><LI><a href="#[ba]">&gt;&gt;</a>&nbsp;&nbsp;&nbsp;SENSOR_DMA_Start
</UL>
<BR>[Called By]<UL><LI><a href="#[258]">&gt;&gt;</a>&nbsp;&nbsp;&nbsp;Sensors_Process
</UL>

<P><STRONG><a name="[259]"></a>Acc_Gyr_Get_Timestamp</STRONG> (Thumb, 18 bytes, Stack size 0 bytes, acc_gyr.o(i.Acc_Gyr_Get_Timestamp))
<BR><BR>[Called By]<UL><LI><a href="#[258]">&gt;&gt;</a>&nbsp;&nbsp;&nbsp;Sensors_Process
</UL>

<P><STRONG><a name="[bc]"></a>Acc_Gyr_Init</STRONG> (Thumb, 66 bytes, Stack size 16 bytes, acc_gyr.o(i.Acc_Gyr_Init))
<BR><BR>[Stack]<UL><LI>Max Depth = 208<LI>Call Chain = Acc_Gyr_Init &rArr; LSM6DSL_MOTION_SENSOR_Init &rArr; LSM6DSL_0_Probe &rArr; LSM6DSL_RegisterBusIO &rArr; LSM6DSL_Write_Reg &rArr; lsm6dsl_write_reg
</UL>
<BR>[Calls]<UL><LI><a href="#[be]">&gt;&gt;</a>&nbsp;&nbsp;&nbsp;LSM6DSL_MOTION_SENSOR_SetOutputDataRate
<LI><a href="#[bd]">&gt;&gt;</a>&nbsp;&nbsp;&nbsp;LSM6DSL_MOTION_SENSOR_Init
<LI><a href="#[c0]">&gt;&gt;</a>&nbsp;&nbsp;&nbsp;Acc_Gyr_Set_DRDY_XL_G
<LI><a href="#[bf]">&gt;&gt;</a>&nbsp;&nbsp;&nbsp;Acc_Gyr_Set_DRDY_PulsedMode
</UL>
<BR>[Called By]<UL><LI><a href="#[255]">&gt;&gt;</a>&nbsp;&nbsp;&nbsp;Sensors_Init
</UL>

<P><STRONG><a name="[c1]"></a>Acc_Gyr_Is_Data_Ready</STRONG> (Thumb, 20 bytes, Stack size 8 bytes, acc_gyr.o(i.Acc_Gyr_Is_Data_Ready))
<BR><BR>[Stack]<UL><LI>Max Depth = 32<LI>Call Chain = Acc_Gyr_Is_Data_Ready &rArr; LSM6DSL_MOTION_SENSOR_Read_Register &rArr; LSM6DSL_Read_Reg &rArr; lsm6dsl_read_reg
</UL>
<BR>[Calls]<UL><LI><a href="#[c2]">&gt;&gt;</a>&nbsp;&nbsp;&nbsp;LSM6DSL_MOTION_SENSOR_Read_Register
</UL>
<BR>[Called By]<UL><LI><a href="#[258]">&gt;&gt;</a>&nbsp;&nbsp;&nbsp;Sensors_Process
</UL>

<P><STRONG><a name="[bf]"></a>Acc_Gyr_Set_DRDY_PulsedMode</STRONG> (Thumb, 24 bytes, Stack size 8 bytes, acc_gyr.o(i.Acc_Gyr_Set_DRDY_PulsedMode))
<BR><BR>[Stack]<UL><LI>Max Depth = 40<LI>Call Chain = Acc_Gyr_Set_DRDY_PulsedMode &rArr; LSM6DSL_MOTION_SENSOR_Write_Register &rArr; LSM6DSL_Write_Reg &rArr; lsm6dsl_write_reg
</UL>
<BR>[Calls]<UL><LI><a href="#[c3]">&gt;&gt;</a>&nbsp;&nbsp;&nbsp;LSM6DSL_MOTION_SENSOR_Write_Register
<LI><a href="#[c2]">&gt;&gt;</a>&nbsp;&nbsp;&nbsp;LSM6DSL_MOTION_SENSOR_Read_Register
</UL>
<BR>[Called By]<UL><LI><a href="#[bc]">&gt;&gt;</a>&nbsp;&nbsp;&nbsp;Acc_Gyr_Init
</UL>

<P><STRONG><a name="[c0]"></a>Acc_Gyr_Set_DRDY_XL_G</STRONG> (Thumb, 70 bytes, Stack size 16 bytes, acc_gyr.o(i.Acc_Gyr_Set_DRDY_XL_G))
<BR><BR>[Stack]<UL><LI>Max Depth = 48<LI>Call Chain = Acc_Gyr_Set_DRDY_XL_G &rArr; LSM6DSL_MOTION_SENSOR_Write_Register &rArr; LSM6DSL_Write_Reg &rArr; lsm6dsl_write_reg
</UL>
<BR>[Calls]<UL><LI><a href="#[c3]">&gt;&gt;</a>&nbsp;&nbsp;&nbsp;LSM6DSL_MOTION_SENSOR_Write_Register
<LI><a href="#[c2]">&gt;&gt;</a>&nbsp;&nbsp;&nbsp;LSM6DSL_MOTION_SENSOR_Read_Register
</UL>
<BR>[Called By]<UL><LI><a href="#[bc]">&gt;&gt;</a>&nbsp;&nbsp;&nbsp;Acc_Gyr_Init
</UL>

<P><STRONG><a name="[c4]"></a>Acc_Gyr_Start</STRONG> (Thumb, 6 bytes, Stack size 0 bytes, acc_gyr.o(i.Acc_Gyr_Start))
<BR><BR>[Stack]<UL><LI>Max Depth = 8<LI>Call Chain = Acc_Gyr_Start &rArr; LSM6DSL_MOTION_SENSOR_Enable
</UL>
<BR>[Calls]<UL><LI><a href="#[c5]">&gt;&gt;</a>&nbsp;&nbsp;&nbsp;LSM6DSL_MOTION_SENSOR_Enable
</UL>
<BR>[Called By]<UL><LI><a href="#[25e]">&gt;&gt;</a>&nbsp;&nbsp;&nbsp;Sensors_Start
</UL>

<P><STRONG><a name="[c6]"></a>Acc_Gyr_Stop</STRONG> (Thumb, 6 bytes, Stack size 0 bytes, acc_gyr.o(i.Acc_Gyr_Stop))
<BR><BR>[Stack]<UL><LI>Max Depth = 8<LI>Call Chain = Acc_Gyr_Stop &rArr; LSM6DSL_MOTION_SENSOR_Disable
</UL>
<BR>[Calls]<UL><LI><a href="#[c7]">&gt;&gt;</a>&nbsp;&nbsp;&nbsp;LSM6DSL_MOTION_SENSOR_Disable
</UL>
<BR>[Called By]<UL><LI><a href="#[12d]">&gt;&gt;</a>&nbsp;&nbsp;&nbsp;Sensors_Stop
</UL>

<P><STRONG><a name="[d0]"></a>Acti_Init_Debug_Variables</STRONG> (Thumb, 20 bytes, Stack size 0 bytes, sensor_acquisition.o(i.Acti_Init_Debug_Variables))
<BR><BR>[Called By]<UL><LI><a href="#[c8]">&gt;&gt;</a>&nbsp;&nbsp;&nbsp;Acti_Svgrd_Process
</UL>

<P><STRONG><a name="[c8]"></a>Acti_Svgrd_Process</STRONG> (Thumb, 356 bytes, Stack size 32 bytes, fatfs.o(i.Acti_Svgrd_Process))
<BR><BR>[Stack]<UL><LI>Max Depth = 592<LI>Call Chain = Acti_Svgrd_Process &rArr; f_open &rArr; dir_register &rArr; dir_find &rArr; dir_read &rArr; load_xdir &rArr; dir_next &rArr; create_chain &rArr; fill_last_frag &rArr; put_fat &rArr; move_window &rArr; sync_window &rArr; disk_write
</UL>
<BR>[Calls]<UL><LI><a href="#[d2]">&gt;&gt;</a>&nbsp;&nbsp;&nbsp;Set_Acti_Cust_Header
<LI><a href="#[cf]">&gt;&gt;</a>&nbsp;&nbsp;&nbsp;FATFS_Error_Handel
<LI><a href="#[c9]">&gt;&gt;</a>&nbsp;&nbsp;&nbsp;HAL_GetTick
<LI><a href="#[d1]">&gt;&gt;</a>&nbsp;&nbsp;&nbsp;f_write
<LI><a href="#[cc]">&gt;&gt;</a>&nbsp;&nbsp;&nbsp;f_open
<LI><a href="#[ce]">&gt;&gt;</a>&nbsp;&nbsp;&nbsp;f_lseek
<LI><a href="#[cd]">&gt;&gt;</a>&nbsp;&nbsp;&nbsp;f_expand
<LI><a href="#[d3]">&gt;&gt;</a>&nbsp;&nbsp;&nbsp;f_close
<LI><a href="#[ca]">&gt;&gt;</a>&nbsp;&nbsp;&nbsp;RTC_Get_time_date
<LI><a href="#[d0]">&gt;&gt;</a>&nbsp;&nbsp;&nbsp;Acti_Init_Debug_Variables
<LI><a href="#[cb]">&gt;&gt;</a>&nbsp;&nbsp;&nbsp;__2sprintf
</UL>
<BR>[Called By]<UL><LI><a href="#[26c]">&gt;&gt;</a>&nbsp;&nbsp;&nbsp;Svgrd_Process
</UL>

<P><STRONG><a name="[d4]"></a>Add_BabyLogger_Service</STRONG> (Thumb, 760 bytes, Stack size 80 bytes, gatt_db.o(i.Add_BabyLogger_Service))
<BR><BR>[Stack]<UL><LI>Max Depth = 404<LI>Call Chain = Add_BabyLogger_Service &rArr; aci_gatt_add_char &rArr; hci_send_req &rArr; move_list &rArr; list_remove_tail
</UL>
<BR>[Calls]<UL><LI><a href="#[d6]">&gt;&gt;</a>&nbsp;&nbsp;&nbsp;aci_gatt_add_serv
<LI><a href="#[d7]">&gt;&gt;</a>&nbsp;&nbsp;&nbsp;aci_gatt_add_char
<LI><a href="#[d5]">&gt;&gt;</a>&nbsp;&nbsp;&nbsp;__aeabi_memcpy
</UL>
<BR>[Called By]<UL><LI><a href="#[21a]">&gt;&gt;</a>&nbsp;&nbsp;&nbsp;MX_BlueNRG_MS_Init
</UL>

<P><STRONG><a name="[264]"></a>Audio_Get_Debug_Variables</STRONG> (Thumb, 186 bytes, Stack size 0 bytes, acquisition_audio.o(i.Audio_Get_Debug_Variables))
<BR><BR>[Called By]<UL><LI><a href="#[13b]">&gt;&gt;</a>&nbsp;&nbsp;&nbsp;Set_Audio_Cust_Header2
</UL>

<P><STRONG><a name="[d8]"></a>Audio_Init</STRONG> (Thumb, 26 bytes, Stack size 8 bytes, acquisition_audio.o(i.Audio_Init))
<BR><BR>[Stack]<UL><LI>Max Depth = 304<LI>Call Chain = Audio_Init &rArr; DFSDM_Init &rArr; HAL_DFSDM_ChannelInit &rArr; HAL_DFSDM_ChannelMspInit &rArr; HAL_RCCEx_PeriphCLKConfig &rArr; RCCEx_PLLSAI2_Config
</UL>
<BR>[Calls]<UL><LI><a href="#[db]">&gt;&gt;</a>&nbsp;&nbsp;&nbsp;DFSDM_Start_Record
<LI><a href="#[d9]">&gt;&gt;</a>&nbsp;&nbsp;&nbsp;DFSDM_Init
<LI><a href="#[da]">&gt;&gt;</a>&nbsp;&nbsp;&nbsp;Audio_Set_Header
</UL>
<BR>[Called By]<UL><LI><a href="#[89]">&gt;&gt;</a>&nbsp;&nbsp;&nbsp;main
</UL>

<P><STRONG><a name="[e4]"></a>Audio_Init_Debug_Variables</STRONG> (Thumb, 26 bytes, Stack size 0 bytes, acquisition_audio.o(i.Audio_Init_Debug_Variables))
<BR><BR>[Called By]<UL><LI><a href="#[26d]">&gt;&gt;</a>&nbsp;&nbsp;&nbsp;Swap_File_Process
<LI><a href="#[de]">&gt;&gt;</a>&nbsp;&nbsp;&nbsp;Audio_Svgrd_Process
</UL>

<P><STRONG><a name="[e3]"></a>Audio_Init_Svgrd_Buffer</STRONG> (Thumb, 8 bytes, Stack size 0 bytes, acquisition_audio.o(i.Audio_Init_Svgrd_Buffer))
<BR><BR>[Called By]<UL><LI><a href="#[de]">&gt;&gt;</a>&nbsp;&nbsp;&nbsp;Audio_Svgrd_Process
</UL>

<P><STRONG><a name="[da]"></a>Audio_Set_Header</STRONG> (Thumb, 190 bytes, Stack size 20 bytes, acquisition_audio.o(i.Audio_Set_Header))
<BR><BR>[Stack]<UL><LI>Max Depth = 20<LI>Call Chain = Audio_Set_Header
</UL>
<BR>[Called By]<UL><LI><a href="#[d8]">&gt;&gt;</a>&nbsp;&nbsp;&nbsp;Audio_Init
</UL>

<P><STRONG><a name="[dc]"></a>Audio_Stop_Record</STRONG> (Thumb, 4 bytes, Stack size 0 bytes, acquisition_audio.o(i.Audio_Stop_Record))
<BR><BR>[Stack]<UL><LI>Max Depth = 24<LI>Call Chain = Audio_Stop_Record &rArr; DFSDM_Stop_Record &rArr; HAL_DFSDM_FilterRegularStop_DMA
</UL>
<BR>[Calls]<UL><LI><a href="#[dd]">&gt;&gt;</a>&nbsp;&nbsp;&nbsp;DFSDM_Stop_Record
</UL>
<BR>[Called By]<UL><LI><a href="#[cf]">&gt;&gt;</a>&nbsp;&nbsp;&nbsp;FATFS_Error_Handel
<LI><a href="#[89]">&gt;&gt;</a>&nbsp;&nbsp;&nbsp;main
</UL>

<P><STRONG><a name="[26f]"></a>Audio_Svgrd_Pending</STRONG> (Thumb, 18 bytes, Stack size 0 bytes, fatfs.o(i.Audio_Svgrd_Pending))
<BR><BR>[Called By]<UL><LI><a href="#[26d]">&gt;&gt;</a>&nbsp;&nbsp;&nbsp;Swap_File_Process
</UL>

<P><STRONG><a name="[de]"></a>Audio_Svgrd_Process</STRONG> (Thumb, 444 bytes, Stack size 32 bytes, fatfs.o(i.Audio_Svgrd_Process))
<BR><BR>[Stack]<UL><LI>Max Depth = 592<LI>Call Chain = Audio_Svgrd_Process &rArr; f_open &rArr; dir_register &rArr; dir_find &rArr; dir_read &rArr; load_xdir &rArr; dir_next &rArr; create_chain &rArr; fill_last_frag &rArr; put_fat &rArr; move_window &rArr; sync_window &rArr; disk_write
</UL>
<BR>[Calls]<UL><LI><a href="#[e2]">&gt;&gt;</a>&nbsp;&nbsp;&nbsp;Set_Tick_Start_Time
<LI><a href="#[e6]">&gt;&gt;</a>&nbsp;&nbsp;&nbsp;Set_Audio_Cust_Header_Start
<LI><a href="#[cf]">&gt;&gt;</a>&nbsp;&nbsp;&nbsp;FATFS_Error_Handel
<LI><a href="#[d1]">&gt;&gt;</a>&nbsp;&nbsp;&nbsp;f_write
<LI><a href="#[df]">&gt;&gt;</a>&nbsp;&nbsp;&nbsp;f_sync
<LI><a href="#[cc]">&gt;&gt;</a>&nbsp;&nbsp;&nbsp;f_open
<LI><a href="#[ce]">&gt;&gt;</a>&nbsp;&nbsp;&nbsp;f_lseek
<LI><a href="#[cd]">&gt;&gt;</a>&nbsp;&nbsp;&nbsp;f_expand
<LI><a href="#[d3]">&gt;&gt;</a>&nbsp;&nbsp;&nbsp;f_close
<LI><a href="#[ca]">&gt;&gt;</a>&nbsp;&nbsp;&nbsp;RTC_Get_time_date
<LI><a href="#[e5]">&gt;&gt;</a>&nbsp;&nbsp;&nbsp;Crypt_Init_Debug_Variables
<LI><a href="#[e1]">&gt;&gt;</a>&nbsp;&nbsp;&nbsp;Cryp_Init_process_variables
<LI><a href="#[e0]">&gt;&gt;</a>&nbsp;&nbsp;&nbsp;CRYPT_Init
<LI><a href="#[e3]">&gt;&gt;</a>&nbsp;&nbsp;&nbsp;Audio_Init_Svgrd_Buffer
<LI><a href="#[e4]">&gt;&gt;</a>&nbsp;&nbsp;&nbsp;Audio_Init_Debug_Variables
<LI><a href="#[cb]">&gt;&gt;</a>&nbsp;&nbsp;&nbsp;__2sprintf
</UL>
<BR>[Called By]<UL><LI><a href="#[26c]">&gt;&gt;</a>&nbsp;&nbsp;&nbsp;Svgrd_Process
</UL>

<P><STRONG><a name="[e7]"></a>BLE_Date_Recieved</STRONG> (Thumb, 4 bytes, Stack size 0 bytes, rtc.o(i.BLE_Date_Recieved))
<BR><BR>[Stack]<UL><LI>Max Depth = 56<LI>Call Chain = BLE_Date_Recieved &rArr; RTC_Set_date &rArr; HAL_RTC_SetDate &rArr; RTC_EnterInitMode
</UL>
<BR>[Calls]<UL><LI><a href="#[e8]">&gt;&gt;</a>&nbsp;&nbsp;&nbsp;RTC_Set_date
</UL>
<BR>[Called By]<UL><LI><a href="#[27c]">&gt;&gt;</a>&nbsp;&nbsp;&nbsp;Write_Characteristic_CB
</UL>

<P><STRONG><a name="[279]"></a>BLE_Get_Connection_Handle</STRONG> (Thumb, 6 bytes, Stack size 0 bytes, gatt_db.o(i.BLE_Get_Connection_Handle))
<BR><BR>[Called By]<UL><LI><a href="#[229]">&gt;&gt;</a>&nbsp;&nbsp;&nbsp;User_Process
</UL>

<P><STRONG><a name="[e9]"></a>BLE_Key_Received</STRONG> (Thumb, 84 bytes, Stack size 8 bytes, crypt.o(i.BLE_Key_Received))
<BR><BR>[Stack]<UL><LI>Max Depth = 208<LI>Call Chain = BLE_Key_Received &rArr; Crypt_Get_Key_From_EEPROM &rArr; I2C_ReadReg &rArr; HAL_I2C_Mem_Read &rArr; I2C_RequestMemoryRead &rArr; I2C_WaitOnTXISFlagUntilTimeout &rArr; I2C_IsAcknowledgeFailed
</UL>
<BR>[Calls]<UL><LI><a href="#[99]">&gt;&gt;</a>&nbsp;&nbsp;&nbsp;I2C_WriteReg
<LI><a href="#[ea]">&gt;&gt;</a>&nbsp;&nbsp;&nbsp;HAL_GPIO_WritePin
<LI><a href="#[ec]">&gt;&gt;</a>&nbsp;&nbsp;&nbsp;Crypt_Get_Key_From_EEPROM
<LI><a href="#[eb]">&gt;&gt;</a>&nbsp;&nbsp;&nbsp;HAL_Delay
</UL>
<BR>[Called By]<UL><LI><a href="#[27c]">&gt;&gt;</a>&nbsp;&nbsp;&nbsp;Write_Characteristic_CB
</UL>

<P><STRONG><a name="[ed]"></a>BLE_Serial_Number_Recieved</STRONG> (Thumb, 46 bytes, Stack size 8 bytes, main.o(i.BLE_Serial_Number_Recieved))
<BR><BR>[Stack]<UL><LI>Max Depth = 176<LI>Call Chain = BLE_Serial_Number_Recieved &rArr; I2C_WriteReg &rArr; HAL_I2C_Mem_Write &rArr; I2C_RequestMemoryWrite &rArr; I2C_WaitOnTXISFlagUntilTimeout &rArr; I2C_IsAcknowledgeFailed
</UL>
<BR>[Calls]<UL><LI><a href="#[99]">&gt;&gt;</a>&nbsp;&nbsp;&nbsp;I2C_WriteReg
<LI><a href="#[ea]">&gt;&gt;</a>&nbsp;&nbsp;&nbsp;HAL_GPIO_WritePin
</UL>
<BR>[Called By]<UL><LI><a href="#[27c]">&gt;&gt;</a>&nbsp;&nbsp;&nbsp;Write_Characteristic_CB
</UL>

<P><STRONG><a name="[278]"></a>BLE_Task_Is_End</STRONG> (Thumb, 22 bytes, Stack size 0 bytes, gatt_db.o(i.BLE_Task_Is_End))
<BR><BR>[Called By]<UL><LI><a href="#[229]">&gt;&gt;</a>&nbsp;&nbsp;&nbsp;User_Process
</UL>

<P><STRONG><a name="[ee]"></a>BLE_Time_Recieved</STRONG> (Thumb, 4 bytes, Stack size 0 bytes, rtc.o(i.BLE_Time_Recieved))
<BR><BR>[Stack]<UL><LI>Max Depth = 72<LI>Call Chain = BLE_Time_Recieved &rArr; RTC_Set_time &rArr; HAL_RTC_SetTime &rArr; RTC_EnterInitMode
</UL>
<BR>[Calls]<UL><LI><a href="#[ef]">&gt;&gt;</a>&nbsp;&nbsp;&nbsp;RTC_Set_time
</UL>
<BR>[Called By]<UL><LI><a href="#[27c]">&gt;&gt;</a>&nbsp;&nbsp;&nbsp;Write_Characteristic_CB
</UL>

<P><STRONG><a name="[a9]"></a>BSP_GetTick</STRONG> (Thumb, 4 bytes, Stack size 0 bytes, spi_bus.o(i.BSP_GetTick))
<BR><BR>[Calls]<UL><LI><a href="#[c9]">&gt;&gt;</a>&nbsp;&nbsp;&nbsp;HAL_GetTick
</UL>
<BR>[Address Reference Count : 1]<UL><LI> hci_tl_interface.o(i.hci_tl_lowlevel_init)
</UL>
<P><STRONG><a name="[f0]"></a>BSP_PlatformIsDetected</STRONG> (Thumb, 78 bytes, Stack size 40 bytes, bsp_driver_sd.o(i.BSP_PlatformIsDetected))
<BR><BR>[Stack]<UL><LI>Max Depth = 80<LI>Call Chain = BSP_PlatformIsDetected &rArr; HAL_GPIO_Init
</UL>
<BR>[Calls]<UL><LI><a href="#[f3]">&gt;&gt;</a>&nbsp;&nbsp;&nbsp;HAL_GPIO_ReadPin
<LI><a href="#[f2]">&gt;&gt;</a>&nbsp;&nbsp;&nbsp;HAL_GPIO_Init
<LI><a href="#[f1]">&gt;&gt;</a>&nbsp;&nbsp;&nbsp;__aeabi_memclr4
</UL>
<BR>[Called By]<UL><LI><a href="#[f9]">&gt;&gt;</a>&nbsp;&nbsp;&nbsp;BSP_SD_IsDetected
</UL>

<P><STRONG><a name="[194]"></a>BSP_SD_AbortCallback</STRONG> (Thumb, 2 bytes, Stack size 0 bytes, bsp_driver_sd.o(i.BSP_SD_AbortCallback))
<BR><BR>[Called By]<UL><LI><a href="#[193]">&gt;&gt;</a>&nbsp;&nbsp;&nbsp;HAL_SD_AbortCallback
</UL>

<P><STRONG><a name="[f4]"></a>BSP_SD_GetCardInfo</STRONG> (Thumb, 8 bytes, Stack size 0 bytes, bsp_driver_sd.o(i.BSP_SD_GetCardInfo))
<BR><BR>[Calls]<UL><LI><a href="#[f5]">&gt;&gt;</a>&nbsp;&nbsp;&nbsp;HAL_SD_GetCardInfo
</UL>
<BR>[Called By]<UL><LI><a href="#[af]">&gt;&gt;</a>&nbsp;&nbsp;&nbsp;SD_ioctl
</UL>

<P><STRONG><a name="[f6]"></a>BSP_SD_GetCardState</STRONG> (Thumb, 20 bytes, Stack size 8 bytes, bsp_driver_sd.o(i.BSP_SD_GetCardState))
<BR><BR>[Stack]<UL><LI>Max Depth = 68<LI>Call Chain = BSP_SD_GetCardState &rArr; HAL_SD_GetCardState &rArr; SDMMC_CmdSendStatus &rArr; SDMMC_GetCmdResp1
</UL>
<BR>[Calls]<UL><LI><a href="#[f7]">&gt;&gt;</a>&nbsp;&nbsp;&nbsp;HAL_SD_GetCardState
</UL>
<BR>[Called By]<UL><LI><a href="#[ae]">&gt;&gt;</a>&nbsp;&nbsp;&nbsp;SD_write
<LI><a href="#[ad]">&gt;&gt;</a>&nbsp;&nbsp;&nbsp;SD_read
<LI><a href="#[248]">&gt;&gt;</a>&nbsp;&nbsp;&nbsp;SD_CheckStatus
</UL>

<P><STRONG><a name="[f8]"></a>BSP_SD_Init</STRONG> (Thumb, 60 bytes, Stack size 8 bytes, bsp_driver_sd.o(i.BSP_SD_Init))
<BR><BR>[Stack]<UL><LI>Max Depth = 164<LI>Call Chain = BSP_SD_Init &rArr; HAL_SD_Init &rArr; HAL_SD_InitCard &rArr; SD_InitCard &rArr; SDMMC_CmdSelDesel &rArr; SDMMC_GetCmdResp1
</UL>
<BR>[Calls]<UL><LI><a href="#[fa]">&gt;&gt;</a>&nbsp;&nbsp;&nbsp;HAL_SD_Init
<LI><a href="#[fb]">&gt;&gt;</a>&nbsp;&nbsp;&nbsp;HAL_SD_ConfigWideBusOperation
<LI><a href="#[f9]">&gt;&gt;</a>&nbsp;&nbsp;&nbsp;BSP_SD_IsDetected
</UL>
<BR>[Called By]<UL><LI><a href="#[ab]">&gt;&gt;</a>&nbsp;&nbsp;&nbsp;SD_initialize
</UL>

<P><STRONG><a name="[f9]"></a>BSP_SD_IsDetected</STRONG> (Thumb, 26 bytes, Stack size 8 bytes, bsp_driver_sd.o(i.BSP_SD_IsDetected))
<BR><BR>[Stack]<UL><LI>Max Depth = 88<LI>Call Chain = BSP_SD_IsDetected &rArr; BSP_PlatformIsDetected &rArr; HAL_GPIO_Init
</UL>
<BR>[Calls]<UL><LI><a href="#[f0]">&gt;&gt;</a>&nbsp;&nbsp;&nbsp;BSP_PlatformIsDetected
</UL>
<BR>[Called By]<UL><LI><a href="#[f8]">&gt;&gt;</a>&nbsp;&nbsp;&nbsp;BSP_SD_Init
</UL>

<P><STRONG><a name="[fc]"></a>BSP_SD_ReadBlocks</STRONG> (Thumb, 26 bytes, Stack size 16 bytes, bsp_driver_sd.o(i.BSP_SD_ReadBlocks))
<BR><BR>[Stack]<UL><LI>Max Depth = 124<LI>Call Chain = BSP_SD_ReadBlocks &rArr; HAL_SD_ReadBlocks &rArr; SDMMC_CmdStopTransfer &rArr; SDMMC_GetCmdResp1
</UL>
<BR>[Calls]<UL><LI><a href="#[fd]">&gt;&gt;</a>&nbsp;&nbsp;&nbsp;HAL_SD_ReadBlocks
</UL>
<BR>[Called By]<UL><LI><a href="#[ad]">&gt;&gt;</a>&nbsp;&nbsp;&nbsp;SD_read
</UL>

<P><STRONG><a name="[1ac]"></a>BSP_SD_ReadCpltCallback</STRONG> (Thumb, 8 bytes, Stack size 0 bytes, sd_diskio.o(i.BSP_SD_ReadCpltCallback))
<BR><BR>[Called By]<UL><LI><a href="#[19e]">&gt;&gt;</a>&nbsp;&nbsp;&nbsp;HAL_SD_RxCpltCallback
</UL>

<P><STRONG><a name="[fe]"></a>BSP_SD_WriteBlocks_DMA</STRONG> (Thumb, 24 bytes, Stack size 8 bytes, bsp_driver_sd.o(i.BSP_SD_WriteBlocks_DMA))
<BR><BR>[Stack]<UL><LI>Max Depth = 116<LI>Call Chain = BSP_SD_WriteBlocks_DMA &rArr; HAL_SD_WriteBlocks_DMA &rArr; SDMMC_CmdWriteSingleBlock &rArr; SDMMC_GetCmdResp1
</UL>
<BR>[Calls]<UL><LI><a href="#[ff]">&gt;&gt;</a>&nbsp;&nbsp;&nbsp;HAL_SD_WriteBlocks_DMA
</UL>
<BR>[Called By]<UL><LI><a href="#[ae]">&gt;&gt;</a>&nbsp;&nbsp;&nbsp;SD_write
</UL>

<P><STRONG><a name="[1ad]"></a>BSP_SD_WriteCpltCallback</STRONG> (Thumb, 8 bytes, Stack size 0 bytes, sd_diskio.o(i.BSP_SD_WriteCpltCallback))
<BR><BR>[Called By]<UL><LI><a href="#[19f]">&gt;&gt;</a>&nbsp;&nbsp;&nbsp;HAL_SD_TxCpltCallback
</UL>

<P><STRONG><a name="[100]"></a>BSP_SPI3_Init</STRONG> (Thumb, 114 bytes, Stack size 32 bytes, spi_bus.o(i.BSP_SPI3_Init))
<BR><BR>[Stack]<UL><LI>Max Depth = 72<LI>Call Chain = BSP_SPI3_Init &rArr; HAL_GPIO_Init
</UL>
<BR>[Calls]<UL><LI><a href="#[f2]">&gt;&gt;</a>&nbsp;&nbsp;&nbsp;HAL_GPIO_Init
<LI><a href="#[102]">&gt;&gt;</a>&nbsp;&nbsp;&nbsp;MX_SPI3_Init
<LI><a href="#[101]">&gt;&gt;</a>&nbsp;&nbsp;&nbsp;HAL_SPI_GetState
</UL>
<BR>[Called By]<UL><LI><a href="#[a4]">&gt;&gt;</a>&nbsp;&nbsp;&nbsp;HCI_TL_SPI_Init
</UL>

<P><STRONG><a name="[103]"></a>BSP_SPI3_SendRecv</STRONG> (Thumb, 30 bytes, Stack size 16 bytes, spi_bus.o(i.BSP_SPI3_SendRecv))
<BR><BR>[Stack]<UL><LI>Max Depth = 112<LI>Call Chain = BSP_SPI3_SendRecv &rArr; HAL_SPI_TransmitReceive &rArr; SPI_EndRxTxTransaction &rArr; SPI_WaitFifoStateUntilTimeout
</UL>
<BR>[Calls]<UL><LI><a href="#[104]">&gt;&gt;</a>&nbsp;&nbsp;&nbsp;HAL_SPI_TransmitReceive
</UL>
<BR>[Called By]<UL><LI><a href="#[a6]">&gt;&gt;</a>&nbsp;&nbsp;&nbsp;HCI_TL_SPI_Send
<LI><a href="#[a7]">&gt;&gt;</a>&nbsp;&nbsp;&nbsp;HCI_TL_SPI_Receive
</UL>

<P><STRONG><a name="[105]"></a>Bat_Monitor_AlarmClear</STRONG> (Thumb, 4 bytes, Stack size 0 bytes, bat_monitor.o(i.Bat_Monitor_AlarmClear))
<BR><BR>[Stack]<UL><LI>Max Depth = 176<LI>Call Chain = Bat_Monitor_AlarmClear &rArr; STC3115_AlarmClear &rArr; STC3115_WriteByte &rArr; I2C_Write &rArr; I2C_WriteReg &rArr; HAL_I2C_Mem_Write &rArr; I2C_RequestMemoryWrite &rArr; I2C_WaitOnTXISFlagUntilTimeout &rArr; I2C_IsAcknowledgeFailed
</UL>
<BR>[Calls]<UL><LI><a href="#[106]">&gt;&gt;</a>&nbsp;&nbsp;&nbsp;STC3115_AlarmClear
</UL>
<BR>[Called By]<UL><LI><a href="#[258]">&gt;&gt;</a>&nbsp;&nbsp;&nbsp;Sensors_Process
</UL>

<P><STRONG><a name="[107]"></a>Bat_Monitor_AlarmDisable</STRONG> (Thumb, 4 bytes, Stack size 0 bytes, bat_monitor.o(i.Bat_Monitor_AlarmDisable))
<BR><BR>[Stack]<UL><LI>Max Depth = 184<LI>Call Chain = Bat_Monitor_AlarmDisable &rArr; STC3115_AlarmStop &rArr; STC3115_WriteByte &rArr; I2C_Write &rArr; I2C_WriteReg &rArr; HAL_I2C_Mem_Write &rArr; I2C_RequestMemoryWrite &rArr; I2C_WaitOnTXISFlagUntilTimeout &rArr; I2C_IsAcknowledgeFailed
</UL>
<BR>[Calls]<UL><LI><a href="#[108]">&gt;&gt;</a>&nbsp;&nbsp;&nbsp;STC3115_AlarmStop
</UL>
<BR>[Called By]<UL><LI><a href="#[258]">&gt;&gt;</a>&nbsp;&nbsp;&nbsp;Sensors_Process
</UL>

<P><STRONG><a name="[109]"></a>Bat_Monitor_AlarmEnable</STRONG> (Thumb, 4 bytes, Stack size 0 bytes, bat_monitor.o(i.Bat_Monitor_AlarmEnable))
<BR><BR>[Stack]<UL><LI>Max Depth = 184<LI>Call Chain = Bat_Monitor_AlarmEnable &rArr; STC3115_AlarmSet &rArr; STC3115_WriteByte &rArr; I2C_Write &rArr; I2C_WriteReg &rArr; HAL_I2C_Mem_Write &rArr; I2C_RequestMemoryWrite &rArr; I2C_WaitOnTXISFlagUntilTimeout &rArr; I2C_IsAcknowledgeFailed
</UL>
<BR>[Calls]<UL><LI><a href="#[10a]">&gt;&gt;</a>&nbsp;&nbsp;&nbsp;STC3115_AlarmSet
</UL>
<BR>[Called By]<UL><LI><a href="#[258]">&gt;&gt;</a>&nbsp;&nbsp;&nbsp;Sensors_Process
</UL>

<P><STRONG><a name="[10b]"></a>Bat_Monitor_AlarmSetSOCThreshold</STRONG> (Thumb, 8 bytes, Stack size 0 bytes, bat_monitor.o(i.Bat_Monitor_AlarmSetSOCThreshold))
<BR><BR>[Stack]<UL><LI>Max Depth = 176<LI>Call Chain = Bat_Monitor_AlarmSetSOCThreshold &rArr; STC3115_AlarmSetSOCThreshold &rArr; STC3115_WriteByte &rArr; I2C_Write &rArr; I2C_WriteReg &rArr; HAL_I2C_Mem_Write &rArr; I2C_RequestMemoryWrite &rArr; I2C_WaitOnTXISFlagUntilTimeout &rArr; I2C_IsAcknowledgeFailed
</UL>
<BR>[Calls]<UL><LI><a href="#[10c]">&gt;&gt;</a>&nbsp;&nbsp;&nbsp;STC3115_AlarmSetSOCThreshold
</UL>
<BR>[Called By]<UL><LI><a href="#[258]">&gt;&gt;</a>&nbsp;&nbsp;&nbsp;Sensors_Process
</UL>

<P><STRONG><a name="[10d]"></a>Bat_Monitor_Init</STRONG> (Thumb, 34 bytes, Stack size 8 bytes, bat_monitor.o(i.Bat_Monitor_Init))
<BR><BR>[Stack]<UL><LI>Max Depth = 304<LI>Call Chain = Bat_Monitor_Init &rArr; GasGauge_Initialization &rArr; STC3115_Startup &rArr; STC3115_SetParam &rArr; STC3115_WriteWord &rArr; I2C_Write &rArr; I2C_WriteReg &rArr; HAL_I2C_Mem_Write &rArr; I2C_RequestMemoryWrite &rArr; I2C_WaitOnTXISFlagUntilTimeout &rArr; I2C_IsAcknowledgeFailed
</UL>
<BR>[Calls]<UL><LI><a href="#[10a]">&gt;&gt;</a>&nbsp;&nbsp;&nbsp;STC3115_AlarmSet
<LI><a href="#[10e]">&gt;&gt;</a>&nbsp;&nbsp;&nbsp;GasGauge_Initialization
</UL>
<BR>[Called By]<UL><LI><a href="#[255]">&gt;&gt;</a>&nbsp;&nbsp;&nbsp;Sensors_Init
</UL>

<P><STRONG><a name="[254]"></a>Bat_Monitor_Set_Flag_Low_Battery</STRONG> (Thumb, 10 bytes, Stack size 0 bytes, sensor_acquisition.o(i.Bat_Monitor_Set_Flag_Low_Battery))
<BR><BR>[Called By]<UL><LI><a href="#[164]">&gt;&gt;</a>&nbsp;&nbsp;&nbsp;Sensors_Callback_STC3115
<LI><a href="#[22c]">&gt;&gt;</a>&nbsp;&nbsp;&nbsp;Sensors_Init_Check_Bat
</UL>

<P><STRONG><a name="[10f]"></a>Bat_Monitor_Stop</STRONG> (Thumb, 4 bytes, Stack size 0 bytes, bat_monitor.o(i.Bat_Monitor_Stop))
<BR><BR>[Stack]<UL><LI>Max Depth = 184<LI>Call Chain = Bat_Monitor_Stop &rArr; GasGauge_Stop &rArr; STC3115_WriteByte &rArr; I2C_Write &rArr; I2C_WriteReg &rArr; HAL_I2C_Mem_Write &rArr; I2C_RequestMemoryWrite &rArr; I2C_WaitOnTXISFlagUntilTimeout &rArr; I2C_IsAcknowledgeFailed
</UL>
<BR>[Calls]<UL><LI><a href="#[110]">&gt;&gt;</a>&nbsp;&nbsp;&nbsp;GasGauge_Stop
</UL>
<BR>[Called By]<UL><LI><a href="#[142]">&gt;&gt;</a>&nbsp;&nbsp;&nbsp;GPIO_BAT_Charg_PG_Detect_Callback
<LI><a href="#[89]">&gt;&gt;</a>&nbsp;&nbsp;&nbsp;main
<LI><a href="#[12d]">&gt;&gt;</a>&nbsp;&nbsp;&nbsp;Sensors_Stop
</UL>

<P><STRONG><a name="[111]"></a>Bat_Monitor_Update_Values</STRONG> (Thumb, 30 bytes, Stack size 8 bytes, bat_monitor.o(i.Bat_Monitor_Update_Values))
<BR><BR>[Stack]<UL><LI>Max Depth = 248<LI>Call Chain = Bat_Monitor_Update_Values &rArr; GasGauge_Task &rArr; STC3115_Startup &rArr; STC3115_SetParam &rArr; STC3115_WriteWord &rArr; I2C_Write &rArr; I2C_WriteReg &rArr; HAL_I2C_Mem_Write &rArr; I2C_RequestMemoryWrite &rArr; I2C_WaitOnTXISFlagUntilTimeout &rArr; I2C_IsAcknowledgeFailed
</UL>
<BR>[Calls]<UL><LI><a href="#[112]">&gt;&gt;</a>&nbsp;&nbsp;&nbsp;GasGauge_Task
</UL>
<BR>[Called By]<UL><LI><a href="#[258]">&gt;&gt;</a>&nbsp;&nbsp;&nbsp;Sensors_Process
</UL>

<P><STRONG><a name="[28]"></a>BusFault_Handler</STRONG> (Thumb, 6 bytes, Stack size 0 bytes, stm32l4xx_it.o(i.BusFault_Handler))
<BR><BR>[Stack]<UL><LI>Max Depth = 8<LI>Call Chain = BusFault_Handler &rArr; PWR_Reset_System
</UL>
<BR>[Calls]<UL><LI><a href="#[113]">&gt;&gt;</a>&nbsp;&nbsp;&nbsp;PWR_Reset_System
</UL>
<BR>[Address Reference Count : 1]<UL><LI> startup_stm32l4a6xx.o(RESET)
</UL>
<P><STRONG><a name="[143]"></a>Buton_Hold_Callback</STRONG> (Thumb, 8 bytes, Stack size 0 bytes, main.o(i.Buton_Hold_Callback))
<BR><BR>[Called By]<UL><LI><a href="#[142]">&gt;&gt;</a>&nbsp;&nbsp;&nbsp;GPIO_BAT_Charg_PG_Detect_Callback
<LI><a href="#[166]">&gt;&gt;</a>&nbsp;&nbsp;&nbsp;IHM_PB_Callback
<LI><a href="#[277]">&gt;&gt;</a>&nbsp;&nbsp;&nbsp;Tempo_PB_Process
</UL>

<P><STRONG><a name="[e0]"></a>CRYPT_Init</STRONG> (Thumb, 66 bytes, Stack size 8 bytes, crypt.o(i.CRYPT_Init))
<BR><BR>[Stack]<UL><LI>Max Depth = 208<LI>Call Chain = CRYPT_Init &rArr; Crypt_Get_Key_From_EEPROM &rArr; I2C_ReadReg &rArr; HAL_I2C_Mem_Read &rArr; I2C_RequestMemoryRead &rArr; I2C_WaitOnTXISFlagUntilTimeout &rArr; I2C_IsAcknowledgeFailed
</UL>
<BR>[Calls]<UL><LI><a href="#[114]">&gt;&gt;</a>&nbsp;&nbsp;&nbsp;HAL_CRYP_Init
<LI><a href="#[ec]">&gt;&gt;</a>&nbsp;&nbsp;&nbsp;Crypt_Get_Key_From_EEPROM
<LI><a href="#[113]">&gt;&gt;</a>&nbsp;&nbsp;&nbsp;PWR_Reset_System
</UL>
<BR>[Called By]<UL><LI><a href="#[26d]">&gt;&gt;</a>&nbsp;&nbsp;&nbsp;Swap_File_Process
<LI><a href="#[de]">&gt;&gt;</a>&nbsp;&nbsp;&nbsp;Audio_Svgrd_Process
<LI><a href="#[89]">&gt;&gt;</a>&nbsp;&nbsp;&nbsp;main
</UL>

<P><STRONG><a name="[265]"></a>Cryp_Get_Debug_Variables</STRONG> (Thumb, 10 bytes, Stack size 0 bytes, crypt.o(i.Cryp_Get_Debug_Variables))
<BR><BR>[Called By]<UL><LI><a href="#[13b]">&gt;&gt;</a>&nbsp;&nbsp;&nbsp;Set_Audio_Cust_Header2
</UL>

<P><STRONG><a name="[e1]"></a>Cryp_Init_process_variables</STRONG> (Thumb, 10 bytes, Stack size 0 bytes, crypt.o(i.Cryp_Init_process_variables))
<BR><BR>[Called By]<UL><LI><a href="#[de]">&gt;&gt;</a>&nbsp;&nbsp;&nbsp;Audio_Svgrd_Process
</UL>

<P><STRONG><a name="[26e]"></a>Cryp_Pending</STRONG> (Thumb, 18 bytes, Stack size 0 bytes, crypt.o(i.Cryp_Pending))
<BR><BR>[Called By]<UL><LI><a href="#[26d]">&gt;&gt;</a>&nbsp;&nbsp;&nbsp;Swap_File_Process
</UL>

<P><STRONG><a name="[11d]"></a>CryptSvgrBuffCpltCallback</STRONG> (Thumb, 8 bytes, Stack size 0 bytes, fatfs.o(i.CryptSvgrBuffCpltCallback))
<BR><BR>[Called By]<UL><LI><a href="#[11a]">&gt;&gt;</a>&nbsp;&nbsp;&nbsp;Crypt_process
</UL>

<P><STRONG><a name="[ec]"></a>Crypt_Get_Key_From_EEPROM</STRONG> (Thumb, 72 bytes, Stack size 32 bytes, crypt.o(i.Crypt_Get_Key_From_EEPROM))
<BR><BR>[Stack]<UL><LI>Max Depth = 200<LI>Call Chain = Crypt_Get_Key_From_EEPROM &rArr; I2C_ReadReg &rArr; HAL_I2C_Mem_Read &rArr; I2C_RequestMemoryRead &rArr; I2C_WaitOnTXISFlagUntilTimeout &rArr; I2C_IsAcknowledgeFailed
</UL>
<BR>[Calls]<UL><LI><a href="#[98]">&gt;&gt;</a>&nbsp;&nbsp;&nbsp;I2C_ReadReg
<LI><a href="#[eb]">&gt;&gt;</a>&nbsp;&nbsp;&nbsp;HAL_Delay
</UL>
<BR>[Called By]<UL><LI><a href="#[e9]">&gt;&gt;</a>&nbsp;&nbsp;&nbsp;BLE_Key_Received
<LI><a href="#[e0]">&gt;&gt;</a>&nbsp;&nbsp;&nbsp;CRYPT_Init
</UL>

<P><STRONG><a name="[e5]"></a>Crypt_Init_Debug_Variables</STRONG> (Thumb, 10 bytes, Stack size 0 bytes, crypt.o(i.Crypt_Init_Debug_Variables))
<BR><BR>[Called By]<UL><LI><a href="#[26d]">&gt;&gt;</a>&nbsp;&nbsp;&nbsp;Swap_File_Process
<LI><a href="#[de]">&gt;&gt;</a>&nbsp;&nbsp;&nbsp;Audio_Svgrd_Process
</UL>

<P><STRONG><a name="[118]"></a>Crypt_fist_half_buffer</STRONG> (Thumb, 26 bytes, Stack size 8 bytes, crypt.o(i.Crypt_fist_half_buffer))
<BR><BR>[Stack]<UL><LI>Max Depth = 80<LI>Call Chain = Crypt_fist_half_buffer &rArr; HAL_CRYPEx_AES &rArr; CRYP_ProcessData &rArr; CRYP_WaitOnCCFlag
</UL>
<BR>[Calls]<UL><LI><a href="#[119]">&gt;&gt;</a>&nbsp;&nbsp;&nbsp;HAL_CRYPEx_AES
</UL>
<BR>[Called By]<UL><LI><a href="#[11a]">&gt;&gt;</a>&nbsp;&nbsp;&nbsp;Crypt_process
</UL>

<P><STRONG><a name="[11a]"></a>Crypt_process</STRONG> (Thumb, 52 bytes, Stack size 16 bytes, crypt.o(i.Crypt_process))
<BR><BR>[Stack]<UL><LI>Max Depth = 96<LI>Call Chain = Crypt_process &rArr; Crypt_second_half_buffer &rArr; HAL_CRYPEx_AES &rArr; CRYP_ProcessData &rArr; CRYP_WaitOnCCFlag
</UL>
<BR>[Calls]<UL><LI><a href="#[11b]">&gt;&gt;</a>&nbsp;&nbsp;&nbsp;HalfCryptSvgrBuffCpltCallback
<LI><a href="#[11d]">&gt;&gt;</a>&nbsp;&nbsp;&nbsp;CryptSvgrBuffCpltCallback
<LI><a href="#[11c]">&gt;&gt;</a>&nbsp;&nbsp;&nbsp;Crypt_second_half_buffer
<LI><a href="#[118]">&gt;&gt;</a>&nbsp;&nbsp;&nbsp;Crypt_fist_half_buffer
</UL>
<BR>[Called By]<UL><LI><a href="#[89]">&gt;&gt;</a>&nbsp;&nbsp;&nbsp;main
</UL>

<P><STRONG><a name="[11c]"></a>Crypt_second_half_buffer</STRONG> (Thumb, 24 bytes, Stack size 8 bytes, crypt.o(i.Crypt_second_half_buffer))
<BR><BR>[Stack]<UL><LI>Max Depth = 80<LI>Call Chain = Crypt_second_half_buffer &rArr; HAL_CRYPEx_AES &rArr; CRYP_ProcessData &rArr; CRYP_WaitOnCCFlag
</UL>
<BR>[Calls]<UL><LI><a href="#[119]">&gt;&gt;</a>&nbsp;&nbsp;&nbsp;HAL_CRYPEx_AES
</UL>
<BR>[Called By]<UL><LI><a href="#[11a]">&gt;&gt;</a>&nbsp;&nbsp;&nbsp;Crypt_process
</UL>

<P><STRONG><a name="[d9]"></a>DFSDM_Init</STRONG> (Thumb, 530 bytes, Stack size 40 bytes, dfsdm.o(i.DFSDM_Init))
<BR><BR>[Stack]<UL><LI>Max Depth = 296<LI>Call Chain = DFSDM_Init &rArr; HAL_DFSDM_ChannelInit &rArr; HAL_DFSDM_ChannelMspInit &rArr; HAL_RCCEx_PeriphCLKConfig &rArr; RCCEx_PLLSAI2_Config
</UL>
<BR>[Calls]<UL><LI><a href="#[122]">&gt;&gt;</a>&nbsp;&nbsp;&nbsp;HAL_DFSDM_FilterInit
<LI><a href="#[123]">&gt;&gt;</a>&nbsp;&nbsp;&nbsp;HAL_DFSDM_FilterConfigRegChannel
<LI><a href="#[121]">&gt;&gt;</a>&nbsp;&nbsp;&nbsp;HAL_DFSDM_ChannelInit
<LI><a href="#[113]">&gt;&gt;</a>&nbsp;&nbsp;&nbsp;PWR_Reset_System
</UL>
<BR>[Called By]<UL><LI><a href="#[d8]">&gt;&gt;</a>&nbsp;&nbsp;&nbsp;Audio_Init
</UL>

<P><STRONG><a name="[db]"></a>DFSDM_Start_Record</STRONG> (Thumb, 84 bytes, Stack size 8 bytes, dfsdm.o(i.DFSDM_Start_Record))
<BR><BR>[Stack]<UL><LI>Max Depth = 52<LI>Call Chain = DFSDM_Start_Record &rArr; HAL_DFSDM_FilterRegularStart_DMA &rArr; HAL_DMA_Start_IT &rArr; DMA_SetConfig
</UL>
<BR>[Calls]<UL><LI><a href="#[124]">&gt;&gt;</a>&nbsp;&nbsp;&nbsp;HAL_DFSDM_FilterRegularStart_DMA
<LI><a href="#[113]">&gt;&gt;</a>&nbsp;&nbsp;&nbsp;PWR_Reset_System
</UL>
<BR>[Called By]<UL><LI><a href="#[d8]">&gt;&gt;</a>&nbsp;&nbsp;&nbsp;Audio_Init
</UL>

<P><STRONG><a name="[dd]"></a>DFSDM_Stop_Record</STRONG> (Thumb, 36 bytes, Stack size 8 bytes, dfsdm.o(i.DFSDM_Stop_Record))
<BR><BR>[Stack]<UL><LI>Max Depth = 24<LI>Call Chain = DFSDM_Stop_Record &rArr; HAL_DFSDM_FilterRegularStop_DMA
</UL>
<BR>[Calls]<UL><LI><a href="#[125]">&gt;&gt;</a>&nbsp;&nbsp;&nbsp;HAL_DFSDM_FilterRegularStop_DMA
</UL>
<BR>[Called By]<UL><LI><a href="#[dc]">&gt;&gt;</a>&nbsp;&nbsp;&nbsp;Audio_Stop_Record
</UL>

<P><STRONG><a name="[3c]"></a>DMA1_Channel4_IRQHandler</STRONG> (Thumb, 6 bytes, Stack size 0 bytes, stm32l4xx_it.o(i.DMA1_Channel4_IRQHandler))
<BR><BR>[Stack]<UL><LI>Max Depth = 16<LI>Call Chain = DMA1_Channel4_IRQHandler &rArr; HAL_DMA_IRQHandler
</UL>
<BR>[Calls]<UL><LI><a href="#[126]">&gt;&gt;</a>&nbsp;&nbsp;&nbsp;HAL_DMA_IRQHandler
</UL>
<BR>[Address Reference Count : 1]<UL><LI> startup_stm32l4a6xx.o(RESET)
</UL>
<P><STRONG><a name="[3d]"></a>DMA1_Channel5_IRQHandler</STRONG> (Thumb, 6 bytes, Stack size 0 bytes, stm32l4xx_it.o(i.DMA1_Channel5_IRQHandler))
<BR><BR>[Stack]<UL><LI>Max Depth = 16<LI>Call Chain = DMA1_Channel5_IRQHandler &rArr; HAL_DMA_IRQHandler
</UL>
<BR>[Calls]<UL><LI><a href="#[126]">&gt;&gt;</a>&nbsp;&nbsp;&nbsp;HAL_DMA_IRQHandler
</UL>
[...]
</UL>
<BR>[Calls]<UL><LI><a href="#[2a8]">&gt;&gt;</a>&nbsp;&nbsp;&nbsp;load_obj_dir
<LI><a href="#[2b9]">&gt;&gt;</a>&nbsp;&nbsp;&nbsp;ld_qword
<LI><a href="#[289]">&gt;&gt;</a>&nbsp;&nbsp;&nbsp;ld_dword
<LI><a href="#[2b6]">&gt;&gt;</a>&nbsp;&nbsp;&nbsp;ld_clust
<LI><a href="#[29b]">&gt;&gt;</a>&nbsp;&nbsp;&nbsp;dir_sdi
<LI><a href="#[29d]">&gt;&gt;</a>&nbsp;&nbsp;&nbsp;dir_find
<LI><a href="#[293]">&gt;&gt;</a>&nbsp;&nbsp;&nbsp;create_name
</UL>
<BR>[Called By]<UL><LI><a href="#[238]">&gt;&gt;</a>&nbsp;&nbsp;&nbsp;f_opendir
<LI><a href="#[cc]">&gt;&gt;</a>&nbsp;&nbsp;&nbsp;f_open
</UL>

<P><STRONG><a name="[2a6]"></a>gen_numname</STRONG> (Thumb, 122 bytes, Stack size 24 bytes, ff.o(i.gen_numname))
<BR><BR>[Stack]<UL><LI>Max Depth = 24<LI>Call Chain = gen_numname
</UL>
<BR>[Calls]<UL><LI><a href="#[2a5]">&gt;&gt;</a>&nbsp;&nbsp;&nbsp;mem_cpy
</UL>
<BR>[Called By]<UL><LI><a href="#[2a4]">&gt;&gt;</a>&nbsp;&nbsp;&nbsp;dir_register
</UL>

<P><STRONG><a name="[28f]"></a>get_fat</STRONG> (Thumb, 302 bytes, Stack size 24 bytes, ff.o(i.get_fat))
<BR><BR>[Stack]<UL><LI>Max Depth = 72<LI>Call Chain = get_fat &rArr; move_window &rArr; sync_window &rArr; disk_write
</UL>
<BR>[Calls]<UL><LI><a href="#[286]">&gt;&gt;</a>&nbsp;&nbsp;&nbsp;move_window
<LI><a href="#[288]">&gt;&gt;</a>&nbsp;&nbsp;&nbsp;ld_word
<LI><a href="#[289]">&gt;&gt;</a>&nbsp;&nbsp;&nbsp;ld_dword
</UL>
<BR>[Called By]<UL><LI><a href="#[cc]">&gt;&gt;</a>&nbsp;&nbsp;&nbsp;f_open
<LI><a href="#[ce]">&gt;&gt;</a>&nbsp;&nbsp;&nbsp;f_lseek
<LI><a href="#[138]">&gt;&gt;</a>&nbsp;&nbsp;&nbsp;f_getfree
<LI><a href="#[cd]">&gt;&gt;</a>&nbsp;&nbsp;&nbsp;f_expand
<LI><a href="#[2b8]">&gt;&gt;</a>&nbsp;&nbsp;&nbsp;remove_chain
<LI><a href="#[29b]">&gt;&gt;</a>&nbsp;&nbsp;&nbsp;dir_sdi
<LI><a href="#[29c]">&gt;&gt;</a>&nbsp;&nbsp;&nbsp;dir_next
<LI><a href="#[28e]">&gt;&gt;</a>&nbsp;&nbsp;&nbsp;create_chain
</UL>

<P><STRONG><a name="[2bb]"></a>get_fileinfo</STRONG> (Thumb, 256 bytes, Stack size 32 bytes, ff.o(i.get_fileinfo))
<BR><BR>[Stack]<UL><LI>Max Depth = 64<LI>Call Chain = get_fileinfo &rArr; get_xdir_info &rArr; ld_qword
</UL>
<BR>[Calls]<UL><LI><a href="#[294]">&gt;&gt;</a>&nbsp;&nbsp;&nbsp;ff_convert
<LI><a href="#[289]">&gt;&gt;</a>&nbsp;&nbsp;&nbsp;ld_dword
<LI><a href="#[2c0]">&gt;&gt;</a>&nbsp;&nbsp;&nbsp;get_xdir_info
</UL>
<BR>[Called By]<UL><LI><a href="#[239]">&gt;&gt;</a>&nbsp;&nbsp;&nbsp;f_readdir
</UL>

<P><STRONG><a name="[2b0]"></a>get_ldnumber</STRONG> (Thumb, 138 bytes, Stack size 28 bytes, ff.o(i.get_ldnumber))
<BR><BR>[Stack]<UL><LI>Max Depth = 28<LI>Call Chain = get_ldnumber
</UL>
<BR>[Called By]<UL><LI><a href="#[12e]">&gt;&gt;</a>&nbsp;&nbsp;&nbsp;f_mount
<LI><a href="#[2ad]">&gt;&gt;</a>&nbsp;&nbsp;&nbsp;find_volume
</UL>

<P><STRONG><a name="[2c0]"></a>get_xdir_info</STRONG> (Thumb, 126 bytes, Stack size 24 bytes, ff.o(i.get_xdir_info))
<BR><BR>[Stack]<UL><LI>Max Depth = 32<LI>Call Chain = get_xdir_info &rArr; ld_qword
</UL>
<BR>[Calls]<UL><LI><a href="#[294]">&gt;&gt;</a>&nbsp;&nbsp;&nbsp;ff_convert
<LI><a href="#[288]">&gt;&gt;</a>&nbsp;&nbsp;&nbsp;ld_word
<LI><a href="#[2b9]">&gt;&gt;</a>&nbsp;&nbsp;&nbsp;ld_qword
</UL>
<BR>[Called By]<UL><LI><a href="#[2bb]">&gt;&gt;</a>&nbsp;&nbsp;&nbsp;get_fileinfo
</UL>

<P><STRONG><a name="[2ba]"></a>inc_lock</STRONG> (Thumb, 124 bytes, Stack size 20 bytes, ff.o(i.inc_lock))
<BR><BR>[Stack]<UL><LI>Max Depth = 20<LI>Call Chain = inc_lock
</UL>
<BR>[Called By]<UL><LI><a href="#[238]">&gt;&gt;</a>&nbsp;&nbsp;&nbsp;f_opendir
<LI><a href="#[cc]">&gt;&gt;</a>&nbsp;&nbsp;&nbsp;f_open
</UL>

<P><STRONG><a name="[2b6]"></a>ld_clust</STRONG> (Thumb, 38 bytes, Stack size 16 bytes, ff.o(i.ld_clust))
<BR><BR>[Stack]<UL><LI>Max Depth = 16<LI>Call Chain = ld_clust
</UL>
<BR>[Calls]<UL><LI><a href="#[288]">&gt;&gt;</a>&nbsp;&nbsp;&nbsp;ld_word
</UL>
<BR>[Called By]<UL><LI><a href="#[238]">&gt;&gt;</a>&nbsp;&nbsp;&nbsp;f_opendir
<LI><a href="#[cc]">&gt;&gt;</a>&nbsp;&nbsp;&nbsp;f_open
<LI><a href="#[2b2]">&gt;&gt;</a>&nbsp;&nbsp;&nbsp;follow_path
</UL>

<P><STRONG><a name="[289]"></a>ld_dword</STRONG> (Thumb, 22 bytes, Stack size 0 bytes, ff.o(i.ld_dword))
<BR><BR>[Called By]<UL><LI><a href="#[238]">&gt;&gt;</a>&nbsp;&nbsp;&nbsp;f_opendir
<LI><a href="#[cc]">&gt;&gt;</a>&nbsp;&nbsp;&nbsp;f_open
<LI><a href="#[138]">&gt;&gt;</a>&nbsp;&nbsp;&nbsp;f_getfree
<LI><a href="#[292]">&gt;&gt;</a>&nbsp;&nbsp;&nbsp;put_fat
<LI><a href="#[2bb]">&gt;&gt;</a>&nbsp;&nbsp;&nbsp;get_fileinfo
<LI><a href="#[28f]">&gt;&gt;</a>&nbsp;&nbsp;&nbsp;get_fat
<LI><a href="#[2b2]">&gt;&gt;</a>&nbsp;&nbsp;&nbsp;follow_path
<LI><a href="#[2ad]">&gt;&gt;</a>&nbsp;&nbsp;&nbsp;find_volume
<LI><a href="#[287]">&gt;&gt;</a>&nbsp;&nbsp;&nbsp;check_fs
</UL>

<P><STRONG><a name="[2b9]"></a>ld_qword</STRONG> (Thumb, 86 bytes, Stack size 8 bytes, ff.o(i.ld_qword))
<BR><BR>[Stack]<UL><LI>Max Depth = 8<LI>Call Chain = ld_qword
</UL>
<BR>[Called By]<UL><LI><a href="#[238]">&gt;&gt;</a>&nbsp;&nbsp;&nbsp;f_opendir
<LI><a href="#[cc]">&gt;&gt;</a>&nbsp;&nbsp;&nbsp;f_open
<LI><a href="#[2c0]">&gt;&gt;</a>&nbsp;&nbsp;&nbsp;get_xdir_info
<LI><a href="#[2b2]">&gt;&gt;</a>&nbsp;&nbsp;&nbsp;follow_path
<LI><a href="#[2ad]">&gt;&gt;</a>&nbsp;&nbsp;&nbsp;find_volume
</UL>

<P><STRONG><a name="[288]"></a>ld_word</STRONG> (Thumb, 10 bytes, Stack size 0 bytes, ff.o(i.ld_word))
<BR><BR>[Called By]<UL><LI><a href="#[138]">&gt;&gt;</a>&nbsp;&nbsp;&nbsp;f_getfree
<LI><a href="#[2a3]">&gt;&gt;</a>&nbsp;&nbsp;&nbsp;pick_lfn
<LI><a href="#[2a2]">&gt;&gt;</a>&nbsp;&nbsp;&nbsp;load_xdir
<LI><a href="#[2b6]">&gt;&gt;</a>&nbsp;&nbsp;&nbsp;ld_clust
<LI><a href="#[2c0]">&gt;&gt;</a>&nbsp;&nbsp;&nbsp;get_xdir_info
<LI><a href="#[28f]">&gt;&gt;</a>&nbsp;&nbsp;&nbsp;get_fat
<LI><a href="#[2ad]">&gt;&gt;</a>&nbsp;&nbsp;&nbsp;find_volume
<LI><a href="#[29d]">&gt;&gt;</a>&nbsp;&nbsp;&nbsp;dir_find
<LI><a href="#[28c]">&gt;&gt;</a>&nbsp;&nbsp;&nbsp;cmp_lfn
<LI><a href="#[287]">&gt;&gt;</a>&nbsp;&nbsp;&nbsp;check_fs
</UL>

<P><STRONG><a name="[2a8]"></a>load_obj_dir</STRONG> (Thumb, 56 bytes, Stack size 8 bytes, ff.o(i.load_obj_dir))
<BR><BR>[Stack]<UL><LI>Max Depth = 192<LI>Call Chain = load_obj_dir &rArr; load_xdir &rArr; dir_next &rArr; create_chain &rArr; fill_last_frag &rArr; put_fat &rArr; move_window &rArr; sync_window &rArr; disk_write
</UL>
<BR>[Calls]<UL><LI><a href="#[2a2]">&gt;&gt;</a>&nbsp;&nbsp;&nbsp;load_xdir
<LI><a href="#[29b]">&gt;&gt;</a>&nbsp;&nbsp;&nbsp;dir_sdi
</UL>
<BR>[Called By]<UL><LI><a href="#[df]">&gt;&gt;</a>&nbsp;&nbsp;&nbsp;f_sync
<LI><a href="#[2b2]">&gt;&gt;</a>&nbsp;&nbsp;&nbsp;follow_path
<LI><a href="#[2a4]">&gt;&gt;</a>&nbsp;&nbsp;&nbsp;dir_register
</UL>

<P><STRONG><a name="[2a2]"></a>load_xdir</STRONG> (Thumb, 200 bytes, Stack size 24 bytes, ff.o(i.load_xdir))
<BR><BR>[Stack]<UL><LI>Max Depth = 184<LI>Call Chain = load_xdir &rArr; dir_next &rArr; create_chain &rArr; fill_last_frag &rArr; put_fat &rArr; move_window &rArr; sync_window &rArr; disk_write
</UL>
<BR>[Calls]<UL><LI><a href="#[2d1]">&gt;&gt;</a>&nbsp;&nbsp;&nbsp;xdir_sum
<LI><a href="#[286]">&gt;&gt;</a>&nbsp;&nbsp;&nbsp;move_window
<LI><a href="#[2a5]">&gt;&gt;</a>&nbsp;&nbsp;&nbsp;mem_cpy
<LI><a href="#[288]">&gt;&gt;</a>&nbsp;&nbsp;&nbsp;ld_word
<LI><a href="#[29c]">&gt;&gt;</a>&nbsp;&nbsp;&nbsp;dir_next
</UL>
<BR>[Called By]<UL><LI><a href="#[2a8]">&gt;&gt;</a>&nbsp;&nbsp;&nbsp;load_obj_dir
<LI><a href="#[29e]">&gt;&gt;</a>&nbsp;&nbsp;&nbsp;dir_read
</UL>

<P><STRONG><a name="[28a]"></a>mem_cmp</STRONG> (Thumb, 26 bytes, Stack size 8 bytes, ff.o(i.mem_cmp))
<BR><BR>[Stack]<UL><LI>Max Depth = 8<LI>Call Chain = mem_cmp
</UL>
<BR>[Called By]<UL><LI><a href="#[29d]">&gt;&gt;</a>&nbsp;&nbsp;&nbsp;dir_find
<LI><a href="#[287]">&gt;&gt;</a>&nbsp;&nbsp;&nbsp;check_fs
</UL>

<P><STRONG><a name="[2a5]"></a>mem_cpy</STRONG> (Thumb, 18 bytes, Stack size 0 bytes, ff.o(i.mem_cpy))
<BR><BR>[Called By]<UL><LI><a href="#[d1]">&gt;&gt;</a>&nbsp;&nbsp;&nbsp;f_write
<LI><a href="#[2aa]">&gt;&gt;</a>&nbsp;&nbsp;&nbsp;store_xdir
<LI><a href="#[2a2]">&gt;&gt;</a>&nbsp;&nbsp;&nbsp;load_xdir
<LI><a href="#[2a6]">&gt;&gt;</a>&nbsp;&nbsp;&nbsp;gen_numname
<LI><a href="#[2a4]">&gt;&gt;</a>&nbsp;&nbsp;&nbsp;dir_register
</UL>

<P><STRONG><a name="[296]"></a>mem_set</STRONG> (Thumb, 14 bytes, Stack size 0 bytes, ff.o(i.mem_set))
<BR><BR>[Called By]<UL><LI><a href="#[cc]">&gt;&gt;</a>&nbsp;&nbsp;&nbsp;f_open
<LI><a href="#[2bc]">&gt;&gt;</a>&nbsp;&nbsp;&nbsp;sync_fs
<LI><a href="#[2a4]">&gt;&gt;</a>&nbsp;&nbsp;&nbsp;dir_register
<LI><a href="#[29c]">&gt;&gt;</a>&nbsp;&nbsp;&nbsp;dir_next
<LI><a href="#[297]">&gt;&gt;</a>&nbsp;&nbsp;&nbsp;create_xdir
<LI><a href="#[293]">&gt;&gt;</a>&nbsp;&nbsp;&nbsp;create_name
</UL>

<P><STRONG><a name="[286]"></a>move_window</STRONG> (Thumb, 50 bytes, Stack size 16 bytes, ff.o(i.move_window))
<BR><BR>[Stack]<UL><LI>Max Depth = 48<LI>Call Chain = move_window &rArr; sync_window &rArr; disk_write
</UL>
<BR>[Calls]<UL><LI><a href="#[2a0]">&gt;&gt;</a>&nbsp;&nbsp;&nbsp;sync_window
<LI><a href="#[2af]">&gt;&gt;</a>&nbsp;&nbsp;&nbsp;disk_read
</UL>
<BR>[Called By]<UL><LI><a href="#[df]">&gt;&gt;</a>&nbsp;&nbsp;&nbsp;f_sync
<LI><a href="#[cc]">&gt;&gt;</a>&nbsp;&nbsp;&nbsp;f_open
<LI><a href="#[138]">&gt;&gt;</a>&nbsp;&nbsp;&nbsp;f_getfree
<LI><a href="#[2aa]">&gt;&gt;</a>&nbsp;&nbsp;&nbsp;store_xdir
<LI><a href="#[292]">&gt;&gt;</a>&nbsp;&nbsp;&nbsp;put_fat
<LI><a href="#[2a2]">&gt;&gt;</a>&nbsp;&nbsp;&nbsp;load_xdir
<LI><a href="#[28f]">&gt;&gt;</a>&nbsp;&nbsp;&nbsp;get_fat
<LI><a href="#[2ad]">&gt;&gt;</a>&nbsp;&nbsp;&nbsp;find_volume
<LI><a href="#[290]">&gt;&gt;</a>&nbsp;&nbsp;&nbsp;find_bitmap
<LI><a href="#[2a4]">&gt;&gt;</a>&nbsp;&nbsp;&nbsp;dir_register
<LI><a href="#[29e]">&gt;&gt;</a>&nbsp;&nbsp;&nbsp;dir_read
<LI><a href="#[29d]">&gt;&gt;</a>&nbsp;&nbsp;&nbsp;dir_find
<LI><a href="#[29a]">&gt;&gt;</a>&nbsp;&nbsp;&nbsp;dir_alloc
<LI><a href="#[287]">&gt;&gt;</a>&nbsp;&nbsp;&nbsp;check_fs
<LI><a href="#[285]">&gt;&gt;</a>&nbsp;&nbsp;&nbsp;change_bitmap
</UL>

<P><STRONG><a name="[2a3]"></a>pick_lfn</STRONG> (Thumb, 110 bytes, Stack size 32 bytes, ff.o(i.pick_lfn))
<BR><BR>[Stack]<UL><LI>Max Depth = 32<LI>Call Chain = pick_lfn
</UL>
<BR>[Calls]<UL><LI><a href="#[288]">&gt;&gt;</a>&nbsp;&nbsp;&nbsp;ld_word
</UL>
<BR>[Called By]<UL><LI><a href="#[29e]">&gt;&gt;</a>&nbsp;&nbsp;&nbsp;dir_read
</UL>

<P><STRONG><a name="[292]"></a>put_fat</STRONG> (Thumb, 246 bytes, Stack size 32 bytes, ff.o(i.put_fat))
<BR><BR>[Stack]<UL><LI>Max Depth = 80<LI>Call Chain = put_fat &rArr; move_window &rArr; sync_window &rArr; disk_write
</UL>
<BR>[Calls]<UL><LI><a href="#[298]">&gt;&gt;</a>&nbsp;&nbsp;&nbsp;st_word
<LI><a href="#[2b5]">&gt;&gt;</a>&nbsp;&nbsp;&nbsp;st_dword
<LI><a href="#[286]">&gt;&gt;</a>&nbsp;&nbsp;&nbsp;move_window
<LI><a href="#[289]">&gt;&gt;</a>&nbsp;&nbsp;&nbsp;ld_dword
</UL>
<BR>[Called By]<UL><LI><a href="#[cd]">&gt;&gt;</a>&nbsp;&nbsp;&nbsp;f_expand
<LI><a href="#[2b8]">&gt;&gt;</a>&nbsp;&nbsp;&nbsp;remove_chain
<LI><a href="#[291]">&gt;&gt;</a>&nbsp;&nbsp;&nbsp;fill_last_frag
<LI><a href="#[2a7]">&gt;&gt;</a>&nbsp;&nbsp;&nbsp;fill_first_frag
<LI><a href="#[28e]">&gt;&gt;</a>&nbsp;&nbsp;&nbsp;create_chain
</UL>

<P><STRONG><a name="[2b8]"></a>remove_chain</STRONG> (Thumb, 228 bytes, Stack size 32 bytes, ff.o(i.remove_chain))
<BR><BR>[Stack]<UL><LI>Max Depth = 120<LI>Call Chain = remove_chain &rArr; change_bitmap &rArr; move_window &rArr; sync_window &rArr; disk_write
</UL>
<BR>[Calls]<UL><LI><a href="#[292]">&gt;&gt;</a>&nbsp;&nbsp;&nbsp;put_fat
<LI><a href="#[28f]">&gt;&gt;</a>&nbsp;&nbsp;&nbsp;get_fat
<LI><a href="#[285]">&gt;&gt;</a>&nbsp;&nbsp;&nbsp;change_bitmap
</UL>
<BR>[Called By]<UL><LI><a href="#[cc]">&gt;&gt;</a>&nbsp;&nbsp;&nbsp;f_open
</UL>

<P><STRONG><a name="[2b7]"></a>st_clust</STRONG> (Thumb, 40 bytes, Stack size 16 bytes, ff.o(i.st_clust))
<BR><BR>[Stack]<UL><LI>Max Depth = 16<LI>Call Chain = st_clust
</UL>
<BR>[Calls]<UL><LI><a href="#[298]">&gt;&gt;</a>&nbsp;&nbsp;&nbsp;st_word
</UL>
<BR>[Called By]<UL><LI><a href="#[df]">&gt;&gt;</a>&nbsp;&nbsp;&nbsp;f_sync
<LI><a href="#[cc]">&gt;&gt;</a>&nbsp;&nbsp;&nbsp;f_open
</UL>

<P><STRONG><a name="[2b5]"></a>st_dword</STRONG> (Thumb, 16 bytes, Stack size 0 bytes, ff.o(i.st_dword))
<BR><BR>[Called By]<UL><LI><a href="#[df]">&gt;&gt;</a>&nbsp;&nbsp;&nbsp;f_sync
<LI><a href="#[cc]">&gt;&gt;</a>&nbsp;&nbsp;&nbsp;f_open
<LI><a href="#[2bc]">&gt;&gt;</a>&nbsp;&nbsp;&nbsp;sync_fs
<LI><a href="#[292]">&gt;&gt;</a>&nbsp;&nbsp;&nbsp;put_fat
</UL>

<P><STRONG><a name="[2a9]"></a>st_qword</STRONG> (Thumb, 74 bytes, Stack size 8 bytes, ff.o(i.st_qword))
<BR><BR>[Stack]<UL><LI>Max Depth = 8<LI>Call Chain = st_qword
</UL>
<BR>[Called By]<UL><LI><a href="#[df]">&gt;&gt;</a>&nbsp;&nbsp;&nbsp;f_sync
<LI><a href="#[cc]">&gt;&gt;</a>&nbsp;&nbsp;&nbsp;f_open
<LI><a href="#[2a4]">&gt;&gt;</a>&nbsp;&nbsp;&nbsp;dir_register
</UL>

<P><STRONG><a name="[298]"></a>st_word</STRONG> (Thumb, 8 bytes, Stack size 0 bytes, ff.o(i.st_word))
<BR><BR>[Called By]<UL><LI><a href="#[df]">&gt;&gt;</a>&nbsp;&nbsp;&nbsp;f_sync
<LI><a href="#[2bc]">&gt;&gt;</a>&nbsp;&nbsp;&nbsp;sync_fs
<LI><a href="#[2aa]">&gt;&gt;</a>&nbsp;&nbsp;&nbsp;store_xdir
<LI><a href="#[2b7]">&gt;&gt;</a>&nbsp;&nbsp;&nbsp;st_clust
<LI><a href="#[292]">&gt;&gt;</a>&nbsp;&nbsp;&nbsp;put_fat
<LI><a href="#[2a4]">&gt;&gt;</a>&nbsp;&nbsp;&nbsp;dir_register
<LI><a href="#[297]">&gt;&gt;</a>&nbsp;&nbsp;&nbsp;create_xdir
</UL>

<P><STRONG><a name="[2aa]"></a>store_xdir</STRONG> (Thumb, 106 bytes, Stack size 24 bytes, ff.o(i.store_xdir))
<BR><BR>[Stack]<UL><LI>Max Depth = 184<LI>Call Chain = store_xdir &rArr; dir_next &rArr; create_chain &rArr; fill_last_frag &rArr; put_fat &rArr; move_window &rArr; sync_window &rArr; disk_write
</UL>
<BR>[Calls]<UL><LI><a href="#[2d1]">&gt;&gt;</a>&nbsp;&nbsp;&nbsp;xdir_sum
<LI><a href="#[298]">&gt;&gt;</a>&nbsp;&nbsp;&nbsp;st_word
<LI><a href="#[286]">&gt;&gt;</a>&nbsp;&nbsp;&nbsp;move_window
<LI><a href="#[2a5]">&gt;&gt;</a>&nbsp;&nbsp;&nbsp;mem_cpy
<LI><a href="#[29b]">&gt;&gt;</a>&nbsp;&nbsp;&nbsp;dir_sdi
<LI><a href="#[29c]">&gt;&gt;</a>&nbsp;&nbsp;&nbsp;dir_next
</UL>
<BR>[Called By]<UL><LI><a href="#[df]">&gt;&gt;</a>&nbsp;&nbsp;&nbsp;f_sync
<LI><a href="#[cc]">&gt;&gt;</a>&nbsp;&nbsp;&nbsp;f_open
<LI><a href="#[2a4]">&gt;&gt;</a>&nbsp;&nbsp;&nbsp;dir_register
</UL>

<P><STRONG><a name="[29f]"></a>sum_sfn</STRONG> (Thumb, 26 bytes, Stack size 0 bytes, ff.o(i.sum_sfn))
<BR><BR>[Called By]<UL><LI><a href="#[2a4]">&gt;&gt;</a>&nbsp;&nbsp;&nbsp;dir_register
<LI><a href="#[29e]">&gt;&gt;</a>&nbsp;&nbsp;&nbsp;dir_read
<LI><a href="#[29d]">&gt;&gt;</a>&nbsp;&nbsp;&nbsp;dir_find
</UL>

<P><STRONG><a name="[2bc]"></a>sync_fs</STRONG> (Thumb, 126 bytes, Stack size 16 bytes, ff.o(i.sync_fs))
<BR><BR>[Stack]<UL><LI>Max Depth = 48<LI>Call Chain = sync_fs &rArr; sync_window &rArr; disk_write
</UL>
<BR>[Calls]<UL><LI><a href="#[2a0]">&gt;&gt;</a>&nbsp;&nbsp;&nbsp;sync_window
<LI><a href="#[298]">&gt;&gt;</a>&nbsp;&nbsp;&nbsp;st_word
<LI><a href="#[2b5]">&gt;&gt;</a>&nbsp;&nbsp;&nbsp;st_dword
<LI><a href="#[296]">&gt;&gt;</a>&nbsp;&nbsp;&nbsp;mem_set
<LI><a href="#[2ae]">&gt;&gt;</a>&nbsp;&nbsp;&nbsp;disk_write
<LI><a href="#[2d4]">&gt;&gt;</a>&nbsp;&nbsp;&nbsp;disk_ioctl
</UL>
<BR>[Called By]<UL><LI><a href="#[df]">&gt;&gt;</a>&nbsp;&nbsp;&nbsp;f_sync
</UL>

<P><STRONG><a name="[2a0]"></a>sync_window</STRONG> (Thumb, 82 bytes, Stack size 24 bytes, ff.o(i.sync_window))
<BR><BR>[Stack]<UL><LI>Max Depth = 32<LI>Call Chain = sync_window &rArr; disk_write
</UL>
<BR>[Calls]<UL><LI><a href="#[2ae]">&gt;&gt;</a>&nbsp;&nbsp;&nbsp;disk_write
</UL>
<BR>[Called By]<UL><LI><a href="#[2bc]">&gt;&gt;</a>&nbsp;&nbsp;&nbsp;sync_fs
<LI><a href="#[286]">&gt;&gt;</a>&nbsp;&nbsp;&nbsp;move_window
<LI><a href="#[29c]">&gt;&gt;</a>&nbsp;&nbsp;&nbsp;dir_next
</UL>

<P><STRONG><a name="[2ab]"></a>validate</STRONG> (Thumb, 50 bytes, Stack size 16 bytes, ff.o(i.validate))
<BR><BR>[Stack]<UL><LI>Max Depth = 16<LI>Call Chain = validate
</UL>
<BR>[Calls]<UL><LI><a href="#[2bd]">&gt;&gt;</a>&nbsp;&nbsp;&nbsp;disk_status
</UL>
<BR>[Called By]<UL><LI><a href="#[d1]">&gt;&gt;</a>&nbsp;&nbsp;&nbsp;f_write
<LI><a href="#[df]">&gt;&gt;</a>&nbsp;&nbsp;&nbsp;f_sync
<LI><a href="#[239]">&gt;&gt;</a>&nbsp;&nbsp;&nbsp;f_readdir
<LI><a href="#[ce]">&gt;&gt;</a>&nbsp;&nbsp;&nbsp;f_lseek
<LI><a href="#[cd]">&gt;&gt;</a>&nbsp;&nbsp;&nbsp;f_expand
<LI><a href="#[23a]">&gt;&gt;</a>&nbsp;&nbsp;&nbsp;f_closedir
<LI><a href="#[d3]">&gt;&gt;</a>&nbsp;&nbsp;&nbsp;f_close
</UL>

<P><STRONG><a name="[2d1]"></a>xdir_sum</STRONG> (Thumb, 52 bytes, Stack size 12 bytes, ff.o(i.xdir_sum))
<BR><BR>[Stack]<UL><LI>Max Depth = 12<LI>Call Chain = xdir_sum
</UL>
<BR>[Called By]<UL><LI><a href="#[2aa]">&gt;&gt;</a>&nbsp;&nbsp;&nbsp;store_xdir
<LI><a href="#[2a2]">&gt;&gt;</a>&nbsp;&nbsp;&nbsp;load_xdir
</UL>

<P><STRONG><a name="[299]"></a>xname_sum</STRONG> (Thumb, 60 bytes, Stack size 16 bytes, ff.o(i.xname_sum))
<BR><BR>[Stack]<UL><LI>Max Depth = 28<LI>Call Chain = xname_sum &rArr; ff_wtoupper
</UL>
<BR>[Calls]<UL><LI><a href="#[28d]">&gt;&gt;</a>&nbsp;&nbsp;&nbsp;ff_wtoupper
</UL>
<BR>[Called By]<UL><LI><a href="#[29d]">&gt;&gt;</a>&nbsp;&nbsp;&nbsp;dir_find
<LI><a href="#[297]">&gt;&gt;</a>&nbsp;&nbsp;&nbsp;create_xdir
</UL>

<P><STRONG><a name="[229]"></a>User_Process</STRONG> (Thumb, 82 bytes, Stack size 16 bytes, app_x-cube-ble1.o(i.User_Process))
<BR><BR>[Stack]<UL><LI>Max Depth = 420<LI>Call Chain = User_Process &rArr; Set_DeviceConnectable &rArr; aci_gap_set_discoverable &rArr; hci_send_req &rArr; move_list &rArr; list_remove_tail
</UL>
<BR>[Calls]<UL><LI><a href="#[c9]">&gt;&gt;</a>&nbsp;&nbsp;&nbsp;HAL_GetTick
<LI><a href="#[135]">&gt;&gt;</a>&nbsp;&nbsp;&nbsp;IHM_LED_Stop
<LI><a href="#[27a]">&gt;&gt;</a>&nbsp;&nbsp;&nbsp;aci_gap_terminate
<LI><a href="#[27b]">&gt;&gt;</a>&nbsp;&nbsp;&nbsp;aci_gap_set_non_discoverable
<LI><a href="#[266]">&gt;&gt;</a>&nbsp;&nbsp;&nbsp;Set_DeviceConnectable
<LI><a href="#[278]">&gt;&gt;</a>&nbsp;&nbsp;&nbsp;BLE_Task_Is_End
<LI><a href="#[279]">&gt;&gt;</a>&nbsp;&nbsp;&nbsp;BLE_Get_Connection_Handle
</UL>
<BR>[Called By]<UL><LI><a href="#[228]">&gt;&gt;</a>&nbsp;&nbsp;&nbsp;MX_BlueNRG_MS_Process
</UL>

<P><STRONG><a name="[2c9]"></a>move_list</STRONG> (Thumb, 36 bytes, Stack size 16 bytes, hci_tl.o(i.move_list))
<BR><BR>[Stack]<UL><LI>Max Depth = 28<LI>Call Chain = move_list &rArr; list_remove_tail
</UL>
<BR>[Calls]<UL><LI><a href="#[2d0]">&gt;&gt;</a>&nbsp;&nbsp;&nbsp;list_remove_tail
<LI><a href="#[2c5]">&gt;&gt;</a>&nbsp;&nbsp;&nbsp;list_is_empty
<LI><a href="#[2c7]">&gt;&gt;</a>&nbsp;&nbsp;&nbsp;list_insert_head
</UL>
<BR>[Called By]<UL><LI><a href="#[284]">&gt;&gt;</a>&nbsp;&nbsp;&nbsp;hci_send_req
</UL>

<P><STRONG><a name="[280]"></a>_printf_core</STRONG> (Thumb, 748 bytes, Stack size 96 bytes, printf6.o(i._printf_core), UNUSED)
<BR><BR>[Calls]<UL><LI><a href="#[282]">&gt;&gt;</a>&nbsp;&nbsp;&nbsp;__aeabi_uidivmod
<LI><a href="#[281]">&gt;&gt;</a>&nbsp;&nbsp;&nbsp;_printf_pre_padding
<LI><a href="#[283]">&gt;&gt;</a>&nbsp;&nbsp;&nbsp;_printf_post_padding
</UL>
<BR>[Called By]<UL><LI><a href="#[27f]">&gt;&gt;</a>&nbsp;&nbsp;&nbsp;__0sprintf$6
</UL>

<P><STRONG><a name="[283]"></a>_printf_post_padding</STRONG> (Thumb, 36 bytes, Stack size 24 bytes, printf6.o(i._printf_post_padding), UNUSED)
<BR><BR>[Called By]<UL><LI><a href="#[280]">&gt;&gt;</a>&nbsp;&nbsp;&nbsp;_printf_core
</UL>

<P><STRONG><a name="[281]"></a>_printf_pre_padding</STRONG> (Thumb, 46 bytes, Stack size 24 bytes, printf6.o(i._printf_pre_padding), UNUSED)
<BR><BR>[Called By]<UL><LI><a href="#[280]">&gt;&gt;</a>&nbsp;&nbsp;&nbsp;_printf_core
</UL>

<P><STRONG><a name="[a3]"></a>_sputc</STRONG> (Thumb, 10 bytes, Stack size 0 bytes, printf6.o(i._sputc))
<BR><BR>[Called By]<UL><LI><a href="#[27f]">&gt;&gt;</a>&nbsp;&nbsp;&nbsp;__0sprintf$6
</UL>
<BR>[Address Reference Count : 1]<UL><LI> printf6.o(i.__0sprintf$6)
</UL><P>
<H3>
Undefined Global Symbols
</H3><HR></body></html>
