Component: ARM Compiler 5.06 update 6 (build 750) Tool: armlink [4d35ed]

==============================================================================

Section Cross References

    startup_stm32l4a6xx.o(RESET) refers to startup_stm32l4a6xx.o(STACK) for __initial_sp
    startup_stm32l4a6xx.o(RESET) refers to startup_stm32l4a6xx.o(.text) for Reset_Handler
    startup_stm32l4a6xx.o(RESET) refers to stm32l4xx_it.o(i.NMI_Handler) for NMI_Handler
    startup_stm32l4a6xx.o(RESET) refers to stm32l4xx_it.o(i.HardFault_Handler) for HardFault_Handler
    startup_stm32l4a6xx.o(RESET) refers to stm32l4xx_it.o(i.MemManage_Handler) for MemManage_Handler
    startup_stm32l4a6xx.o(RESET) refers to stm32l4xx_it.o(i.BusFault_Handler) for BusFault_Handler
    startup_stm32l4a6xx.o(RESET) refers to stm32l4xx_it.o(i.UsageFault_Handler) for UsageFault_Handler
    startup_stm32l4a6xx.o(RESET) refers to stm32l4xx_it.o(i.SVC_Handler) for SVC_Handler
    startup_stm32l4a6xx.o(RESET) refers to stm32l4xx_it.o(i.DebugMon_Handler) for DebugMon_Handler
    startup_stm32l4a6xx.o(RESET) refers to stm32l4xx_it.o(i.PendSV_Handler) for PendSV_Handler
    startup_stm32l4a6xx.o(RESET) refers to stm32l4xx_it.o(i.SysTick_Handler) for SysTick_Handler
    startup_stm32l4a6xx.o(RESET) refers to stm32l4xx_it.o(i.EXTI0_IRQHandler) for EXTI0_IRQHandler
    startup_stm32l4a6xx.o(RESET) refers to stm32l4xx_it.o(i.EXTI2_IRQHandler) for EXTI2_IRQHandler
    startup_stm32l4a6xx.o(RESET) refers to stm32l4xx_it.o(i.EXTI3_IRQHandler) for EXTI3_IRQHandler
    startup_stm32l4a6xx.o(RESET) refers to stm32l4xx_it.o(i.EXTI4_IRQHandler) for EXTI4_IRQHandler
    startup_stm32l4a6xx.o(RESET) refers to stm32l4xx_it.o(i.DMA1_Channel4_IRQHandler) for DMA1_Channel4_IRQHandler
    startup_stm32l4a6xx.o(RESET) refers to stm32l4xx_it.o(i.DMA1_Channel5_IRQHandler) for DMA1_Channel5_IRQHandler
    startup_stm32l4a6xx.o(RESET) refers to stm32l4xx_it.o(i.DMA1_Channel6_IRQHandler) for DMA1_Channel6_IRQHandler
    startup_stm32l4a6xx.o(RESET) refers to stm32l4xx_it.o(i.DMA1_Channel7_IRQHandler) for DMA1_Channel7_IRQHandler
    startup_stm32l4a6xx.o(RESET) refers to stm32l4xx_it.o(i.EXTI9_5_IRQHandler) for EXTI9_5_IRQHandler
    startup_stm32l4a6xx.o(RESET) refers to stm32l4xx_it.o(i.TIM3_IRQHandler) for TIM3_IRQHandler
    startup_stm32l4a6xx.o(RESET) refers to stm32l4xx_it.o(i.EXTI15_10_IRQHandler) for EXTI15_10_IRQHandler
    startup_stm32l4a6xx.o(RESET) refers to stm32l4xx_it.o(i.RTC_Alarm_IRQHandler) for RTC_Alarm_IRQHandler
    startup_stm32l4a6xx.o(RESET) refers to stm32l4xx_it.o(i.SDMMC1_IRQHandler) for SDMMC1_IRQHandler
    startup_stm32l4a6xx.o(RESET) refers to stm32l4xx_it.o(i.DMA2_Channel1_IRQHandler) for DMA2_Channel1_IRQHandler
    startup_stm32l4a6xx.o(RESET) refers to stm32l4xx_it.o(i.DMA2_Channel5_IRQHandler) for DMA2_Channel5_IRQHandler
    startup_stm32l4a6xx.o(RESET) refers to stm32l4xx_it.o(i.I2C4_EV_IRQHandler) for I2C4_EV_IRQHandler
    startup_stm32l4a6xx.o(RESET) refers to stm32l4xx_it.o(i.I2C4_ER_IRQHandler) for I2C4_ER_IRQHandler
    startup_stm32l4a6xx.o(.text) refers to system_stm32l4xx.o(i.SystemInit) for SystemInit
    startup_stm32l4a6xx.o(.text) refers to entry.o(.ARM.Collect$$$$00000000) for __main
    bsp_driver_sd.o(i.BSP_PlatformIsDetected) refers to memseta.o(.text) for __aeabi_memclr4
    bsp_driver_sd.o(i.BSP_PlatformIsDetected) refers to stm32l4xx_hal_gpio.o(i.HAL_GPIO_Init) for HAL_GPIO_Init
    bsp_driver_sd.o(i.BSP_PlatformIsDetected) refers to stm32l4xx_hal_gpio.o(i.HAL_GPIO_ReadPin) for HAL_GPIO_ReadPin
    bsp_driver_sd.o(i.BSP_SD_DetectIT) refers to bsp_driver_sd.o(i.BSP_SD_DetectCallback) for BSP_SD_DetectCallback
    bsp_driver_sd.o(i.BSP_SD_Erase) refers to stm32l4xx_hal_sd.o(i.HAL_SD_Erase) for HAL_SD_Erase
    bsp_driver_sd.o(i.BSP_SD_Erase) refers to bsp_driver_sd.o(.bss) for .bss
    bsp_driver_sd.o(i.BSP_SD_GetCardInfo) refers to stm32l4xx_hal_sd.o(i.HAL_SD_GetCardInfo) for HAL_SD_GetCardInfo
    bsp_driver_sd.o(i.BSP_SD_GetCardInfo) refers to bsp_driver_sd.o(.bss) for .bss
    bsp_driver_sd.o(i.BSP_SD_GetCardState) refers to stm32l4xx_hal_sd.o(i.HAL_SD_GetCardState) for HAL_SD_GetCardState
    bsp_driver_sd.o(i.BSP_SD_GetCardState) refers to bsp_driver_sd.o(.bss) for .bss
    bsp_driver_sd.o(i.BSP_SD_Init) refers to bsp_driver_sd.o(i.BSP_SD_IsDetected) for BSP_SD_IsDetected
    bsp_driver_sd.o(i.BSP_SD_Init) refers to stm32l4xx_hal_sd.o(i.HAL_SD_Init) for HAL_SD_Init
    bsp_driver_sd.o(i.BSP_SD_Init) refers to stm32l4xx_hal_sd.o(i.HAL_SD_ConfigWideBusOperation) for HAL_SD_ConfigWideBusOperation
    bsp_driver_sd.o(i.BSP_SD_Init) refers to bsp_driver_sd.o(.bss) for .bss
    bsp_driver_sd.o(i.BSP_SD_IsDetected) refers to bsp_driver_sd.o(i.BSP_PlatformIsDetected) for BSP_PlatformIsDetected
    bsp_driver_sd.o(i.BSP_SD_ReadBlocks) refers to stm32l4xx_hal_sd.o(i.HAL_SD_ReadBlocks) for HAL_SD_ReadBlocks
    bsp_driver_sd.o(i.BSP_SD_ReadBlocks) refers to bsp_driver_sd.o(.bss) for .bss
[...]
    WavFileName                              0x2000040c   Data          14  fatfs.o(.bss)
    ActFileName                              0x2000041a   Data          14  fatfs.o(.bss)
    SDFatFS                                  0x20000428   Data         584  fatfs.o(.bss)
    SDFatFS1                                 0x20000670   Data         584  fatfs.o(.bss)
    SDFatFS2                                 0x200008b8   Data         584  fatfs.o(.bss)
    SDFile                                   0x20000b00   Data         600  fatfs.o(.bss)
    Audio_File_1                             0x20000d58   Data         600  fatfs.o(.bss)
    Audio_File_2                             0x20000fb0   Data         600  fatfs.o(.bss)
    Acti_File                                0x20001208   Data         600  fatfs.o(.bss)
    work                                     0x20001460   Data         512  fatfs.o(.bss)
    test_file                                0x20001660   Data         600  fatfs.o(.bss)
    RecBuff0                                 0x200018b8   Data        2048  acquisition_audio.o(.bss)
    RecBuff1                                 0x200020b8   Data        2048  acquisition_audio.o(.bss)
    RecBuff2                                 0x200028b8   Data        2048  acquisition_audio.o(.bss)
    RecBuff3                                 0x200030b8   Data        2048  acquisition_audio.o(.bss)
    SvgrdBuff                                0x200038b8   Data       16416  acquisition_audio.o(.bss)
    WavHeader                                0x200078d8   Data          44  acquisition_audio.o(.bss)
    DfsdmChannel0Handle                      0x20007904   Data          56  dfsdm.o(.bss)
    DfsdmChannel1Handle                      0x2000793c   Data          56  dfsdm.o(.bss)
    DfsdmChannel2Handle                      0x20007974   Data          56  dfsdm.o(.bss)
    DfsdmChannel3Handle                      0x200079ac   Data          56  dfsdm.o(.bss)
    DfsdmFilter0Handle                       0x200079e4   Data          84  dfsdm.o(.bss)
    DfsdmFilter1Handle                       0x20007a38   Data          84  dfsdm.o(.bss)
    DfsdmFilter2Handle                       0x20007a8c   Data          84  dfsdm.o(.bss)
    DfsdmFilter3Handle                       0x20007ae0   Data          84  dfsdm.o(.bss)
    hDfsdmFLT0Dma                            0x20007b34   Data          72  dfsdm.o(.bss)
    hDfsdmFLT1Dma                            0x20007b7c   Data          72  dfsdm.o(.bss)
    hDfsdmFLT2Dma                            0x20007bc4   Data          72  dfsdm.o(.bss)
    hDfsdmFLT3Dma                            0x20007c0c   Data          72  dfsdm.o(.bss)
    RtcHandle                                0x20007c54   Data          36  rtc.o(.bss)
    CrypHandle                               0x20007c78   Data          96  crypt.o(.bss)
    CryptSvgrdBuff                           0x20007cd8   Data       16416  crypt.o(.bss)
    hi2c                                     0x2000bcf8   Data          76  i2c_com.o(.bss)
    i2c_hdma_rx                              0x2000bd44   Data          72  i2c_com.o(.bss)
    hspi3                                    0x2000bd8c   Data         100  spi_bus.o(.bss)
    TimHandle                                0x2000be64   Data          64  sensor_acquisition.o(.bss)
    AccGyrBuff                               0x2000bea4   Data        2048  acc_gyr.o(.bss)
    ConfigData                               0x2000c6a4   Data          48  bat_monitor.o(.bss)
    BatteryData                              0x2000c6d4   Data          44  bat_monitor.o(.bss)
    TimerLED                                 0x2000c710   Data          64  ihm.o(.bss)
    sConfig                                  0x2000c750   Data          28  ihm.o(.bss)
    disk                                     0x2000cc2c   Data          16  ff_gen_drv.o(.bss)
    service_uuid                             0x2000cc3c   Data          16  gatt_db.o(.bss)
    char_uuid                                0x2000cc4c   Data          16  gatt_db.o(.bss)
    __initial_sp                             0x2000d438   Data           0  startup_stm32l4a6xx.o(STACK)



==============================================================================

Memory Map of the image

  Image Entry point : 0x080001ad

  Load Region LR_IROM1 (Base: 0x08000000, Size: 0x0000f1c0, Max: 0x00100000, ABSOLUTE, COMPRESSED[0x0000f004])

    Execution Region ER_IROM1 (Exec base: 0x08000000, Load base: 0x08000000, Size: 0x0000ef1c, Max: 0x00100000, ABSOLUTE)

    Exec Addr    Load Addr    Size         Type   Attr      Idx    E Section Name        Object

    0x08000000   0x08000000   0x000001ac   Data   RO            3    RESET               startup_stm32l4a6xx.o
    0x080001ac   0x080001ac   0x00000000   Code   RO        13480  * .ARM.Collect$$$$00000000  mc_w.l(entry.o)
    0x080001ac   0x080001ac   0x00000004   Code   RO        13759    .ARM.Collect$$$$00000001  mc_w.l(entry2.o)
    0x080001b0   0x080001b0   0x00000004   Code   RO        13762    .ARM.Collect$$$$00000004  mc_w.l(entry5.o)
    0x080001b4   0x080001b4   0x00000000   Code   RO        13764    .ARM.Collect$$$$00000008  mc_w.l(entry7b.o)
    0x080001b4   0x080001b4   0x00000000   Code   RO        13766    .ARM.Collect$$$$0000000A  mc_w.l(entry8b.o)
    0x080001b4   0x080001b4   0x00000008   Code   RO        13767    .ARM.Collect$$$$0000000B  mc_w.l(entry9a.o)
    0x080001bc   0x080001bc   0x00000000   Code   RO        13769    .ARM.Collect$$$$0000000D  mc_w.l(entry10a.o)
    0x080001bc   0x080001bc   0x00000000   Code   RO        13771    .ARM.Collect$$$$0000000F  mc_w.l(entry11a.o)
    0x080001bc   0x080001bc   0x00000004   Code   RO        13760    .ARM.Collect$$$$00002712  mc_w.l(entry2.o)
    0x080001c0   0x080001c0   0x00000024   Code   RO            4    .text               startup_stm32l4a6xx.o
    0x080001e4   0x080001e4   0x00000068   Code   RO        13483    .text               mc_w.l(uldiv.o)
    0x0800024c   0x0800024c   0x00000024   Code   RO        13485    .text               mc_w.l(rand.o)
    0x08000270   0x08000270   0x00000024   Code   RO        13488    .text               mc_w.l(memcpya.o)
    0x08000294   0x08000294   0x00000024   Code   RO        13490    .text               mc_w.l(memseta.o)
    0x080002b8   0x080002b8   0x0000000e   Code   RO        13492    .text               mc_w.l(strlen.o)
    0x080002c6   0x080002c6   0x0000002c   Code   RO        13776    .text               mc_w.l(uidiv.o)
    0x080002f2   0x080002f2   0x0000001e   Code   RO        13778    .text               mc_w.l(llshl.o)
    0x08000310   0x08000310   0x00000020   Code   RO        13780    .text               mc_w.l(llushr.o)
    0x08000330   0x08000330   0x00000024   Code   RO        13802    .text               mc_w.l(init.o)
    0x08000354   0x08000354   0x00000056   Code   RO        13850    .text               mc_w.l(__dczerorl2.o)
    0x080003aa   0x080003aa   0x00000002   PAD
    0x080003ac   0x080003ac   0x0000001c   Code   RO         4451    i.Acc_Gyr_Get_Acc_data  acc_gyr.o
    0x080003c8   0x080003c8   0x0000001c   Code   RO         4452    i.Acc_Gyr_Get_Gyr_data  acc_gyr.o
    0x080003e4   0x080003e4   0x00000018   Code   RO         4453    i.Acc_Gyr_Get_Timestamp  acc_gyr.o
    0x080003fc   0x080003fc   0x00000048   Code   RO         4454    i.Acc_Gyr_Init      acc_gyr.o
    0x08000444   0x08000444   0x00000014   Code   RO         4455    i.Acc_Gyr_Is_Data_Ready  acc_gyr.o
    0x08000458   0x08000458   0x00000018   Code   RO         4456    i.Acc_Gyr_Set_DRDY_PulsedMode  acc_gyr.o
    0x08000470   0x08000470   0x00000046   Code   RO         4457    i.Acc_Gyr_Set_DRDY_XL_G  acc_gyr.o
    0x080004b6   0x080004b6   0x00000006   Code   RO         4458    i.Acc_Gyr_Start     acc_gyr.o
    0x080004bc   0x080004bc   0x00000006   Code   RO         4459    i.Acc_Gyr_Stop      acc_gyr.o
    0x080004c2   0x080004c2   0x00000002   PAD
    0x080004c4   0x080004c4   0x00000018   Code   RO         4312    i.Acti_Init_Debug_Variables  sensor_acquisition.o
    0x080004dc   0x080004dc   0x00000190   Code   RO          436    i.Acti_Svgrd_Process  fatfs.o
    0x0800066c   0x0800066c   0x00000306   Code   RO        12187    i.Add_BabyLogger_Service  gatt_db.o
    0x08000972   0x08000972   0x00000002   PAD
    0x08000974   0x08000974   0x000000c0   Code   RO          654    i.Audio_Get_Debug_Variables  acquisition_audio.o
    0x08000a34   0x08000a34   0x0000001a   Code   RO          655    i.Audio_Init        acquisition_audio.o
    0x08000a4e   0x08000a4e   0x00000002   PAD
    0x08000a50   0x08000a50   0x00000020   Code   RO          656    i.Audio_Init_Debug_Variables  acquisition_audio.o
    0x08000a70   0x08000a70   0x0000000c   Code   RO          657    i.Audio_Init_Svgrd_Buffer  acquisition_audio.o
    0x08000a7c   0x08000a7c   0x000000c4   Code   RO          658    i.Audio_Set_Header  acquisition_audio.o
    0x08000b40   0x08000b40   0x00000004   Code   RO          659    i.Audio_Stop_Record  acquisition_audio.o
    0x08000b44   0x08000b44   0x00000018   Code   RO          437    i.Audio_Svgrd_Pending  fatfs.o
    0x08000b5c   0x08000b5c   0x000001e8   Code   RO          438    i.Audio_Svgrd_Process  fatfs.o
    0x08000d44   0x08000d44   0x00000004   Code   RO          830    i.BLE_Date_Recieved  rtc.o
    0x08000d48   0x08000d48   0x0000000c   Code   RO        12189    i.BLE_Get_Connection_Handle  gatt_db.o
    0x08000d54   0x08000d54   0x0000005c   Code   RO          979    i.BLE_Key_Received  crypt.o
    0x08000db0   0x08000db0   0x00000038   Code   RO         4911    i.BLE_Serial_Number_Recieved  main.o
    0x08000de8   0x08000de8   0x0000001c   Code   RO        12192    i.BLE_Task_Is_End   gatt_db.o
    0x08000e04   0x08000e04   0x00000004   Code   RO          831    i.BLE_Time_Recieved  rtc.o
    0x08000e08   0x08000e08   0x00000004   Code   RO         1296    i.BSP_GetTick       spi_bus.o
    0x08000e0c   0x08000e0c   0x00000054   Code   RO           13    i.BSP_PlatformIsDetected  bsp_driver_sd.o
    0x08000e60   0x08000e60   0x00000002   Code   RO           14    i.BSP_SD_AbortCallback  bsp_driver_sd.o
    0x08000e62   0x08000e62   0x00000002   PAD
    0x08000e64   0x08000e64   0x0000000c   Code   RO           18    i.BSP_SD_GetCardInfo  bsp_driver_sd.o
    0x08000e70   0x08000e70   0x00000018   Code   RO           19    i.BSP_SD_GetCardState  bsp_driver_sd.o
    0x08000e88   0x08000e88   0x00000044   Code   RO           21    i.BSP_SD_Init       bsp_driver_sd.o
    0x08000ecc   0x08000ecc   0x0000001a   Code   RO           22    i.BSP_SD_IsDetected  bsp_driver_sd.o
    0x08000ee6   0x08000ee6   0x00000002   PAD
    0x08000ee8   0x08000ee8   0x00000020   Code   RO           23    i.BSP_SD_ReadBlocks  bsp_driver_sd.o
    0x08000f08   0x08000f08   0x0000000c   Code   RO          302    i.BSP_SD_ReadCpltCallback  sd_diskio.o
    0x08000f14   0x08000f14   0x0000001c   Code   RO           27    i.BSP_SD_WriteBlocks_DMA  bsp_driver_sd.o
    0x08000f30   0x08000f30   0x0000000c   Code   RO          303    i.BSP_SD_WriteCpltCallback  sd_diskio.o
    0x08000f3c   0x08000f3c   0x00000084   Code   RO         1298    i.BSP_SPI3_Init     spi_bus.o
    0x08000fc0   0x08000fc0   0x00000024   Code   RO         1301    i.BSP_SPI3_SendRecv  spi_bus.o
    0x08000fe4   0x08000fe4   0x00000004   Code   RO         4601    i.Bat_Monitor_AlarmClear  bat_monitor.o
    0x08000fe8   0x08000fe8   0x00000004   Code   RO         4602    i.Bat_Monitor_AlarmDisable  bat_monitor.o
    0x08000fec   0x08000fec   0x00000004   Code   RO         4603    i.Bat_Monitor_AlarmEnable  bat_monitor.o
    0x08000ff0   0x08000ff0   0x0000000c   Code   RO         4604    i.Bat_Monitor_AlarmSetSOCThreshold  bat_monitor.o
    0x08000ffc   0x08000ffc   0x0000002c   Code   RO         4605    i.Bat_Monitor_Init  bat_monitor.o
    0x08001028   0x08001028   0x00000010   Code   RO         4313    i.Bat_Monitor_Set_Flag_Low_Battery  sensor_acquisition.o
    0x08001038   0x08001038   0x00000004   Code   RO         4607    i.Bat_Monitor_Stop  bat_monitor.o
    0x0800103c   0x0800103c   0x00000028   Code   RO         4609    i.Bat_Monitor_Update_Values  bat_monitor.o
    0x08001064   0x08001064   0x00000006   Code   RO         5025    i.BusFault_Handler  stm32l4xx_it.o
    0x0800106a   0x0800106a   0x00000002   PAD
    0x0800106c   0x0800106c   0x0000000c   Code   RO         4913    i.Buton_Hold_Callback  main.o
    0x08001078   0x08001078   0x00000050   Code   RO          980    i.CRYPT_Init        crypt.o
    0x080010c8   0x080010c8   0x000000a4   Code   RO         5642    i.CRYP_ProcessData  stm32l4xx_hal_cryp_ex.o
    0x0800116c   0x0800116c   0x00000078   Code   RO         5643    i.CRYP_ReadKey      stm32l4xx_hal_cryp_ex.o
    0x080011e4   0x080011e4   0x0000005a   Code   RO         5438    i.CRYP_SetKey       stm32l4xx_hal_cryp.o
    0x0800123e   0x0800123e   0x0000002c   Code   RO         5646    i.CRYP_WaitOnCCFlag  stm32l4xx_hal_cryp_ex.o
    0x0800126a   0x0800126a   0x00000002   PAD
    0x0800126c   0x0800126c   0x00000010   Code   RO          981    i.Cryp_Get_Debug_Variables  crypt.o
    0x0800127c   0x0800127c   0x00000010   Code   RO          982    i.Cryp_Init_process_variables  crypt.o
    0x0800128c   0x0800128c   0x00000018   Code   RO          983    i.Cryp_Pending      crypt.o
    0x080012a4   0x080012a4   0x0000000c   Code   RO          439    i.CryptSvgrBuffCpltCallback  fatfs.o
    0x080012b0   0x080012b0   0x0000004c   Code   RO          985    i.Crypt_Get_Key_From_EEPROM  crypt.o
    0x080012fc   0x080012fc   0x00000010   Code   RO          986    i.Crypt_Init_Debug_Variables  crypt.o
    0x0800130c   0x0800130c   0x00000024   Code   RO          987    i.Crypt_fist_half_buffer  crypt.o
    0x08001330   0x08001330   0x00000038   Code   RO          988    i.Crypt_process     crypt.o
    0x08001368   0x08001368   0x00000024   Code   RO          989    i.Crypt_second_half_buffer  crypt.o
    0x0800138c   0x0800138c   0x0000000e   Code   RO         5818    i.DFSDM_DMAError    stm32l4xx_hal_dfsdm.o
    0x0800139a   0x0800139a   0x0000000a   Code   RO         5821    i.DFSDM_DMARegularConvCplt  stm32l4xx_hal_dfsdm.o
    0x080013a4   0x080013a4   0x0000000a   Code   RO         5822    i.DFSDM_DMARegularHalfConvCplt  stm32l4xx_hal_dfsdm.o
    0x080013ae   0x080013ae   0x00000002   PAD
    0x080013b0   0x080013b0   0x00000064   Code   RO         5823    i.DFSDM_GetChannelFromInstance  stm32l4xx_hal_dfsdm.o
    0x08001414   0x08001414   0x00000244   Code   RO          754    i.DFSDM_Init        dfsdm.o
    0x08001658   0x08001658   0x0000006a   Code   RO         5826    i.DFSDM_RegConvStart  stm32l4xx_hal_dfsdm.o
    0x080016c2   0x080016c2   0x0000005e   Code   RO         5827    i.DFSDM_RegConvStop  stm32l4xx_hal_dfsdm.o
    0x08001720   0x08001720   0x00000068   Code   RO          755    i.DFSDM_Start_Record  dfsdm.o
    0x08001788   0x08001788   0x00000028   Code   RO          756    i.DFSDM_Stop_Record  dfsdm.o
    0x080017b0   0x080017b0   0x0000000c   Code   RO         5026    i.DMA1_Channel4_IRQHandler  stm32l4xx_it.o
    0x080017bc   0x080017bc   0x0000000c   Code   RO         5027    i.DMA1_Channel5_IRQHandler  stm32l4xx_it.o
    0x080017c8   0x080017c8   0x0000000c   Code   RO         5028    i.DMA1_Channel6_IRQHandler  stm32l4xx_it.o
    0x080017d4   0x080017d4   0x0000000c   Code   RO         5029    i.DMA1_Channel7_IRQHandler  stm32l4xx_it.o
    0x080017e0   0x080017e0   0x0000000c   Code   RO         5030    i.DMA2_Channel1_IRQHandler  stm32l4xx_it.o
    0x080017ec   0x080017ec   0x0000000c   Code   RO         5031    i.DMA2_Channel5_IRQHandler  stm32l4xx_it.o
    0x080017f8   0x080017f8   0x0000002e   Code   RO        10304    i.DMA_SetConfig     stm32l4xx_hal_dma.o
    0x08001826   0x08001826   0x00000002   Code   RO         5032    i.DebugMon_Handler  stm32l4xx_it.o
    0x08001828   0x08001828   0x00000114   Code   RO          661    i.DmaAudioRecCpltCallback  acquisition_audio.o
    0x0800193c   0x0800193c   0x0000010c   Code   RO          662    i.DmaAudioRecHalfCallback  acquisition_audio.o
    0x08001a48   0x08001a48   0x00000006   Code   RO         5033    i.EXTI0_IRQHandler  stm32l4xx_it.o
    0x08001a4e   0x08001a4e   0x00000016   Code   RO         5034    i.EXTI15_10_IRQHandler  stm32l4xx_it.o
    0x08001a64   0x08001a64   0x00000006   Code   RO         5035    i.EXTI2_IRQHandler  stm32l4xx_it.o
    0x08001a6a   0x08001a6a   0x00000002   PAD
    0x08001a6c   0x08001a6c   0x0000000c   Code   RO         5036    i.EXTI3_IRQHandler  stm32l4xx_it.o
    0x08001a78   0x08001a78   0x00000006   Code   RO         5037    i.EXTI4_IRQHandler  stm32l4xx_it.o
    0x08001a7e   0x08001a7e   0x00000006   Code   RO         5038    i.EXTI9_5_IRQHandler  stm32l4xx_it.o
    0x08001a84   0x08001a84   0x0000003c   Code   RO          440    i.FATFS_Error_Handel  fatfs.o
    0x08001ac0   0x08001ac0   0x0000000c   Code   RO          441    i.FATFS_Force_Stop  fatfs.o
    0x08001acc   0x08001acc   0x000000fc   Code   RO          443    i.FATFS_Init        fatfs.o
    0x08001bc8   0x08001bc8   0x00000006   Code   RO        11920    i.FATFS_LinkDriver  ff_gen_drv.o
    0x08001bce   0x08001bce   0x00000002   PAD
    0x08001bd0   0x08001bd0   0x00000040   Code   RO        11921    i.FATFS_LinkDriverEx  ff_gen_drv.o
    0x08001c10   0x08001c10   0x00000050   Code   RO          444    i.FATFS_SD_Enough_Space  fatfs.o
    0x08001c60   0x08001c60   0x00000006   Code   RO        11922    i.FATFS_UnLinkDriver  ff_gen_drv.o
    0x08001c66   0x08001c66   0x00000002   PAD
    0x08001c68   0x08001c68   0x00000034   Code   RO        11923    i.FATFS_UnLinkDriverEx  ff_gen_drv.o
    0x08001c9c   0x08001c9c   0x00000140   Code   RO          446    i.Force_close_Files_Process  fatfs.o
    0x08001ddc   0x08001ddc   0x00000014   Code   RO        12123    i.GAP_ConnectionComplete_CB  ble_com.o
    0x08001df0   0x08001df0   0x00000014   Code   RO        12124    i.GAP_DisconnectionComplete_CB  ble_com.o
    0x08001e04   0x08001e04   0x00000050   Code   RO         5331    i.GPIO_AccGyr_INT_Init  gpio.o
    0x08001e54   0x08001e54   0x00000050   Code   RO         5332    i.GPIO_BAT_Charg_Get_State  gpio.o
    0x08001ea4   0x08001ea4   0x00000094   Code   RO         5333    i.GPIO_BAT_Charg_Init  gpio.o
    0x08001f38   0x08001f38   0x0000007c   Code   RO         5334    i.GPIO_BAT_Charg_PG_Detect_Callback  gpio.o
    0x08001fb4   0x08001fb4   0x0000008c   Code   RO         5335    i.GPIO_BLE_Init     gpio.o
    0x08002040   0x08002040   0x00000048   Code   RO         5336    i.GPIO_EEPROM_WC_Init  gpio.o
    0x08002088   0x08002088   0x00000050   Code   RO         5337    i.GPIO_Monitor_Bat_INT_Init  gpio.o
    0x080020d8   0x080020d8   0x0000003c   Code   RO         5340    i.GPIO_Wifi_Init    gpio.o
    0x08002114   0x08002114   0x00000010   Code   RO         5341    i.GPIO_Wifi_Off     gpio.o
    0x08002124   0x08002124   0x000000cc   Code   RO         4701    i.GasGauge_Initialization  stc3115_driver.o
    0x080021f0   0x080021f0   0x00000028   Code   RO         4702    i.GasGauge_Reset    stc3115_driver.o
    0x08002218   0x08002218   0x00000038   Code   RO         4703    i.GasGauge_Stop     stc3115_driver.o
    0x08002250   0x08002250   0x00000170   Code   RO         4704    i.GasGauge_Task     stc3115_driver.o
    0x080023c0   0x080023c0   0x0000006c   Code   RO         5647    i.HAL_CRYPEx_AES    stm32l4xx_hal_cryp_ex.o
    0x0800242c   0x0800242c   0x00000144   Code   RO         5463    i.HAL_CRYP_Init     stm32l4xx_hal_cryp.o
    0x08002570   0x08002570   0x0000002c   Code   RO          992    i.HAL_CRYP_MspInit  crypt.o
    0x0800259c   0x0800259c   0x000000fc   Code   RO         5836    i.HAL_DFSDM_ChannelInit  stm32l4xx_hal_dfsdm.o
    0x08002698   0x08002698   0x000000b8   Code   RO          759    i.HAL_DFSDM_ChannelMspInit  dfsdm.o
    0x08002750   0x08002750   0x00000048   Code   RO         5851    i.HAL_DFSDM_FilterConfigRegChannel  stm32l4xx_hal_dfsdm.o
    0x08002798   0x08002798   0x00000002   Code   RO         5853    i.HAL_DFSDM_FilterErrorCallback  stm32l4xx_hal_dfsdm.o
    0x0800279a   0x0800279a   0x00000002   PAD
    0x0800279c   0x0800279c   0x00000104   Code   RO         5863    i.HAL_DFSDM_FilterInit  stm32l4xx_hal_dfsdm.o
    0x080028a0   0x080028a0   0x00000172   Code   RO          760    i.HAL_DFSDM_FilterMspInit  dfsdm.o
    0x08002a12   0x08002a12   0x00000002   PAD
    0x08002a14   0x08002a14   0x00000040   Code   RO          761    i.HAL_DFSDM_FilterRegConvCpltCallback  dfsdm.o
    0x08002a54   0x08002a54   0x00000040   Code   RO          762    i.HAL_DFSDM_FilterRegConvHalfCpltCallback  dfsdm.o
    0x08002a94   0x08002a94   0x00000088   Code   RO         5881    i.HAL_DFSDM_FilterRegularStart_DMA  stm32l4xx_hal_dfsdm.o
    0x08002b1c   0x08002b1c   0x00000030   Code   RO         5884    i.HAL_DFSDM_FilterRegularStop_DMA  stm32l4xx_hal_dfsdm.o
    0x08002b4c   0x08002b4c   0x0000003a   Code   RO        10305    i.HAL_DMA_Abort     stm32l4xx_hal_dma.o
    0x08002b86   0x08002b86   0x0000004e   Code   RO        10306    i.HAL_DMA_Abort_IT  stm32l4xx_hal_dma.o
    0x08002bd4   0x08002bd4   0x0000009c   Code   RO        10307    i.HAL_DMA_DeInit    stm32l4xx_hal_dma.o
    0x08002c70   0x08002c70   0x000000ba   Code   RO        10310    i.HAL_DMA_IRQHandler  stm32l4xx_hal_dma.o
    0x08002d2a   0x08002d2a   0x00000002   PAD
    0x08002d2c   0x08002d2c   0x000000c0   Code   RO        10311    i.HAL_DMA_Init      stm32l4xx_hal_dma.o
    0x08002dec   0x08002dec   0x00000070   Code   RO        10315    i.HAL_DMA_Start_IT  stm32l4xx_hal_dma.o
    0x08002e5c   0x08002e5c   0x0000001c   Code   RO         9519    i.HAL_Delay         stm32l4xx_hal.o
    0x08002e78   0x08002e78   0x0000000c   Code   RO        10916    i.HAL_EXTI_GetHandle  stm32l4xx_hal_exti.o
    0x08002e84   0x08002e84   0x0000002c   Code   RO        10918    i.HAL_EXTI_IRQHandler  stm32l4xx_hal_exti.o
    0x08002eb0   0x08002eb0   0x0000000e   Code   RO        10919    i.HAL_EXTI_RegisterCallback  stm32l4xx_hal_exti.o
    0x08002ebe   0x08002ebe   0x00000002   PAD
    0x08002ec0   0x08002ec0   0x0000015e   Code   RO        10238    i.HAL_GPIO_DeInit   stm32l4xx_hal_gpio.o
    0x0800301e   0x0800301e   0x00000002   PAD
    0x08003020   0x08003020   0x00000034   Code   RO         5344    i.HAL_GPIO_EXTI_Callback  gpio.o
    0x08003054   0x08003054   0x00000018   Code   RO        10240    i.HAL_GPIO_EXTI_IRQHandler  stm32l4xx_hal_gpio.o
    0x0800306c   0x0800306c   0x000001be   Code   RO        10241    i.HAL_GPIO_Init     stm32l4xx_hal_gpio.o
    0x0800322a   0x0800322a   0x0000000a   Code   RO        10243    i.HAL_GPIO_ReadPin  stm32l4xx_hal_gpio.o
    0x08003234   0x08003234   0x0000000a   Code   RO        10245    i.HAL_GPIO_WritePin  stm32l4xx_hal_gpio.o
    0x0800323e   0x0800323e   0x00000002   PAD
    0x08003240   0x08003240   0x0000000c   Code   RO         9523    i.HAL_GetTick       stm32l4xx_hal.o
    0x0800324c   0x0800324c   0x00000002   Code   RO         6721    i.HAL_I2C_AbortCpltCallback  stm32l4xx_hal_i2c.o
    0x0800324e   0x0800324e   0x00000002   Code   RO         6722    i.HAL_I2C_AddrCallback  stm32l4xx_hal_i2c.o
    0x08003250   0x08003250   0x00000032   Code   RO         6723    i.HAL_I2C_DeInit    stm32l4xx_hal_i2c.o
    0x08003282   0x08003282   0x00000068   Code   RO         6725    i.HAL_I2C_ER_IRQHandler  stm32l4xx_hal_i2c.o
    0x080032ea   0x080032ea   0x00000010   Code   RO         6726    i.HAL_I2C_EV_IRQHandler  stm32l4xx_hal_i2c.o
    0x080032fa   0x080032fa   0x00000002   Code   RO         6728    i.HAL_I2C_ErrorCallback  stm32l4xx_hal_i2c.o
    0x080032fc   0x080032fc   0x00000004   Code   RO         6729    i.HAL_I2C_GetError  stm32l4xx_hal_i2c.o
    0x08003300   0x08003300   0x00000006   Code   RO         6731    i.HAL_I2C_GetState  stm32l4xx_hal_i2c.o
    0x08003306   0x08003306   0x00000002   PAD
    0x08003308   0x08003308   0x000000b8   Code   RO         6732    i.HAL_I2C_Init      stm32l4xx_hal_i2c.o
    0x080033c0   0x080033c0   0x0000012a   Code   RO         6733    i.HAL_I2C_IsDeviceReady  stm32l4xx_hal_i2c.o
    0x080034ea   0x080034ea   0x00000002   Code   RO         6734    i.HAL_I2C_ListenCpltCallback  stm32l4xx_hal_i2c.o
    0x080034ec   0x080034ec   0x00000002   Code   RO         6735    i.HAL_I2C_MasterRxCpltCallback  stm32l4xx_hal_i2c.o
    0x080034ee   0x080034ee   0x00000002   Code   RO         6736    i.HAL_I2C_MasterTxCpltCallback  stm32l4xx_hal_i2c.o
    0x080034f0   0x080034f0   0x00000002   Code   RO         6748    i.HAL_I2C_MemRxCpltCallback  stm32l4xx_hal_i2c.o
    0x080034f2   0x080034f2   0x00000002   Code   RO         6749    i.HAL_I2C_MemTxCpltCallback  stm32l4xx_hal_i2c.o
    0x080034f4   0x080034f4   0x0000016a   Code   RO         6750    i.HAL_I2C_Mem_Read  stm32l4xx_hal_i2c.o
    0x0800365e   0x0800365e   0x00000002   PAD
    0x08003660   0x08003660   0x00000146   Code   RO         6751    i.HAL_I2C_Mem_Read_DMA  stm32l4xx_hal_i2c.o
    0x080037a6   0x080037a6   0x00000002   PAD
    0x080037a8   0x080037a8   0x0000015e   Code   RO         6753    i.HAL_I2C_Mem_Write  stm32l4xx_hal_i2c.o
    0x08003906   0x08003906   0x00000002   PAD
    0x08003908   0x08003908   0x0000004c   Code   RO         1178    i.HAL_I2C_MspDeInit  i2c_com.o
    0x08003954   0x08003954   0x000000d4   Code   RO         1179    i.HAL_I2C_MspInit   i2c_com.o
    0x08003a28   0x08003a28   0x00000002   Code   RO         6758    i.HAL_I2C_SlaveRxCpltCallback  stm32l4xx_hal_i2c.o
    0x08003a2a   0x08003a2a   0x00000002   Code   RO         6759    i.HAL_I2C_SlaveTxCpltCallback  stm32l4xx_hal_i2c.o
    0x08003a2c   0x08003a2c   0x00000010   Code   RO         9527    i.HAL_IncTick       stm32l4xx_hal.o
    0x08003a3c   0x08003a3c   0x0000001e   Code   RO         9528    i.HAL_Init          stm32l4xx_hal.o
    0x08003a5a   0x08003a5a   0x00000002   PAD
    0x08003a5c   0x08003a5c   0x00000030   Code   RO         9529    i.HAL_InitTick      stm32l4xx_hal.o
    0x08003a8c   0x08003a8c   0x0000002c   Code   RO         5001    i.HAL_MspInit       stm32l4xx_hal_msp.o
    0x08003ab8   0x08003ab8   0x00000016   Code   RO        10780    i.HAL_NVIC_ClearPendingIRQ  stm32l4xx_hal_cortex.o
    0x08003ace   0x08003ace   0x00000016   Code   RO        10781    i.HAL_NVIC_DisableIRQ  stm32l4xx_hal_cortex.o
    0x08003ae4   0x08003ae4   0x00000016   Code   RO        10782    i.HAL_NVIC_EnableIRQ  stm32l4xx_hal_cortex.o
    0x08003afa   0x08003afa   0x00000002   PAD
    0x08003afc   0x08003afc   0x00000040   Code   RO        10788    i.HAL_NVIC_SetPriority  stm32l4xx_hal_cortex.o
    0x08003b3c   0x08003b3c   0x00000024   Code   RO        10789    i.HAL_NVIC_SetPriorityGrouping  stm32l4xx_hal_cortex.o
    0x08003b60   0x08003b60   0x00000068   Code   RO        10532    i.HAL_PWREx_ControlVoltageScaling  stm32l4xx_hal_pwr_ex.o
    0x08003bc8   0x08003bc8   0x00000024   Code   RO        10559    i.HAL_PWREx_EnterSHUTDOWNMode  stm32l4xx_hal_pwr_ex.o
    0x08003bec   0x08003bec   0x00000010   Code   RO        10563    i.HAL_PWREx_GetVoltageRange  stm32l4xx_hal_pwr_ex.o
    0x08003bfc   0x08003bfc   0x00000014   Code   RO        10423    i.HAL_PWR_DisableWakeUpPin  stm32l4xx_hal_pwr.o
    0x08003c10   0x08003c10   0x00000010   Code   RO        10424    i.HAL_PWR_EnableBkUpAccess  stm32l4xx_hal_pwr.o
    0x08003c20   0x08003c20   0x0000001c   Code   RO        10428    i.HAL_PWR_EnableWakeUpPin  stm32l4xx_hal_pwr.o
    0x08003c3c   0x08003c3c   0x00000010   Code   RO         9846    i.HAL_RCCEx_EnableMSIPLLMode  stm32l4xx_hal_rcc_ex.o
    0x08003c4c   0x08003c4c   0x000003ca   Code   RO         9853    i.HAL_RCCEx_PeriphCLKConfig  stm32l4xx_hal_rcc_ex.o
    0x08004016   0x08004016   0x00000002   PAD
    0x08004018   0x08004018   0x00000118   Code   RO         9729    i.HAL_RCC_ClockConfig  stm32l4xx_hal_rcc.o
    0x08004130   0x08004130   0x000000a4   Code   RO         9737    i.HAL_RCC_GetSysClockFreq  stm32l4xx_hal_rcc.o
    0x080041d4   0x080041d4   0x000004bc   Code   RO         9740    i.HAL_RCC_OscConfig  stm32l4xx_hal_rcc.o
    0x08004690   0x08004690   0x00000002   Code   RO        11121    i.HAL_RTCEx_AlarmBEventCallback  stm32l4xx_hal_rtc_ex.o
    0x08004692   0x08004692   0x0000000a   Code   RO        11122    i.HAL_RTCEx_BKUPRead  stm32l4xx_hal_rtc_ex.o
    0x0800469c   0x0800469c   0x00000010   Code   RO        11123    i.HAL_RTCEx_BKUPWrite  stm32l4xx_hal_rtc_ex.o
    0x080046ac   0x080046ac   0x00000002   Code   RO        10984    i.HAL_RTC_AlarmAEventCallback  stm32l4xx_hal_rtc.o
    0x080046ae   0x080046ae   0x00000002   PAD
    0x080046b0   0x080046b0   0x00000058   Code   RO        10985    i.HAL_RTC_AlarmIRQHandler  stm32l4xx_hal_rtc.o
    0x08004708   0x08004708   0x00000044   Code   RO        10989    i.HAL_RTC_GetDate   stm32l4xx_hal_rtc.o
    0x0800474c   0x0800474c   0x00000054   Code   RO        10991    i.HAL_RTC_GetTime   stm32l4xx_hal_rtc.o
    0x080047a0   0x080047a0   0x000000c0   Code   RO        10992    i.HAL_RTC_Init      stm32l4xx_hal_rtc.o
    0x08004860   0x08004860   0x0000003c   Code   RO          833    i.HAL_RTC_MspInit   rtc.o
    0x0800489c   0x0800489c   0x000000d0   Code   RO        10998    i.HAL_RTC_SetDate   stm32l4xx_hal_rtc.o
    0x0800496c   0x0800496c   0x00000100   Code   RO        10999    i.HAL_RTC_SetTime   stm32l4xx_hal_rtc.o
    0x08004a6c   0x08004a6c   0x00000036   Code   RO        11000    i.HAL_RTC_WaitForSynchro  stm32l4xx_hal_rtc.o
    0x08004aa2   0x08004aa2   0x00000008   Code   RO           29    i.HAL_SD_AbortCallback  bsp_driver_sd.o
    0x08004aaa   0x08004aaa   0x00000002   PAD
    0x08004aac   0x08004aac   0x000000fa   Code   RO         7337    i.HAL_SD_ConfigWideBusOperation  stm32l4xx_hal_sd.o
    0x08004ba6   0x08004ba6   0x00000002   Code   RO         7340    i.HAL_SD_ErrorCallback  stm32l4xx_hal_sd.o
    0x08004ba8   0x08004ba8   0x00000198   Code   RO         7342    i.HAL_SD_GetCardCSD  stm32l4xx_hal_sd.o
    0x08004d40   0x08004d40   0x00000024   Code   RO         7343    i.HAL_SD_GetCardInfo  stm32l4xx_hal_sd.o
    0x08004d64   0x08004d64   0x0000002c   Code   RO         7344    i.HAL_SD_GetCardState  stm32l4xx_hal_sd.o
    0x08004d90   0x08004d90   0x000001dc   Code   RO         7348    i.HAL_SD_IRQHandler  stm32l4xx_hal_sd.o
    0x08004f6c   0x08004f6c   0x00000036   Code   RO         7349    i.HAL_SD_Init       stm32l4xx_hal_sd.o
    0x08004fa2   0x08004fa2   0x00000060   Code   RO         7350    i.HAL_SD_InitCard   stm32l4xx_hal_sd.o
    0x08005002   0x08005002   0x00000002   PAD
    0x08005004   0x08005004   0x0000010c   Code   RO           31    i.HAL_SD_MspInit    bsp_driver_sd.o
    0x08005110   0x08005110   0x000001ee   Code   RO         7353    i.HAL_SD_ReadBlocks  stm32l4xx_hal_sd.o
    0x080052fe   0x080052fe   0x00000008   Code   RO           32    i.HAL_SD_RxCpltCallback  bsp_driver_sd.o
    0x08005306   0x08005306   0x00000008   Code   RO           33    i.HAL_SD_TxCpltCallback  bsp_driver_sd.o
    0x0800530e   0x0800530e   0x00000002   PAD
    0x08005310   0x08005310   0x00000132   Code   RO         7359    i.HAL_SD_WriteBlocks_DMA  stm32l4xx_hal_sd.o
    0x08005442   0x08005442   0x00000006   Code   RO         7850    i.HAL_SPI_GetState  stm32l4xx_hal_spi.o
    0x08005448   0x08005448   0x000000ac   Code   RO         7852    i.HAL_SPI_Init      stm32l4xx_hal_spi.o
    0x080054f4   0x080054f4   0x00000002   Code   RO         7854    i.HAL_SPI_MspInit   stm32l4xx_hal_spi.o
    0x080054f6   0x080054f6   0x00000268   Code   RO         7861    i.HAL_SPI_TransmitReceive  stm32l4xx_hal_spi.o
    0x0800575e   0x0800575e   0x00000002   Code   RO        10792    i.HAL_SYSTICK_Callback  stm32l4xx_hal_cortex.o
    0x08005760   0x08005760   0x00000028   Code   RO        10793    i.HAL_SYSTICK_Config  stm32l4xx_hal_cortex.o
    0x08005788   0x08005788   0x00000008   Code   RO        10794    i.HAL_SYSTICK_IRQHandler  stm32l4xx_hal_cortex.o
    0x08005790   0x08005790   0x00000002   Code   RO         8833    i.HAL_TIMEx_Break2Callback  stm32l4xx_hal_tim_ex.o
    0x08005792   0x08005792   0x00000002   Code   RO         8834    i.HAL_TIMEx_BreakCallback  stm32l4xx_hal_tim_ex.o
    0x08005794   0x08005794   0x00000002   Code   RO         8835    i.HAL_TIMEx_CommutationCallback  stm32l4xx_hal_tim_ex.o
    0x08005796   0x08005796   0x00000036   Code   RO         8194    i.HAL_TIM_Base_Init  stm32l4xx_hal_tim.o
    0x080057cc   0x080057cc   0x0000002c   Code   RO         4314    i.HAL_TIM_Base_MspInit  sensor_acquisition.o
    0x080057f8   0x080057f8   0x00000030   Code   RO         8199    i.HAL_TIM_Base_Start_IT  stm32l4xx_hal_tim.o
    0x08005828   0x08005828   0x0000002a   Code   RO         8202    i.HAL_TIM_Base_Stop_IT  stm32l4xx_hal_tim.o
    0x08005852   0x08005852   0x00000002   Code   RO         8223    i.HAL_TIM_IC_CaptureCallback  stm32l4xx_hal_tim.o
    0x08005854   0x08005854   0x00000184   Code   RO         8236    i.HAL_TIM_IRQHandler  stm32l4xx_hal_tim.o
    0x080059d8   0x080059d8   0x00000002   Code   RO         8239    i.HAL_TIM_OC_DelayElapsedCallback  stm32l4xx_hal_tim.o
    0x080059da   0x080059da   0x00000128   Code   RO         8260    i.HAL_TIM_PWM_ConfigChannel  stm32l4xx_hal_tim.o
    0x08005b02   0x08005b02   0x00000036   Code   RO         8263    i.HAL_TIM_PWM_Init  stm32l4xx_hal_tim.o
    0x08005b38   0x08005b38   0x0000001c   Code   RO         5207    i.HAL_TIM_PWM_MspInit  ihm.o
    0x08005b54   0x08005b54   0x00000002   Code   RO         8266    i.HAL_TIM_PWM_PulseFinishedCallback  stm32l4xx_hal_tim.o
    0x08005b56   0x08005b56   0x00000002   PAD
    0x08005b58   0x08005b58   0x00000070   Code   RO         8267    i.HAL_TIM_PWM_Start  stm32l4xx_hal_tim.o
    0x08005bc8   0x08005bc8   0x0000007c   Code   RO         8270    i.HAL_TIM_PWM_Stop  stm32l4xx_hal_tim.o
    0x08005c44   0x08005c44   0x0000000c   Code   RO         4315    i.HAL_TIM_PeriodElapsedCallback  sensor_acquisition.o
    0x08005c50   0x08005c50   0x00000002   Code   RO         8277    i.HAL_TIM_TriggerCallback  stm32l4xx_hal_tim.o
    0x08005c52   0x08005c52   0x00000022   Code   RO        12270    i.HCI_TL_SPI_DeInit  hci_tl_interface.o
    0x08005c74   0x08005c74   0x00000064   Code   RO        12271    i.HCI_TL_SPI_Init   hci_tl_interface.o
    0x08005cd8   0x08005cd8   0x0000007c   Code   RO        12272    i.HCI_TL_SPI_Receive  hci_tl_interface.o
    0x08005d54   0x08005d54   0x0000002a   Code   RO        12273    i.HCI_TL_SPI_Reset  hci_tl_interface.o
    0x08005d7e   0x08005d7e   0x00000002   PAD
    0x08005d80   0x08005d80   0x00000090   Code   RO        12274    i.HCI_TL_SPI_Send   hci_tl_interface.o
    0x08005e10   0x08005e10   0x000000f8   Code   RO         1543    i.HTS221_0_Probe    hts221_env_sensor.o
    0x08005f08   0x08005f08   0x0000002c   Code   RO         1360    i.HTS221_DeInit     hts221.o
    0x08005f34   0x08005f34   0x0000003c   Code   RO         1545    i.HTS221_ENV_SENSOR_Disable  hts221_env_sensor.o
    0x08005f70   0x08005f70   0x0000003c   Code   RO         1546    i.HTS221_ENV_SENSOR_Enable  hts221_env_sensor.o
    0x08005fac   0x08005fac   0x0000003c   Code   RO         1549    i.HTS221_ENV_SENSOR_GetValue  hts221_env_sensor.o
    0x08005fe8   0x08005fe8   0x0000009a   Code   RO         1550    i.HTS221_ENV_SENSOR_Init  hts221_env_sensor.o
    0x08006082   0x08006082   0x00000002   PAD
    0x08006084   0x08006084   0x00000028   Code   RO         1361    i.HTS221_GetCapabilities  hts221.o
    0x080060ac   0x080060ac   0x00000050   Code   RO         1362    i.HTS221_GetOutputDataRate  hts221.o
    0x080060fc   0x080060fc   0x0000002c   Code   RO         1365    i.HTS221_HUM_Disable  hts221.o
    0x08006128   0x08006128   0x00000032   Code   RO         1366    i.HTS221_HUM_Enable  hts221.o
    0x0800615a   0x0800615a   0x00000002   PAD
    0x0800615c   0x0800615c   0x000000d4   Code   RO         1367    i.HTS221_HUM_GetHumidity  hts221.o
    0x08006230   0x08006230   0x00000004   Code   RO         1368    i.HTS221_HUM_GetOutputDataRate  hts221.o
    0x08006234   0x08006234   0x00000004   Code   RO         1370    i.HTS221_HUM_SetOutputDataRate  hts221.o
    0x08006238   0x08006238   0x00000040   Code   RO         1371    i.HTS221_Init       hts221.o
    0x08006278   0x08006278   0x00000012   Code   RO         1372    i.HTS221_ReadID     hts221.o
    0x0800628a   0x0800628a   0x00000002   PAD
    0x0800628c   0x0800628c   0x00000040   Code   RO         1374    i.HTS221_RegisterBusIO  hts221.o
    0x080062cc   0x080062cc   0x00000034   Code   RO         1375    i.HTS221_SetOutputDataRate  hts221.o
    0x08006300   0x08006300   0x0000002c   Code   RO         1377    i.HTS221_TEMP_Disable  hts221.o
    0x0800632c   0x0800632c   0x00000032   Code   RO         1378    i.HTS221_TEMP_Enable  hts221.o
    0x0800635e   0x0800635e   0x00000004   Code   RO         1379    i.HTS221_TEMP_GetOutputDataRate  hts221.o
    0x08006362   0x08006362   0x000000a2   Code   RO         1380    i.HTS221_TEMP_GetTemperature  hts221.o
    0x08006404   0x08006404   0x00000004   Code   RO         1382    i.HTS221_TEMP_SetOutputDataRate  hts221.o
    0x08006408   0x08006408   0x0000000c   Code   RO          447    i.HalfCryptSvgrBuffCpltCallback  fatfs.o
    0x08006414   0x08006414   0x0000000c   Code   RO          994    i.HalfSvgrBuffCpltCallback  crypt.o
    0x08006420   0x08006420   0x00000006   Code   RO         5039    i.HardFault_Handler  stm32l4xx_it.o
    0x08006426   0x08006426   0x00000002   PAD
    0x08006428   0x08006428   0x0000000c   Code   RO         5040    i.I2C4_ER_IRQHandler  stm32l4xx_it.o
    0x08006434   0x08006434   0x0000000c   Code   RO         5041    i.I2C4_EV_IRQHandler  stm32l4xx_it.o
    0x08006440   0x08006440   0x00000028   Code   RO         6771    i.I2C_DMAAbort      stm32l4xx_hal_i2c.o
    0x08006468   0x08006468   0x00000012   Code   RO         6772    i.I2C_DMAError      stm32l4xx_hal_i2c.o
    0x0800647a   0x0800647a   0x0000004e   Code   RO         6773    i.I2C_DMAMasterReceiveCplt  stm32l4xx_hal_i2c.o
    0x080064c8   0x080064c8   0x00000018   Code   RO         1180    i.I2C_DeInit        i2c_com.o
    0x080064e0   0x080064e0   0x00000054   Code   RO         6777    i.I2C_Disable_IRQ   stm32l4xx_hal_i2c.o
    0x08006534   0x08006534   0x0000005c   Code   RO         6778    i.I2C_Enable_IRQ    stm32l4xx_hal_i2c.o
    0x08006590   0x08006590   0x00000022   Code   RO         6779    i.I2C_Flush_TXDR    stm32l4xx_hal_i2c.o
    0x080065b2   0x080065b2   0x00000088   Code   RO         6780    i.I2C_ITAddrCplt    stm32l4xx_hal_i2c.o
    0x0800663a   0x0800663a   0x00000002   PAD
    0x0800663c   0x0800663c   0x000000e0   Code   RO         6781    i.I2C_ITError       stm32l4xx_hal_i2c.o
    0x0800671c   0x0800671c   0x00000060   Code   RO         6782    i.I2C_ITListenCplt  stm32l4xx_hal_i2c.o
    0x0800677c   0x0800677c   0x000000b4   Code   RO         6783    i.I2C_ITMasterCplt  stm32l4xx_hal_i2c.o
    0x08006830   0x08006830   0x0000004c   Code   RO         6784    i.I2C_ITMasterSequentialCplt  stm32l4xx_hal_i2c.o
    0x0800687c   0x0800687c   0x000000ec   Code   RO         6785    i.I2C_ITSlaveCplt   stm32l4xx_hal_i2c.o
    0x08006968   0x08006968   0x00000054   Code   RO         6786    i.I2C_ITSlaveSequentialCplt  stm32l4xx_hal_i2c.o
    0x080069bc   0x080069bc   0x00000038   Code   RO         1181    i.I2C_Init          i2c_com.o
    0x080069f4   0x080069f4   0x00000084   Code   RO         6787    i.I2C_IsAcknowledgeFailed  stm32l4xx_hal_i2c.o
    0x08006a78   0x08006a78   0x00000110   Code   RO         6788    i.I2C_Master_ISR_DMA  stm32l4xx_hal_i2c.o
    0x08006b88   0x08006b88   0x0000000a   Code   RO         4878    i.I2C_Read          stc3115_i2c.o
    0x08006b92   0x08006b92   0x00000002   PAD
    0x08006b94   0x08006b94   0x0000004c   Code   RO         1182    i.I2C_ReadReg       i2c_com.o
    0x08006be0   0x08006be0   0x00000064   Code   RO         6790    i.I2C_RequestMemoryRead  stm32l4xx_hal_i2c.o
    0x08006c44   0x08006c44   0x00000064   Code   RO         6791    i.I2C_RequestMemoryWrite  stm32l4xx_hal_i2c.o
    0x08006ca8   0x08006ca8   0x000000d4   Code   RO         6792    i.I2C_Slave_ISR_DMA  stm32l4xx_hal_i2c.o
    0x08006d7c   0x08006d7c   0x00000120   Code   RO         6793    i.I2C_Slave_ISR_IT  stm32l4xx_hal_i2c.o
    0x08006e9c   0x08006e9c   0x0000002c   Code   RO         6794    i.I2C_TransferConfig  stm32l4xx_hal_i2c.o
    0x08006ec8   0x08006ec8   0x00000058   Code   RO         6795    i.I2C_WaitOnFlagUntilTimeout  stm32l4xx_hal_i2c.o
    0x08006f20   0x08006f20   0x0000004c   Code   RO         6797    i.I2C_WaitOnSTOPFlagUntilTimeout  stm32l4xx_hal_i2c.o
    0x08006f6c   0x08006f6c   0x00000050   Code   RO         6798    i.I2C_WaitOnTXISFlagUntilTimeout  stm32l4xx_hal_i2c.o
    0x08006fbc   0x08006fbc   0x0000000a   Code   RO         4879    i.I2C_Write         stc3115_i2c.o
    0x08006fc6   0x08006fc6   0x00000002   PAD
    0x08006fc8   0x08006fc8   0x0000004c   Code   RO         1183    i.I2C_WriteReg      i2c_com.o
    0x08007014   0x08007014   0x00000098   Code   RO         5208    i.IHM_LED_Continious_Init  ihm.o
    0x080070ac   0x080070ac   0x00000032   Code   RO         5210    i.IHM_LED_Off       ihm.o
    0x080070de   0x080070de   0x00000032   Code   RO         5211    i.IHM_LED_On        ihm.o
    0x08007110   0x08007110   0x0000018a   Code   RO         5212    i.IHM_LED_PWM_Init  ihm.o
    0x0800729a   0x0800729a   0x00000002   PAD
    0x0800729c   0x0800729c   0x00000094   Code   RO         5213    i.IHM_LED_Start     ihm.o
    0x08007330   0x08007330   0x0000002c   Code   RO         5214    i.IHM_LED_Start_Blink  ihm.o
    0x0800735c   0x0800735c   0x0000005c   Code   RO         5215    i.IHM_LED_Stop      ihm.o
    0x080073b8   0x080073b8   0x0000002c   Code   RO         5216    i.IHM_LED_Stop_Blink  ihm.o
    0x080073e4   0x080073e4   0x000000d0   Code   RO         5217    i.IHM_PB_Callback   ihm.o
    0x080074b4   0x080074b4   0x0000000a   Code   RO         5218    i.IHM_PB_GetState   ihm.o
    0x080074be   0x080074be   0x00000002   PAD
    0x080074c0   0x080074c0   0x00000014   Code   RO        12194    i.IHM_PB_Go_To_Factory_Mode  gatt_db.o
    0x080074d4   0x080074d4   0x0000005c   Code   RO         5220    i.IHM_PB_Init       ihm.o
    0x08007530   0x08007530   0x000000f8   Code   RO         2453    i.LSM6DSL_0_Probe   lsm6dsl_motion_sensor.o
    0x08007628   0x08007628   0x00000036   Code   RO         1913    i.LSM6DSL_ACC_Disable  lsm6dsl.o
    0x0800765e   0x0800765e   0x0000002c   Code   RO         1923    i.LSM6DSL_ACC_Enable  lsm6dsl.o
    0x0800768a   0x0800768a   0x00000002   PAD
    0x0800768c   0x0800768c   0x00000084   Code   RO         1933    i.LSM6DSL_ACC_GetAxes  lsm6dsl.o
    0x08007710   0x08007710   0x0000002a   Code   RO         1934    i.LSM6DSL_ACC_GetAxesRaw  lsm6dsl.o
    0x0800773a   0x0800773a   0x00000040   Code   RO         1935    i.LSM6DSL_ACC_GetFullScale  lsm6dsl.o
    0x0800777a   0x0800777a   0x00000002   PAD
    0x0800777c   0x0800777c   0x000000a8   Code   RO         1936    i.LSM6DSL_ACC_GetOutputDataRate  lsm6dsl.o
    0x08007824   0x08007824   0x0000005c   Code   RO         1937    i.LSM6DSL_ACC_GetSensitivity  lsm6dsl.o
    0x08007880   0x08007880   0x0000002c   Code   RO         1948    i.LSM6DSL_ACC_SetFullScale  lsm6dsl.o
    0x080078ac   0x080078ac   0x00000010   Code   RO         1949    i.LSM6DSL_ACC_SetOutputDataRate  lsm6dsl.o
    0x080078bc   0x080078bc   0x000000ac   Code   RO         1950    i.LSM6DSL_ACC_SetOutputDataRate_When_Disabled  lsm6dsl.o
    0x08007968   0x08007968   0x000000b8   Code   RO         1951    i.LSM6DSL_ACC_SetOutputDataRate_When_Enabled  lsm6dsl.o
    0x08007a20   0x08007a20   0x0000002a   Code   RO         1964    i.LSM6DSL_DeInit    lsm6dsl.o
    0x08007a4a   0x08007a4a   0x00000036   Code   RO         1978    i.LSM6DSL_GYRO_Disable  lsm6dsl.o
    0x08007a80   0x08007a80   0x0000002c   Code   RO         1979    i.LSM6DSL_GYRO_Enable  lsm6dsl.o
    0x08007aac   0x08007aac   0x00000076   Code   RO         1980    i.LSM6DSL_GYRO_GetAxes  lsm6dsl.o
    0x08007b22   0x08007b22   0x0000002a   Code   RO         1981    i.LSM6DSL_GYRO_GetAxesRaw  lsm6dsl.o
    0x08007b4c   0x08007b4c   0x0000004c   Code   RO         1982    i.LSM6DSL_GYRO_GetFullScale  lsm6dsl.o
    0x08007b98   0x08007b98   0x000000a0   Code   RO         1983    i.LSM6DSL_GYRO_GetOutputDataRate  lsm6dsl.o
    0x08007c38   0x08007c38   0x00000068   Code   RO         1984    i.LSM6DSL_GYRO_GetSensitivity  lsm6dsl.o
    0x08007ca0   0x08007ca0   0x00000038   Code   RO         1987    i.LSM6DSL_GYRO_SetFullScale  lsm6dsl.o
    0x08007cd8   0x08007cd8   0x00000010   Code   RO         1988    i.LSM6DSL_GYRO_SetOutputDataRate  lsm6dsl.o
    0x08007ce8   0x08007ce8   0x000000ac   Code   RO         1989    i.LSM6DSL_GYRO_SetOutputDataRate_When_Disabled  lsm6dsl.o
    0x08007d94   0x08007d94   0x000000b8   Code   RO         1990    i.LSM6DSL_GYRO_SetOutputDataRate_When_Enabled  lsm6dsl.o
    0x08007e4c   0x08007e4c   0x00000038   Code   RO         1992    i.LSM6DSL_GetCapabilities  lsm6dsl.o
    0x08007e84   0x08007e84   0x0000006c   Code   RO         1993    i.LSM6DSL_Init      lsm6dsl.o
    0x08007ef0   0x08007ef0   0x0000003c   Code   RO         2455    i.LSM6DSL_MOTION_SENSOR_Disable  lsm6dsl_motion_sensor.o
    0x08007f2c   0x08007f2c   0x0000003c   Code   RO         2456    i.LSM6DSL_MOTION_SENSOR_Enable  lsm6dsl_motion_sensor.o
    0x08007f68   0x08007f68   0x000000a6   Code   RO         2463    i.LSM6DSL_MOTION_SENSOR_Init  lsm6dsl_motion_sensor.o
    0x0800800e   0x0800800e   0x00000002   PAD
    0x08008010   0x08008010   0x0000001c   Code   RO         2603    i.LSM6DSL_MOTION_SENSOR_Read_Register  lsm6dsl_motion_sensor_ex.o
    0x0800802c   0x0800802c   0x0000003c   Code   RO         2466    i.LSM6DSL_MOTION_SENSOR_SetOutputDataRate  lsm6dsl_motion_sensor.o
    0x08008068   0x08008068   0x0000001c   Code   RO         2617    i.LSM6DSL_MOTION_SENSOR_Write_Register  lsm6dsl_motion_sensor_ex.o
    0x08008084   0x08008084   0x00000012   Code   RO         1994    i.LSM6DSL_ReadID    lsm6dsl.o
    0x08008096   0x08008096   0x00000014   Code   RO         1995    i.LSM6DSL_Read_Reg  lsm6dsl.o
    0x080080aa   0x080080aa   0x00000002   PAD
    0x080080ac   0x080080ac   0x00000060   Code   RO         1996    i.LSM6DSL_RegisterBusIO  lsm6dsl.o
    0x0800810c   0x0800810c   0x00000016   Code   RO         1998    i.LSM6DSL_Write_Reg  lsm6dsl.o
    0x08008122   0x08008122   0x0000002a   Code   RO         1384    i.Linear_Interpolation  hts221.o
    0x0800814c   0x0800814c   0x00000100   Code   RO        12034    i.MX_BlueNRG_MS_Init  app_x-cube-ble1.o
    0x0800824c   0x0800824c   0x0000000e   Code   RO        12035    i.MX_BlueNRG_MS_Process  app_x-cube-ble1.o
    0x0800825a   0x0800825a   0x00000002   PAD
    0x0800825c   0x0800825c   0x00000044   Code   RO         1302    i.MX_SPI3_Init      spi_bus.o
    0x080082a0   0x080082a0   0x00000006   Code   RO         5042    i.MemManage_Handler  stm32l4xx_it.o
    0x080082a6   0x080082a6   0x00000002   PAD
    0x080082a8   0x080082a8   0x0000000c   Code   RO          448    i.Motion_Buff_Cplt_Ready  fatfs.o
    0x080082b4   0x080082b4   0x0000000c   Code   RO          449    i.Motion_Buff_Half_Ready  fatfs.o
    0x080082c0   0x080082c0   0x00000002   Code   RO         5043    i.NMI_Handler       stm32l4xx_it.o
    0x080082c2   0x080082c2   0x00000020   Code   RO        10795    i.NVIC_SetPriority  stm32l4xx_hal_cortex.o
    0x080082e2   0x080082e2   0x00000002   PAD
    0x080082e4   0x080082e4   0x00000138   Code   RO          925    i.PWR_Check_Previous_Mode  pwr.o
    0x0800841c   0x0800841c   0x00000038   Code   RO          926    i.PWR_Go_To_Shutdown_Mode  pwr.o
    0x08008454   0x08008454   0x00000020   Code   RO          927    i.PWR_Init          pwr.o
    0x08008474   0x08008474   0x00000028   Code   RO          928    i.PWR_Reset_System  pwr.o
    0x0800849c   0x0800849c   0x00000002   Code   RO         5044    i.PendSV_Handler    stm32l4xx_it.o
    0x0800849e   0x0800849e   0x00000002   PAD
    0x080084a0   0x080084a0   0x0000012c   Code   RO         9857    i.RCCEx_PLLSAI1_Config  stm32l4xx_hal_rcc_ex.o
    0x080085cc   0x080085cc   0x00000108   Code   RO         9858    i.RCCEx_PLLSAI2_Config  stm32l4xx_hal_rcc_ex.o
    0x080086d4   0x080086d4   0x0000007c   Code   RO         9741    i.RCC_SetFlashLatencyFromMSIRange  stm32l4xx_hal_rcc.o
    0x08008750   0x08008750   0x0000000c   Code   RO         5045    i.RTC_Alarm_IRQHandler  stm32l4xx_it.o
    0x0800875c   0x0800875c   0x00000012   Code   RO        11001    i.RTC_Bcd2ToByte    stm32l4xx_hal_rtc.o
    0x0800876e   0x0800876e   0x00000018   Code   RO        11002    i.RTC_ByteToBcd2    stm32l4xx_hal_rtc.o
    0x08008786   0x08008786   0x00000002   PAD
    0x08008788   0x08008788   0x00000058   Code   RO          834    i.RTC_CalendarConfig  rtc.o
    0x080087e0   0x080087e0   0x0000003a   Code   RO        11003    i.RTC_EnterInitMode  stm32l4xx_hal_rtc.o
    0x0800881a   0x0800881a   0x00000002   PAD
    0x0800881c   0x0800881c   0x0000004c   Code   RO          836    i.RTC_Get_time_date  rtc.o
    0x08008868   0x08008868   0x00000054   Code   RO          837    i.RTC_Init          rtc.o
    0x080088bc   0x080088bc   0x0000002c   Code   RO          839    i.RTC_Set_date      rtc.o
    0x080088e8   0x080088e8   0x00000040   Code   RO          840    i.RTC_Set_time      rtc.o
    0x08008928   0x08008928   0x0000001c   Code   RO         1385    i.ReadRegWrap       hts221.o
    0x08008944   0x08008944   0x0000000e   Code   RO         1999    i.ReadRegWrap       lsm6dsl.o
    0x08008952   0x08008952   0x00000002   PAD
    0x08008954   0x08008954   0x00000084   Code   RO          450    i.Restor_Context    fatfs.o
    0x080089d8   0x080089d8   0x0000000c   Code   RO         5046    i.SDMMC1_IRQHandler  stm32l4xx_it.o
    0x080089e4   0x080089e4   0x00000032   Code   RO         7577    i.SDMMC_CmdAppCommand  stm32l4xx_ll_sdmmc.o
    0x08008a16   0x08008a16   0x00000002   PAD
    0x08008a18   0x08008a18   0x00000034   Code   RO         7578    i.SDMMC_CmdAppOperCommand  stm32l4xx_ll_sdmmc.o
    0x08008a4c   0x08008a4c   0x00000032   Code   RO         7579    i.SDMMC_CmdBlockLength  stm32l4xx_ll_sdmmc.o
    0x08008a7e   0x08008a7e   0x00000032   Code   RO         7580    i.SDMMC_CmdBusWidth  stm32l4xx_ll_sdmmc.o
    0x08008ab0   0x08008ab0   0x00000050   Code   RO         7584    i.SDMMC_CmdGoIdleState  stm32l4xx_ll_sdmmc.o
    0x08008b00   0x08008b00   0x00000070   Code   RO         7586    i.SDMMC_CmdOperCond  stm32l4xx_ll_sdmmc.o
    0x08008b70   0x08008b70   0x00000032   Code   RO         7587    i.SDMMC_CmdReadMultiBlock  stm32l4xx_ll_sdmmc.o
    0x08008ba2   0x08008ba2   0x00000032   Code   RO         7588    i.SDMMC_CmdReadSingleBlock  stm32l4xx_ll_sdmmc.o
    0x08008bd4   0x08008bd4   0x00000032   Code   RO         7591    i.SDMMC_CmdSelDesel  stm32l4xx_ll_sdmmc.o
    0x08008c06   0x08008c06   0x0000002c   Code   RO         7592    i.SDMMC_CmdSendCID  stm32l4xx_ll_sdmmc.o
    0x08008c32   0x08008c32   0x0000002c   Code   RO         7593    i.SDMMC_CmdSendCSD  stm32l4xx_ll_sdmmc.o
    0x08008c5e   0x08008c5e   0x00000030   Code   RO         7594    i.SDMMC_CmdSendSCR  stm32l4xx_ll_sdmmc.o
    0x08008c8e   0x08008c8e   0x00000032   Code   RO         7595    i.SDMMC_CmdSendStatus  stm32l4xx_ll_sdmmc.o
    0x08008cc0   0x08008cc0   0x00000030   Code   RO         7596    i.SDMMC_CmdSetRelAdd  stm32l4xx_ll_sdmmc.o
    0x08008cf0   0x08008cf0   0x00000034   Code   RO         7598    i.SDMMC_CmdStopTransfer  stm32l4xx_ll_sdmmc.o
    0x08008d24   0x08008d24   0x00000032   Code   RO         7600    i.SDMMC_CmdWriteMultiBlock  stm32l4xx_ll_sdmmc.o
    0x08008d56   0x08008d56   0x00000032   Code   RO         7601    i.SDMMC_CmdWriteSingleBlock  stm32l4xx_ll_sdmmc.o
    0x08008d88   0x08008d88   0x00000024   Code   RO         7602    i.SDMMC_ConfigData  stm32l4xx_ll_sdmmc.o
    0x08008dac   0x08008dac   0x0000011c   Code   RO         7603    i.SDMMC_GetCmdResp1  stm32l4xx_ll_sdmmc.o
    0x08008ec8   0x08008ec8   0x0000004c   Code   RO         7604    i.SDMMC_GetCmdResp2  stm32l4xx_ll_sdmmc.o
    0x08008f14   0x08008f14   0x00000040   Code   RO         7605    i.SDMMC_GetCmdResp3  stm32l4xx_ll_sdmmc.o
    0x08008f54   0x08008f54   0x00000084   Code   RO         7606    i.SDMMC_GetCmdResp6  stm32l4xx_ll_sdmmc.o
    0x08008fd8   0x08008fd8   0x00000008   Code   RO         7610    i.SDMMC_GetPowerState  stm32l4xx_ll_sdmmc.o
    0x08008fe0   0x08008fe0   0x00000006   Code   RO         7611    i.SDMMC_GetResponse  stm32l4xx_ll_sdmmc.o
    0x08008fe6   0x08008fe6   0x00000024   Code   RO         7612    i.SDMMC_Init        stm32l4xx_ll_sdmmc.o
    0x0800900a   0x0800900a   0x00000008   Code   RO         7614    i.SDMMC_PowerState_ON  stm32l4xx_ll_sdmmc.o
    0x08009012   0x08009012   0x00000006   Code   RO         7615    i.SDMMC_ReadFIFO    stm32l4xx_ll_sdmmc.o
    0x08009018   0x08009018   0x00000020   Code   RO         7616    i.SDMMC_SendCommand  stm32l4xx_ll_sdmmc.o
    0x08009038   0x08009038   0x0000000a   Code   RO         7618    i.SDMMC_WriteFIFO   stm32l4xx_ll_sdmmc.o
    0x08009042   0x08009042   0x00000002   PAD
    0x08009044   0x08009044   0x00000020   Code   RO          304    i.SD_CheckStatus    sd_diskio.o
    0x08009064   0x08009064   0x0000005c   Code   RO         7361    i.SD_DMAError       stm32l4xx_hal_sd.o
    0x080090c0   0x080090c0   0x00000044   Code   RO         7363    i.SD_DMARxAbort     stm32l4xx_hal_sd.o
    0x08009104   0x08009104   0x0000000e   Code   RO         7364    i.SD_DMATransmitCplt  stm32l4xx_hal_sd.o
    0x08009112   0x08009112   0x00000044   Code   RO         7365    i.SD_DMATxAbort     stm32l4xx_hal_sd.o
    0x08009156   0x08009156   0x000000da   Code   RO         7366    i.SD_FindSCR        stm32l4xx_hal_sd.o
    0x08009230   0x08009230   0x000000ee   Code   RO         7367    i.SD_InitCard       stm32l4xx_hal_sd.o
    0x0800931e   0x0800931e   0x000000a2   Code   RO         7368    i.SD_PowerON        stm32l4xx_hal_sd.o
    0x080093c0   0x080093c0   0x00000020   Code   RO          305    i.SD_initialize     sd_diskio.o
    0x080093e0   0x080093e0   0x00000050   Code   RO          306    i.SD_ioctl          sd_diskio.o
    0x08009430   0x08009430   0x00000026   Code   RO          307    i.SD_read           sd_diskio.o
    0x08009456   0x08009456   0x00000004   Code   RO          308    i.SD_status         sd_diskio.o
    0x0800945a   0x0800945a   0x00000002   PAD
    0x0800945c   0x0800945c   0x0000006c   Code   RO          309    i.SD_write          sd_diskio.o
    0x080094c8   0x080094c8   0x00000030   Code   RO         1184    i.SENSOR_DMA_Start  i2c_com.o
    0x080094f8   0x080094f8   0x00000004   Code   RO         1185    i.SENSOR_IO_GetTick  i2c_com.o
    0x080094fc   0x080094fc   0x00000048   Code   RO         7890    i.SPI_EndRxTxTransaction  stm32l4xx_hal_spi.o
    0x08009544   0x08009544   0x00000096   Code   RO         7895    i.SPI_WaitFifoStateUntilTimeout  stm32l4xx_hal_spi.o
    0x080095da   0x080095da   0x00000094   Code   RO         7896    i.SPI_WaitFlagStateUntilTimeout  stm32l4xx_hal_spi.o
    0x0800966e   0x0800966e   0x00000008   Code   RO         4705    i.STC3115_AlarmClear  stc3115_driver.o
    0x08009676   0x08009676   0x00000018   Code   RO         4707    i.STC3115_AlarmSet  stc3115_driver.o
    0x0800968e   0x0800968e   0x0000000c   Code   RO         4708    i.STC3115_AlarmSetSOCThreshold  stc3115_driver.o
    0x0800969a   0x0800969a   0x00000016   Code   RO         4710    i.STC3115_AlarmStop  stc3115_driver.o
    0x080096b0   0x080096b0   0x00000028   Code   RO         4711    i.STC3115_CalcRamCRC8  stc3115_driver.o
    0x080096d8   0x080096d8   0x00000024   Code   RO         4712    i.STC3115_InitRamData  stc3115_driver.o
    0x080096fc   0x080096fc   0x000000d4   Code   RO         4713    i.STC3115_ReadBatteryData  stc3115_driver.o
    0x080097d0   0x080097d0   0x0000001c   Code   RO         4714    i.STC3115_ReadByte  stc3115_driver.o
    0x080097ec   0x080097ec   0x0000000a   Code   RO         4715    i.STC3115_ReadBytes  stc3115_driver.o
    0x080097f6   0x080097f6   0x00000008   Code   RO         4716    i.STC3115_ReadRamData  stc3115_driver.o
    0x080097fe   0x080097fe   0x00000024   Code   RO         4717    i.STC3115_ReadWord  stc3115_driver.o
    0x08009822   0x08009822   0x00000002   PAD
    0x08009824   0x08009824   0x00000028   Code   RO         4718    i.STC3115_Restore   stc3115_driver.o
    0x0800984c   0x0800984c   0x00000090   Code   RO         4719    i.STC3115_SetParam  stc3115_driver.o
    0x080098dc   0x080098dc   0x00000026   Code   RO         4721    i.STC3115_Startup   stc3115_driver.o
    0x08009902   0x08009902   0x0000001e   Code   RO         4722    i.STC3115_Status    stc3115_driver.o
    0x08009920   0x08009920   0x00000014   Code   RO         4724    i.STC3115_UpdateRamCRC  stc3115_driver.o
    0x08009934   0x08009934   0x00000012   Code   RO         4725    i.STC3115_WriteByte  stc3115_driver.o
    0x08009946   0x08009946   0x0000000a   Code   RO         4726    i.STC3115_WriteBytes  stc3115_driver.o
    0x08009950   0x08009950   0x00000008   Code   RO         4727    i.STC3115_WriteRamData  stc3115_driver.o
    0x08009958   0x08009958   0x00000018   Code   RO         4728    i.STC3115_WriteWord  stc3115_driver.o
    0x08009970   0x08009970   0x0000000e   Code   RO         4729    i.STC3115_conv      stc3115_driver.o
    0x0800997e   0x0800997e   0x00000002   Code   RO         5047    i.SVC_Handler       stm32l4xx_it.o
    0x08009980   0x08009980   0x00000034   Code   RO          929    i.Sd_DeInit_Callback  pwr.o
    0x080099b4   0x080099b4   0x0000000c   Code   RO         4916    i.Sensor_Stop_System  main.o
    0x080099c0   0x080099c0   0x00000080   Code   RO         4319    i.Sensors_Acti_Get_Debug_Variables  sensor_acquisition.o
    0x08009a40   0x08009a40   0x00000018   Code   RO         4610    i.Sensors_Bat_Is_Full  bat_monitor.o
    0x08009a58   0x08009a58   0x00000014   Code   RO         4320    i.Sensors_Callback_LSM6DSL  sensor_acquisition.o
    0x08009a6c   0x08009a6c   0x0000001c   Code   RO         4611    i.Sensors_Callback_STC3115  bat_monitor.o
    0x08009a88   0x08009a88   0x0000001a   Code   RO         4322    i.Sensors_Init      sensor_acquisition.o
    0x08009aa2   0x08009aa2   0x00000002   PAD
    0x08009aa4   0x08009aa4   0x00000054   Code   RO         4613    i.Sensors_Init_Check_Bat  bat_monitor.o
    0x08009af8   0x08009af8   0x0000014c   Code   RO         4323    i.Sensors_Process   sensor_acquisition.o
    0x08009c44   0x08009c44   0x00000018   Code   RO         4324    i.Sensors_Start     sensor_acquisition.o
    0x08009c5c   0x08009c5c   0x0000001c   Code   RO         4325    i.Sensors_Stop      sensor_acquisition.o
    0x08009c78   0x08009c78   0x000000c0   Code   RO          453    i.Set_Acti_Cust_Header  fatfs.o
    0x08009d38   0x08009d38   0x000000d4   Code   RO          454    i.Set_Audio_Cust_Header2  fatfs.o
    0x08009e0c   0x08009e0c   0x0000007c   Code   RO          455    i.Set_Audio_Cust_Header_Start  fatfs.o
    0x08009e88   0x08009e88   0x000000b0   Code   RO        12125    i.Set_DeviceConnectable  ble_com.o
    0x08009f38   0x08009f38   0x00000010   Code   RO          456    i.Set_Tick_End_Time  fatfs.o
    0x08009f48   0x08009f48   0x00000010   Code   RO          457    i.Set_Tick_Start_Time  fatfs.o
    0x08009f58   0x08009f58   0x0000000c   Code   RO          995    i.SvgrBuffCpltCallback  crypt.o
    0x08009f64   0x08009f64   0x00000016   Code   RO          458    i.Svgrd_Process     fatfs.o
    0x08009f7a   0x08009f7a   0x00000002   PAD
    0x08009f7c   0x08009f7c   0x00000168   Code   RO          459    i.Swap_File_Process  fatfs.o
    0x0800a0e4   0x0800a0e4   0x0000000e   Code   RO         5048    i.SysTick_Handler   stm32l4xx_it.o
    0x0800a0f2   0x0800a0f2   0x00000002   PAD
    0x0800a0f4   0x0800a0f4   0x000000b4   Code   RO         4917    i.SystemClock_Config  main.o
    0x0800a1a8   0x0800a1a8   0x00000044   Code   RO        11362    i.SystemInit        system_stm32l4xx.o
    0x0800a1ec   0x0800a1ec   0x0000000c   Code   RO         5049    i.TIM3_IRQHandler   stm32l4xx_it.o
    0x0800a1f8   0x0800a1f8   0x000000c0   Code   RO         8278    i.TIM_Base_SetConfig  stm32l4xx_hal_tim.o
    0x0800a2b8   0x0800a2b8   0x0000001a   Code   RO         8279    i.TIM_CCxChannelCmd  stm32l4xx_hal_tim.o
    0x0800a2d2   0x0800a2d2   0x00000002   PAD
    0x0800a2d4   0x0800a2d4   0x0000009c   Code   RO         8287    i.TIM_OC1_SetConfig  stm32l4xx_hal_tim.o
    0x0800a370   0x0800a370   0x00000090   Code   RO         8288    i.TIM_OC2_SetConfig  stm32l4xx_hal_tim.o
    0x0800a400   0x0800a400   0x00000090   Code   RO         8289    i.TIM_OC3_SetConfig  stm32l4xx_hal_tim.o
    0x0800a490   0x0800a490   0x00000074   Code   RO         8290    i.TIM_OC4_SetConfig  stm32l4xx_hal_tim.o
    0x0800a504   0x0800a504   0x00000070   Code   RO         8291    i.TIM_OC5_SetConfig  stm32l4xx_hal_tim.o
    0x0800a574   0x0800a574   0x00000070   Code   RO         8292    i.TIM_OC6_SetConfig  stm32l4xx_hal_tim.o
    0x0800a5e4   0x0800a5e4   0x0000000c   Code   RO         4539    i.Temp_Hum_Get_Temperature  temp_hum.o
    0x0800a5f0   0x0800a5f0   0x00000012   Code   RO         4540    i.Temp_Hum_Init     temp_hum.o
    0x0800a602   0x0800a602   0x00000002   PAD
    0x0800a604   0x0800a604   0x00000024   Code   RO         4541    i.Temp_Hum_Init_Check_Temperature  temp_hum.o
    0x0800a628   0x0800a628   0x00000012   Code   RO         4543    i.Temp_Hum_Start    temp_hum.o
    0x0800a63a   0x0800a63a   0x00000012   Code   RO         4544    i.Temp_Hum_Stop     temp_hum.o
    0x0800a64c   0x0800a64c   0x00000050   Code   RO         5221    i.Tempo_PB_Process  ihm.o
    0x0800a69c   0x0800a69c   0x00000024   Code   RO         4327    i.Tim3_Init         sensor_acquisition.o
    0x0800a6c0   0x0800a6c0   0x00000002   Code   RO         5050    i.UsageFault_Handler  stm32l4xx_it.o
    0x0800a6c2   0x0800a6c2   0x00000002   PAD
    0x0800a6c4   0x0800a6c4   0x00000064   Code   RO        12036    i.User_Process      app_x-cube-ble1.o
    0x0800a728   0x0800a728   0x0000001c   Code   RO         1386    i.WriteRegWrap      hts221.o
    0x0800a744   0x0800a744   0x0000000e   Code   RO         2000    i.WriteRegWrap      lsm6dsl.o
    0x0800a752   0x0800a752   0x00000002   PAD
    0x0800a754   0x0800a754   0x00000098   Code   RO        12195    i.Write_Characteristic_CB  gatt_db.o
    0x0800a7ec   0x0800a7ec   0x00000058   Code   RO        12196    i.Write_Request_CB  gatt_db.o
    0x0800a844   0x0800a844   0x00000028   Code   RO        13653    i.__0sprintf$6      mc_w.l(printf6.o)
    0x0800a86c   0x0800a86c   0x0000000e   Code   RO        13844    i.__scatterload_copy  mc_w.l(handlers.o)
    0x0800a87a   0x0800a87a   0x00000002   Code   RO        13845    i.__scatterload_null  mc_w.l(handlers.o)
    0x0800a87c   0x0800a87c   0x0000000e   Code   RO        13846    i.__scatterload_zeroinit  mc_w.l(handlers.o)
    0x0800a88a   0x0800a88a   0x00000002   PAD
    0x0800a88c   0x0800a88c   0x000002f6   Code   RO        13658    i._printf_core      mc_w.l(printf6.o)
    0x0800ab82   0x0800ab82   0x00000024   Code   RO        13659    i._printf_post_padding  mc_w.l(printf6.o)
    0x0800aba6   0x0800aba6   0x0000002e   Code   RO        13660    i._printf_pre_padding  mc_w.l(printf6.o)
    0x0800abd4   0x0800abd4   0x0000000a   Code   RO        13662    i._sputc            mc_w.l(printf6.o)
    0x0800abde   0x0800abde   0x00000068   Code   RO        12349    i.aci_gap_init_IDB04A1  bluenrg_gap_aci.o
    0x0800ac46   0x0800ac46   0x00000070   Code   RO        12350    i.aci_gap_init_IDB05A1  bluenrg_gap_aci.o
    0x0800acb6   0x0800acb6   0x00000074   Code   RO        12356    i.aci_gap_set_auth_requirement  bluenrg_gap_aci.o
    0x0800ad2a   0x0800ad2a   0x000000cc   Code   RO        12361    i.aci_gap_set_discoverable  bluenrg_gap_aci.o
    0x0800adf6   0x0800adf6   0x00000038   Code   RO        12366    i.aci_gap_set_non_discoverable  bluenrg_gap_aci.o
    0x0800ae2e   0x0800ae2e   0x0000004c   Code   RO        12379    i.aci_gap_terminate  bluenrg_gap_aci.o
    0x0800ae7a   0x0800ae7a   0x00000058   Code   RO        12381    i.aci_gap_update_adv_data  bluenrg_gap_aci.o
    0x0800aed2   0x0800aed2   0x000000bc   Code   RO        12616    i.aci_gatt_add_char  bluenrg_gatt_aci.o
    0x0800af8e   0x0800af8e   0x0000007c   Code   RO        12618    i.aci_gatt_add_serv  bluenrg_gatt_aci.o
    0x0800b00a   0x0800b00a   0x0000003a   Code   RO        12632    i.aci_gatt_init     bluenrg_gatt_aci.o
    0x0800b044   0x0800b044   0x0000007a   Code   RO        12645    i.aci_gatt_update_char_value  bluenrg_gatt_aci.o
    0x0800b0be   0x0800b0be   0x00000080   Code   RO        12652    i.aci_gatt_write_response  bluenrg_gatt_aci.o
    0x0800b13e   0x0800b13e   0x00000048   Code   RO        12898    i.aci_hal_set_tx_power_level  bluenrg_hal_aci.o
    0x0800b186   0x0800b186   0x0000005e   Code   RO        12901    i.aci_hal_write_config_data  bluenrg_hal_aci.o
    0x0800b1e4   0x0800b1e4   0x00000082   Code   RO        11454    i.change_bitmap     ff.o
    0x0800b266   0x0800b266   0x00000002   PAD
    0x0800b268   0x0800b268   0x0000008c   Code   RO        11455    i.check_fs          ff.o
    0x0800b2f4   0x0800b2f4   0x00000010   Code   RO        11456    i.chk_chr           ff.o
    0x0800b304   0x0800b304   0x0000005c   Code   RO        11457    i.chk_lock          ff.o
    0x0800b360   0x0800b360   0x00000020   Code   RO        11458    i.clear_lock        ff.o
    0x0800b380   0x0800b380   0x00000032   Code   RO        11459    i.clmt_clust        ff.o
    0x0800b3b2   0x0800b3b2   0x00000018   Code   RO        11460    i.clust2sect        ff.o
    0x0800b3ca   0x0800b3ca   0x00000002   PAD
    0x0800b3cc   0x0800b3cc   0x00000086   Code   RO        11461    i.cmp_lfn           ff.o
    0x0800b452   0x0800b452   0x00000132   Code   RO        11462    i.create_chain      ff.o
    0x0800b584   0x0800b584   0x0000024a   Code   RO        11463    i.create_name       ff.o
    0x0800b7ce   0x0800b7ce   0x00000086   Code   RO        11464    i.create_xdir       ff.o
    0x0800b854   0x0800b854   0x00000034   Code   RO        11465    i.dec_lock          ff.o
    0x0800b888   0x0800b888   0x00000058   Code   RO        11466    i.dir_alloc         ff.o
    0x0800b8e0   0x0800b8e0   0x0000014c   Code   RO        11467    i.dir_find          ff.o
    0x0800ba2c   0x0800ba2c   0x00000108   Code   RO        11468    i.dir_next          ff.o
    0x0800bb34   0x0800bb34   0x000000d8   Code   RO        11469    i.dir_read          ff.o
    0x0800bc0c   0x0800bc0c   0x0000024a   Code   RO        11470    i.dir_register      ff.o
    0x0800be56   0x0800be56   0x00000096   Code   RO        11472    i.dir_sdi           ff.o
    0x0800beec   0x0800beec   0x00000028   Code   RO        11399    i.disk_initialize   diskio.o
    0x0800bf14   0x0800bf14   0x0000001c   Code   RO        11400    i.disk_ioctl        diskio.o
    0x0800bf30   0x0800bf30   0x0000001c   Code   RO        11401    i.disk_read         diskio.o
    0x0800bf4c   0x0800bf4c   0x00000018   Code   RO        11402    i.disk_status       diskio.o
    0x0800bf64   0x0800bf64   0x0000001c   Code   RO        11403    i.disk_write        diskio.o
    0x0800bf80   0x0800bf80   0x00000028   Code   RO        11475    i.f_close           ff.o
    0x0800bfa8   0x0800bfa8   0x00000022   Code   RO        11476    i.f_closedir        ff.o
    0x0800bfca   0x0800bfca   0x0000018e   Code   RO        11477    i.f_expand          ff.o
    0x0800c158   0x0800c158   0x00000118   Code   RO        11479    i.f_getfree         ff.o
    0x0800c270   0x0800c270   0x0000030c   Code   RO        11481    i.f_lseek           ff.o
    0x0800c57c   0x0800c57c   0x00000058   Code   RO        11484    i.f_mount           ff.o
    0x0800c5d4   0x0800c5d4   0x00000328   Code   RO        11485    i.f_open            ff.o
    0x0800c8fc   0x0800c8fc   0x000000c4   Code   RO        11486    i.f_opendir         ff.o
    0x0800c9c0   0x0800c9c0   0x00000040   Code   RO        11491    i.f_readdir         ff.o
    0x0800ca00   0x0800ca00   0x0000013c   Code   RO        11494    i.f_sync            ff.o
    0x0800cb3c   0x0800cb3c   0x000001de   Code   RO        11497    i.f_write           ff.o
    0x0800cd1a   0x0800cd1a   0x00000002   PAD
    0x0800cd1c   0x0800cd1c   0x00000038   Code   RO        11995    i.ff_convert        ccsbcs.o
    0x0800cd54   0x0800cd54   0x00000080   Code   RO        11996    i.ff_wtoupper       ccsbcs.o
    0x0800cdd4   0x0800cdd4   0x0000002e   Code   RO        11498    i.fill_first_frag   ff.o
    0x0800ce02   0x0800ce02   0x00000032   Code   RO        11499    i.fill_last_frag    ff.o
    0x0800ce34   0x0800ce34   0x00000090   Code   RO        11500    i.find_bitmap       ff.o
    0x0800cec4   0x0800cec4   0x00000396   Code   RO        11501    i.find_volume       ff.o
    0x0800d25a   0x0800d25a   0x00000114   Code   RO        11502    i.follow_path       ff.o
    0x0800d36e   0x0800d36e   0x00000002   PAD
    0x0800d370   0x0800d370   0x00000080   Code   RO        11503    i.gen_numname       ff.o
    0x0800d3f0   0x0800d3f0   0x0000004c   Code   RO        13096    i.getBlueNRGVersion  bluenrg_utils_small.o
    0x0800d43c   0x0800d43c   0x0000012e   Code   RO        11504    i.get_fat           ff.o
    0x0800d56a   0x0800d56a   0x00000004   Code   RO          462    i.get_fattime       fatfs.o
    0x0800d56e   0x0800d56e   0x00000100   Code   RO        11505    i.get_fileinfo      ff.o
    0x0800d66e   0x0800d66e   0x00000002   PAD
    0x0800d670   0x0800d670   0x00000094   Code   RO        11506    i.get_ldnumber      ff.o
    0x0800d704   0x0800d704   0x0000007e   Code   RO        11507    i.get_xdir_info     ff.o
    0x0800d782   0x0800d782   0x00000002   PAD
    0x0800d784   0x0800d784   0x0000005c   Code   RO        13123    i.hci_init          hci_tl.o
    0x0800d7e0   0x0800d7e0   0x0000007c   Code   RO        13193    i.hci_le_read_local_version  hci_le.o
    0x0800d85c   0x0800d85c   0x00000060   Code   RO        13204    i.hci_le_set_scan_resp_data  hci_le.o
    0x0800d8bc   0x0800d8bc   0x00000068   Code   RO        13124    i.hci_notify_asynch_evt  hci_tl.o
    0x0800d924   0x0800d924   0x0000001c   Code   RO        13125    i.hci_register_io_bus  hci_tl.o
    0x0800d940   0x0800d940   0x00000036   Code   RO        13210    i.hci_reset         hci_le.o
    0x0800d976   0x0800d976   0x00000002   PAD
    0x0800d978   0x0800d978   0x00000188   Code   RO        13126    i.hci_send_req      hci_tl.o
    0x0800db00   0x0800db00   0x0000006c   Code   RO        12275    i.hci_tl_lowlevel_init  hci_tl_interface.o
    0x0800db6c   0x0800db6c   0x0000001e   Code   RO        12276    i.hci_tl_lowlevel_isr  hci_tl_interface.o
    0x0800db8a   0x0800db8a   0x00000002   PAD
    0x0800db8c   0x0800db8c   0x0000003c   Code   RO        13127    i.hci_user_evt_proc  hci_tl.o
    0x0800dbc8   0x0800dbc8   0x0000002e   Code   RO         1681    i.hts221_block_data_update_set  hts221_reg.o
    0x0800dbf6   0x0800dbf6   0x0000002a   Code   RO         1684    i.hts221_data_rate_get  hts221_reg.o
    0x0800dc20   0x0800dc20   0x0000002e   Code   RO         1685    i.hts221_data_rate_set  hts221_reg.o
    0x0800dc4e   0x0800dc4e   0x0000000a   Code   RO         1686    i.hts221_device_id_get  hts221_reg.o
    0x0800dc58   0x0800dc58   0x0000000a   Code   RO         1691    i.hts221_hum_adc_point_0_get  hts221_reg.o
    0x0800dc62   0x0800dc62   0x0000000a   Code   RO         1692    i.hts221_hum_adc_point_1_get  hts221_reg.o
    0x0800dc6c   0x0800dc6c   0x00000016   Code   RO         1694    i.hts221_hum_rh_point_0_get  hts221_reg.o
    0x0800dc82   0x0800dc82   0x00000016   Code   RO         1695    i.hts221_hum_rh_point_1_get  hts221_reg.o
    0x0800dc98   0x0800dc98   0x0000000a   Code   RO         1698    i.hts221_humidity_raw_get  hts221_reg.o
    0x0800dca2   0x0800dca2   0x0000002e   Code   RO         1706    i.hts221_power_on_set  hts221_reg.o
    0x0800dcd0   0x0800dcd0   0x0000000e   Code   RO         1707    i.hts221_read_reg   hts221_reg.o
    0x0800dcde   0x0800dcde   0x0000000a   Code   RO         1709    i.hts221_temp_adc_point_0_get  hts221_reg.o
    0x0800dce8   0x0800dce8   0x0000000a   Code   RO         1710    i.hts221_temp_adc_point_1_get  hts221_reg.o
    0x0800dcf2   0x0800dcf2   0x00000036   Code   RO         1712    i.hts221_temp_deg_point_0_get  hts221_reg.o
    0x0800dd28   0x0800dd28   0x00000036   Code   RO         1713    i.hts221_temp_deg_point_1_get  hts221_reg.o
    0x0800dd5e   0x0800dd5e   0x0000000a   Code   RO         1716    i.hts221_temperature_raw_get  hts221_reg.o
    0x0800dd68   0x0800dd68   0x0000000e   Code   RO         1717    i.hts221_write_reg  hts221_reg.o
    0x0800dd76   0x0800dd76   0x00000002   PAD
    0x0800dd78   0x0800dd78   0x00000080   Code   RO        11508    i.inc_lock          ff.o
    0x0800ddf8   0x0800ddf8   0x00000026   Code   RO        11509    i.ld_clust          ff.o
    0x0800de1e   0x0800de1e   0x00000016   Code   RO        11510    i.ld_dword          ff.o
    0x0800de34   0x0800de34   0x00000056   Code   RO        11511    i.ld_qword          ff.o
    0x0800de8a   0x0800de8a   0x0000000a   Code   RO        11512    i.ld_word           ff.o
    0x0800de94   0x0800de94   0x0000001c   Code   RO        13386    i.list_get_size     ble_list.o
    0x0800deb0   0x0800deb0   0x00000006   Code   RO        13387    i.list_init_head    ble_list.o
    0x0800deb6   0x0800deb6   0x00000018   Code   RO        13388    i.list_insert_head  ble_list.o
    0x0800dece   0x0800dece   0x00000018   Code   RO        13391    i.list_insert_tail  ble_list.o
    0x0800dee6   0x0800dee6   0x00000018   Code   RO        13392    i.list_is_empty     ble_list.o
    0x0800defe   0x0800defe   0x00000024   Code   RO        13393    i.list_remove_head  ble_list.o
    0x0800df22   0x0800df22   0x00000016   Code   RO        13394    i.list_remove_node  ble_list.o
    0x0800df38   0x0800df38   0x00000024   Code   RO        13395    i.list_remove_tail  ble_list.o
    0x0800df5c   0x0800df5c   0x00000038   Code   RO        11513    i.load_obj_dir      ff.o
    0x0800df94   0x0800df94   0x000000c8   Code   RO        11514    i.load_xdir         ff.o
    0x0800e05c   0x0800e05c   0x0000000a   Code   RO         2893    i.lsm6dsl_acceleration_raw_get  lsm6dsl_reg.o
    0x0800e066   0x0800e066   0x0000000a   Code   RO         2901    i.lsm6dsl_angular_rate_raw_get  lsm6dsl_reg.o
    0x0800e070   0x0800e070   0x0000002e   Code   RO         2903    i.lsm6dsl_auto_increment_set  lsm6dsl_reg.o
    0x0800e09e   0x0800e09e   0x0000002e   Code   RO         2905    i.lsm6dsl_block_data_update_set  lsm6dsl_reg.o
    0x0800e0cc   0x0800e0cc   0x0000000a   Code   RO         2924    i.lsm6dsl_device_id_get  lsm6dsl_reg.o
    0x0800e0d6   0x0800e0d6   0x0000002e   Code   RO         2939    i.lsm6dsl_fifo_mode_set  lsm6dsl_reg.o
    0x0800e104   0x0800e104   0x0000005a   Code   RO         2962    i.lsm6dsl_gy_data_rate_get  lsm6dsl_reg.o
    0x0800e15e   0x0800e15e   0x0000002e   Code   RO         2963    i.lsm6dsl_gy_data_rate_set  lsm6dsl_reg.o
    0x0800e18c   0x0800e18c   0x00000040   Code   RO         2965    i.lsm6dsl_gy_full_scale_get  lsm6dsl_reg.o
    0x0800e1cc   0x0800e1cc   0x0000002e   Code   RO         2966    i.lsm6dsl_gy_full_scale_set  lsm6dsl_reg.o
    0x0800e1fa   0x0800e1fa   0x0000000e   Code   RO         3014    i.lsm6dsl_read_reg  lsm6dsl_reg.o
    0x0800e208   0x0800e208   0x0000000e   Code   RO         3097    i.lsm6dsl_write_reg  lsm6dsl_reg.o
    0x0800e216   0x0800e216   0x0000005e   Code   RO         3098    i.lsm6dsl_xl_data_rate_get  lsm6dsl_reg.o
    0x0800e274   0x0800e274   0x0000002e   Code   RO         3099    i.lsm6dsl_xl_data_rate_set  lsm6dsl_reg.o
    0x0800e2a2   0x0800e2a2   0x0000002a   Code   RO         3103    i.lsm6dsl_xl_full_scale_get  lsm6dsl_reg.o
    0x0800e2cc   0x0800e2cc   0x0000002e   Code   RO         3104    i.lsm6dsl_xl_full_scale_set  lsm6dsl_reg.o
    0x0800e2fa   0x0800e2fa   0x00000002   PAD
    0x0800e2fc   0x0800e2fc   0x00000108   Code   RO         4918    i.main              main.o
    0x0800e404   0x0800e404   0x0000001a   Code   RO        11515    i.mem_cmp           ff.o
    0x0800e41e   0x0800e41e   0x00000012   Code   RO        11516    i.mem_cpy           ff.o
    0x0800e430   0x0800e430   0x0000000e   Code   RO        11517    i.mem_set           ff.o
    0x0800e43e   0x0800e43e   0x00000024   Code   RO        13128    i.move_list         hci_tl.o
    0x0800e462   0x0800e462   0x00000032   Code   RO        11518    i.move_window       ff.o
    0x0800e494   0x0800e494   0x00000074   Code   RO        11519    i.pick_lfn          ff.o
    0x0800e508   0x0800e508   0x000000f6   Code   RO        11520    i.put_fat           ff.o
    0x0800e5fe   0x0800e5fe   0x000000e4   Code   RO        11523    i.remove_chain      ff.o
    0x0800e6e2   0x0800e6e2   0x00000028   Code   RO        11524    i.st_clust          ff.o
    0x0800e70a   0x0800e70a   0x00000010   Code   RO        11525    i.st_dword          ff.o
    0x0800e71a   0x0800e71a   0x0000004a   Code   RO        11526    i.st_qword          ff.o
    0x0800e764   0x0800e764   0x00000008   Code   RO        11527    i.st_word           ff.o
    0x0800e76c   0x0800e76c   0x0000006a   Code   RO        11528    i.store_xdir        ff.o
    0x0800e7d6   0x0800e7d6   0x0000001a   Code   RO        11529    i.sum_sfn           ff.o
    0x0800e7f0   0x0800e7f0   0x00000088   Code   RO        11530    i.sync_fs           ff.o
    0x0800e878   0x0800e878   0x00000052   Code   RO        11531    i.sync_window       ff.o
    0x0800e8ca   0x0800e8ca   0x00000002   PAD
    0x0800e8cc   0x0800e8cc   0x0000008c   Code   RO        12126    i.user_notify       ble_com.o
    0x0800e958   0x0800e958   0x00000032   Code   RO        11532    i.validate          ff.o
    0x0800e98a   0x0800e98a   0x00000034   Code   RO        11533    i.xdir_sum          ff.o
    0x0800e9be   0x0800e9be   0x0000003c   Code   RO        11534    i.xname_sum         ff.o
    0x0800e9fa   0x0800e9fa   0x00000002   PAD
    0x0800e9fc   0x0800e9fc   0x00000014   Data   RO          310    .constdata          sd_diskio.o
    0x0800ea10   0x0800ea10   0x00000040   Data   RO        11363    .constdata          system_stm32l4xx.o
    0x0800ea50   0x0800ea50   0x000000cc   Data   RO        11537    .constdata          ff.o
    0x0800eb1c   0x0800eb1c   0x000003ae   Data   RO        11997    .constdata          ccsbcs.o
    0x0800eeca   0x0800eeca   0x00000002   PAD
    0x0800eecc   0x0800eecc   0x00000030   Data   RO        11538    .conststring        ff.o
    0x0800eefc   0x0800eefc   0x00000020   Data   RO        13842    Region$$Table       anon$$obj.o


    Execution Region RW_IRAM1 (Exec base: 0x20000000, Load base: 0x0800ef1c, Size: 0x0000d438, Max: 0x00050000, ABSOLUTE, COMPRESSED[0x000000e8])

    Exec Addr    Load Addr    Size         Type   Attr      Idx    E Section Name        Object

    0x20000000   COMPRESSED   0x0000000c   Data   RW          311    .data               sd_diskio.o
    0x2000000c   COMPRESSED   0x00000074   Data   RW          465    .data               fatfs.o
    0x20000080   COMPRESSED   0x00000004   Data   RW          466    .data               fatfs.o
    0x20000084   COMPRESSED   0x0000003b   Data   RW          666    .data               acquisition_audio.o
    0x200000bf   COMPRESSED   0x00000001   PAD
    0x200000c0   COMPRESSED   0x00000004   Data   RW          667    .data               acquisition_audio.o
    0x200000c4   COMPRESSED   0x00000004   Data   RW          668    .data               acquisition_audio.o
    0x200000c8   COMPRESSED   0x00000001   Data   RW          930    .data               pwr.o
    0x200000c9   COMPRESSED   0x00000003   PAD
    0x200000cc   COMPRESSED   0x00000004   Data   RW          997    .data               crypt.o
    0x200000d0   COMPRESSED   0x00000004   Data   RW          998    .data               crypt.o
    0x200000d4   COMPRESSED   0x0000002c   Data   RW          999    .data               crypt.o
    0x20000100   COMPRESSED   0x00000004   Data   RW         1304    .data               spi_bus.o
    0x20000104   COMPRESSED   0x00000010   Data   RW         1387    .data               hts221.o
    0x20000114   COMPRESSED   0x00000014   Data   RW         1388    .data               hts221.o
    0x20000128   COMPRESSED   0x00000014   Data   RW         1389    .data               hts221.o
    0x2000013c   COMPRESSED   0x00000020   Data   RW         1554    .data               hts221_env_sensor.o
    0x2000015c   COMPRESSED   0x00000010   Data   RW         2001    .data               lsm6dsl.o
    0x2000016c   COMPRESSED   0x00000024   Data   RW         2002    .data               lsm6dsl.o
    0x20000190   COMPRESSED   0x00000024   Data   RW         2003    .data               lsm6dsl.o
    0x200001b4   COMPRESSED   0x00000020   Data   RW         2468    .data               lsm6dsl_motion_sensor.o
    0x200001d4   COMPRESSED   0x0000003f   Data   RW         4331    .data               sensor_acquisition.o
    0x20000213   COMPRESSED   0x00000001   PAD
    0x20000214   COMPRESSED   0x00000004   Data   RW         4461    .data               acc_gyr.o
    0x20000218   COMPRESSED   0x00000004   Data   RW         4462    .data               acc_gyr.o
    0x2000021c   COMPRESSED   0x00000004   Data   RW         4545    .data               temp_hum.o
    0x20000220   COMPRESSED   0x0000000c   Data   RW         4615    .data               bat_monitor.o
    0x2000022c   COMPRESSED   0x00000004   Data   RW         4921    .data               main.o
    0x20000230   COMPRESSED   0x0000001c   Data   RW         5224    .data               ihm.o
    0x2000024c   COMPRESSED   0x00000004   Data   RW         5345    .data               gpio.o
    0x20000250   COMPRESSED   0x00000004   Data   RW         5888    .data               stm32l4xx_hal_dfsdm.o
    0x20000254   COMPRESSED   0x00000004   Data   RW         9544    .data               stm32l4xx_hal.o
    0x20000258   COMPRESSED   0x00000004   Data   RW        11365    .data               system_stm32l4xx.o
    0x2000025c   COMPRESSED   0x0000000c   Data   RW        11539    .data               ff.o
    0x20000268   COMPRESSED   0x00000008   Data   RW        12037    .data               app_x-cube-ble1.o
    0x20000270   COMPRESSED   0x00000008   Data   RW        12127    .data               ble_com.o
    0x20000278   COMPRESSED   0x00000010   Data   RW        12198    .data               gatt_db.o
    0x20000288   COMPRESSED   0x00000008   Data   RW        12278    .data               hci_tl_interface.o
    0x20000290   COMPRESSED   0x00000010   Data   RW        13130    .data               hci_tl.o
    0x200002a0   COMPRESSED   0x00000004   Data   RW        13486    .data               mc_w.l(rand.o)
    0x200002a4        -       0x000000cc   Zero   RW           34    .bss                bsp_driver_sd.o
    0x20000370        -       0x00001548   Zero   RW          463    .bss                fatfs.o
    0x200018b8        -       0x0000604c   Zero   RW          665    .bss                acquisition_audio.o
    0x20007904        -       0x00000350   Zero   RW          763    .bss                dfsdm.o
    0x20007c54        -       0x00000024   Zero   RW          843    .bss                rtc.o
    0x20007c78        -       0x00004080   Zero   RW          996    .bss                crypt.o
    0x2000bcf8        -       0x00000094   Zero   RW         1186    .bss                i2c_com.o
    0x2000bd8c        -       0x00000064   Zero   RW         1303    .bss                spi_bus.o
    0x2000bdf0        -       0x00000038   Zero   RW         1553    .bss                hts221_env_sensor.o
    0x2000be28        -       0x0000003c   Zero   RW         2467    .bss                lsm6dsl_motion_sensor.o
    0x2000be64        -       0x00000040   Zero   RW         4330    .bss                sensor_acquisition.o
    0x2000bea4        -       0x00000800   Zero   RW         4460    .bss                acc_gyr.o
    0x2000c6a4        -       0x0000005c   Zero   RW         4614    .bss                bat_monitor.o
    0x2000c700        -       0x00000010   Zero   RW         4730    .bss                stc3115_driver.o
    0x2000c710        -       0x0000005c   Zero   RW         5223    .bss                ihm.o
    0x2000c76c        -       0x00000020   Zero   RW         5887    .bss                stm32l4xx_hal_dfsdm.o
    0x2000c78c        -       0x000004a0   Zero   RW        11536    .bss                ff.o
    0x2000cc2c        -       0x00000010   Zero   RW        11924    .bss                ff_gen_drv.o
    0x2000cc3c        -       0x00000020   Zero   RW        12197    .bss                gatt_db.o
    0x2000cc5c        -       0x000000ff   Zero   RW        12277    .bss                hci_tl_interface.o
    0x2000cd5b   COMPRESSED   0x00000001   PAD
    0x2000cd5c        -       0x000002dc   Zero   RW        13129    .bss                hci_tl.o
    0x2000d038        -       0x00000400   Zero   RW            1    STACK               startup_stm32l4a6xx.o


==============================================================================

Image component sizes


      Code (inc. data)   RO Data    RW Data    ZI Data      Debug   Object Name

       278         20          0          8       2048       5581   acc_gyr.o
      1006         42          0         67      24652       6900   acquisition_audio.o
       370         44          0          8          0      10691   app_x-cube-ble1.o
       248         40          0         12         92       7794   bat_monitor.o
       356         66          0          8          0      35755   ble_com.o
       200          0          0          0          0      10828   ble_list.o
       756          0          0          0          0       7597   bluenrg_gap_aci.o
       620          0          0          0          0       6103   bluenrg_gatt_aci.o
       166          0          0          0          0       2485   bluenrg_hal_aci.o
        76          0          0          0          0       1492   bluenrg_utils_small.o
       568         58          0          0        204     977400   bsp_driver_sd.o
       184         22        942          0          0       2883   ccsbcs.o
       516         90          0         52      16512      11109   crypt.o
      1406         94          0          0        848       6299   dfsdm.o
       148         22          0          0          0       3841   diskio.o
      2762        262          0        120       5448      20805   fatfs.o
     11096        138        252         12       1184      69839   ff.o
       128          8          0          0         16       3051   ff_gen_drv.o
      1074         36          0         16         32       7132   gatt_db.o
       852        110          0          4          0       7057   gpio.o
       274          0          0          0          0       3164   hci_le.o
       712         46          0         16        732       6547   hci_tl.o
       582         64          0          8        255       5514   hci_tl_interface.o
      1038         36          0         56          0      19816   hts221.o
       582         72          0         32         56       8058   hts221_env_sensor.o
       430          0          0          0          0      12246   hts221_reg.o
       572         70          0          0        148       5793   i2c_com.o
      1392         78          0         28         92       9724   ihm.o
      2428        330          0         88          0      54404   lsm6dsl.o
       594         72          0         32         60      10245   lsm6dsl_motion_sensor.o
        56          8          0          0          0       2681   lsm6dsl_motion_sensor_ex.o
       670         32          0          0          0      12392   lsm6dsl_reg.o
       524         42          0          4          0       4280   main.o
       492         40          0          1          0       3550   pwr.o
       424         38          0          0         36       5284   rtc.o
       318         28         20         12          0      10353   sd_diskio.o
       690         52          0         63         64       8029   sensor_acquisition.o
       240         28          0          4        100       3145   spi_bus.o
        36          8        428          0       1024        852   startup_stm32l4a6xx.o
      1450         46          0          0         16      20022   stc3115_driver.o
        20          0          0          0          0       1359   stc3115_i2c.o
       134         18          0          4          0       4295   stm32l4xx_hal.o
       248         14          0          0          0      33044   stm32l4xx_hal_cortex.o
       414          6          0          0          0       2144   stm32l4xx_hal_cryp.o
       436          0          0          0          0       4557   stm32l4xx_hal_cryp_ex.o
      1104         52          0          4         32       9907   stm32l4xx_hal_dfsdm.o
       828         28          0          0          0       6031   stm32l4xx_hal_dma.o
        70          6          0          0          0       2711   stm32l4xx_hal_exti.o
       840         86          0          0          0       4700   stm32l4xx_hal_gpio.o
      4490        128          0          0          0      36078   stm32l4xx_hal_i2c.o
        44          6          0          0          0        862   stm32l4xx_hal_msp.o
        64         14          0          0          0       1784   stm32l4xx_hal_pwr.o
       156         30          0          0          0       1984   stm32l4xx_hal_pwr_ex.o
      1780         62          0          0          0       5874   stm32l4xx_hal_rcc.o
      1550         50          0          0          0       4649   stm32l4xx_hal_rcc_ex.o
      1052         34          0          0          0       9044   stm32l4xx_hal_rtc.o
        28          0          0          0          0       2895   stm32l4xx_hal_rtc_ex.o
      3026         44          0          0          0      16427   stm32l4xx_hal_sd.o
      1166          0          0          0          0       7258   stm32l4xx_hal_spi.o
      2128        232          0          0          0      15918   stm32l4xx_hal_tim.o
         6          0          0          0          0       2245   stm32l4xx_hal_tim_ex.o
       232         72          0          0          0      12555   stm32l4xx_it.o
      1628         46          0          0          0      23316   stm32l4xx_ll_sdmmc.o
        68         12         64          4          0       1265   system_stm32l4xx.o
       102         12          0          4          0       2824   temp_hum.o

    ----------------------------------------------------------------------
     58074       3094       1740        672      53652    1624467   Object Totals
         0          0         32          0          0          0   (incl. Generated)
       146          0          2          5          1          0   (incl. Padding)

    ----------------------------------------------------------------------

      Code (inc. data)   RO Data    RW Data    ZI Data      Debug   Library Member Name

        86          0          0          0          0          0   __dczerorl2.o
         0          0          0          0          0          0   entry.o
         0          0          0          0          0          0   entry10a.o
         0          0          0          0          0          0   entry11a.o
         8          4          0          0          0          0   entry2.o
         4          0          0          0          0          0   entry5.o
         0          0          0          0          0          0   entry7b.o
         0          0          0          0          0          0   entry8b.o
         8          4          0          0          0          0   entry9a.o
        30          0          0          0          0          0   handlers.o
        36          8          0          0          0         68   init.o
        30          0          0          0          0         68   llshl.o
        32          0          0          0          0         68   llushr.o
        36          0          0          0          0         68   memcpya.o
        36          0          0          0          0        108   memseta.o
       890         10          0          0          0        420   printf6.o
        36         10          0          4          0        136   rand.o
        14          0          0          0          0         68   strlen.o
        44          0          0          0          0         80   uidiv.o
       104          0          0          0          0         92   uldiv.o

    ----------------------------------------------------------------------
      1398         36          0          4          0       1176   Library Totals
         4          0          0          0          0          0   (incl. Padding)

    ----------------------------------------------------------------------

      Code (inc. data)   RO Data    RW Data    ZI Data      Debug   Library Name

      1394         36          0          4          0       1176   mc_w.l

    ----------------------------------------------------------------------
      1398         36          0          4          0       1176   Library Totals

    ----------------------------------------------------------------------

==============================================================================


      Code (inc. data)   RO Data    RW Data    ZI Data      Debug   

     59472       3130       1740        676      53652    1563407   Grand Totals
     59472       3130       1740        232      53652    1563407   ELF Image Totals (compressed)
     59472       3130       1740        232          0          0   ROM Totals

==============================================================================

    Total RO  Size (Code + RO Data)                61212 (  59.78kB)
    Total RW  Size (RW Data + ZI Data)             54328 (  53.05kB)
    Total ROM Size (Code + RO Data + RW Data)      61444 (  60.00kB)

==============================================================================

